08-10 16:39:55.602  2701  5253 V ActivityManager: Register receiver android.content.IntentFilter@dbc90db: null
08-10 16:39:55.602  2701  3148 I AppsFilter: interaction: PackageSetting{1e2e9d2 com.example.simplertask/10488} -> PackageSetting{da4d654 com.linkedin.android/10484} BLOCKED
08-10 16:39:55.602  2701  3148 I AppsFilter: interaction: PackageSetting{1e2e9d2 com.example.simplertask/10488} -> PackageSetting{17509fd com.miui.weather2/10266} BLOCKED
08-10 16:39:55.602  2701  3148 I AppsFilter: interaction: PackageSetting{1e2e9d2 com.example.simplertask/10488} -> PackageSetting{e8e86f2 ai.qwenlm.chat.android/10281} BLOCKED
08-10 16:39:55.602  2701  3148 I AppsFilter: interaction: PackageSetting{1e2e9d2 com.example.simplertask/10488} -> PackageSetting{f96143 org.mipay.android.manager/10125} BLOCKED
08-10 16:39:55.602  2701  3148 I AppsFilter: interaction: PackageSetting{1e2e9d2 com.example.simplertask/10488} -> PackageSetting{2a303c0 com.google.android.apps.healthdata/10138} BLOCKED
08-10 16:39:55.602  2701  3148 I AppsFilter: interaction: PackageSetting{1e2e9d2 com.example.simplertask/10488} -> PackageSetting{10d48f9 pl.dotsystems.fastlink/10352} BLOCKED
08-10 16:39:55.602  2701  3148 I AppsFilter: interaction: PackageSetting{1e2e9d2 com.example.simplertask/10488} -> PackageSetting{87a203e com.termux/10378} BLOCKED
08-10 16:39:55.602  2701  3148 I AppsFilter: interaction: PackageSetting{1e2e9d2 com.example.simplertask/10488} -> PackageSetting{66ee1e1 com.google.android.projection.gearhead/10128} BLOCKED
08-10 16:39:55.602  2701  3148 I AppsFilter: interaction: PackageSetting{1e2e9d2 com.example.simplertask/10488} -> PackageSetting{fc6ce9f com.xiaomi.scanner/10265} BLOCKED
08-10 16:39:55.602  2701  3148 I AppsFilter: interaction: PackageSetting{1e2e9d2 com.example.simplertask/10488} -> PackageSetting{8949bec com.google.android.apps.tasks/10384} BLOCKED
08-10 16:39:55.602  2701  3148 I AppsFilter: interaction: PackageSetting{1e2e9d2 com.example.simplertask/10488} -> PackageSetting{3507bb5 pl.solidexplorer2/10366} BLOCKED
08-10 16:39:55.602  2701  3148 I AppsFilter: interaction: PackageSetting{1e2e9d2 com.example.simplertask/10488} -> PackageSetting{1f4024a com.anthropic.claude/10478} BLOCKED
08-10 16:39:55.602  2701  3148 I AppsFilter: interaction: PackageSetting{1e2e9d2 com.example.simplertask/10488} -> PackageSetting{cd3b5bb com.afarintv/10316} BLOCKED
08-10 16:39:55.602  2701  3148 I AppsFilter: interaction: PackageSetting{1e2e9d2 com.example.simplertask/10488} -> PackageSetting{1258ad8 com.xiaomi.calendar/10156} BLOCKED
08-10 16:39:55.602  2701  3148 I AppsFilter: interaction: PackageSetting{1e2e9d2 com.example.simplertask/10488} -> PackageSetting{85a1e31 com.google.android.apps.chromecast.app/10294} BLOCKED
08-10 16:39:55.602  2701  3148 I AppsFilter: interaction: PackageSetting{1e2e9d2 com.example.simplertask/10488} -> PackageSetting{b0eeb06 com.android.cts.ctsshim/10252} BLOCKED
08-10 16:39:55.602  2701  3148 I AppsFilter: interaction: PackageSetting{1e2e9d2 com.example.simplertask/10488} -> PackageSetting{e77f916 com.google.android.apps.wearables.maestro.companion/10409} BLOCKED
08-10 16:39:55.602  2701  3148 I AppsFilter: interaction: PackageSetting{1e2e9d2 com.example.simplertask/10488} -> PackageSetting{3fdf297 com.kurdappdev.SarpechiTraffic/10431} BLOCKED
08-10 16:39:55.602  2701  3148 I AppsFilter: interaction: PackageSetting{1e2e9d2 com.example.simplertask/10488} -> PackageSetting{ad47c84 com.booking/10358} BLOCKED
08-10 16:39:55.604 16157 13097 I Icing   : Indexing done com.google.android.gms-apps
08-10 16:39:55.609  2701  3148 I AppsFilter: interaction: PackageSetting{1e2e9d2 com.example.simplertask/10488} -> PackageSetting{c869d8f com.miui.mediaeditor/10274} BLOCKED
08-10 16:39:55.609  2701  3148 I AppsFilter: interaction: PackageSetting{1e2e9d2 com.example.simplertask/10488} -> PackageSetting{4dcf98 com.miui.yellowpage/10152} BLOCKED
08-10 16:39:55.609  2701  3148 I AppsFilter: interaction: PackageSetting{1e2e9d2 com.example.simplertask/10488} -> PackageSetting{58b1d3c com.miui.accessibility/10466} BLOCKED
08-10 16:39:55.609  2701  3148 I AppsFilter: interaction: PackageSetting{1e2e9d2 com.example.simplertask/10488} -> PackageSetting{78beac5 com.mgismart.gccapp/10361} BLOCKED
08-10 16:39:55.609  2701  3148 I AppsFilter: interaction: PackageSetting{1e2e9d2 com.example.simplertask/10488} -> PackageSetting{1792c1a com.iptv.smart.smarters.player.stream.tv.live.watch.streaming.chromecast/10444} BLOCKED
08-10 16:39:55.609  2701  3148 I AppsFilter: interaction: PackageSetting{1e2e9d2 com.example.simplertask/10488} -> PackageSetting{acb7d50 com.android.microdroid.empty_payload/10473} BLOCKED
08-10 16:39:55.610  4083  4796 D TaskSnapshotCompatVV: getIsInvalidateFromTaskSnapshot, return, mTaskSnapshot=null, mTaskSnapshotClazz=null
08-10 16:39:55.616  6396 31475 I BluetoothAdapterService: getActiveDevices: A2dp device: null
08-10 16:39:55.618  6396 31475 I BluetoothAdapterService: getActiveDevices: Headset device: null
08-10 16:39:55.618  2701  3708 D BluetoothAdapter: getActiveDevices(profile= LE_AUDIO)
08-10 16:39:55.619  2701  2820 D WindowManager:  applyPostLayoutPolicyLw modify AppearanceRegion  win = Window{548a306 u0 Splash Screen com.example.simplertask} appearance = 0 win.getFrame() = Rect(0, 0 - 1220, 2712)
08-10 16:39:55.620  6396 31475 E BluetoothAdapterService: getActiveDevices: LeAudioService is null
08-10 16:39:55.621  1584 28552 D AudioFlingerImpl: setGameParameters keyvalue: bluetoothlowlatencystatus=false;foregroundUid=10488
08-10 16:39:55.621  1285 26697 D AHAL: AudioDeviceCustom: SetParameters bluetoothlowlatencystatus=false;foregroundUid=10488
08-10 16:39:55.621  1285 26697 D AHAL: AudioDevice: SetParameters: 1587: enter: bluetoothlowlatencystatus=false;foregroundUid=10488
08-10 16:39:55.621  1285 26697 D AHAL: AudioVoice: VoiceSetParameters: 154: Enter params: bluetoothlowlatencystatus=false;foregroundUid=10488
08-10 16:39:55.621  1285 26697 D AHAL: AudioVoice: VoiceSetParameters: 375: Exit ret: 0
08-10 16:39:55.621  1285 26697 D AHAL: FM: fm_set_parameters: 262: Enter
08-10 16:39:55.621  1285 26697 D AHAL: FM: fm_set_parameters: 320: exit
08-10 16:39:55.621  1285 26697 D AHAL: Loopback_karaoke: karaoke_set_parameters: Enter
08-10 16:39:55.621  1285 26697 D AHAL: Loopback_karaoke: karaoke_set_parameters: Exit
08-10 16:39:55.621  1285 26697 D AHAL: AudioDevice: SetParameters: 2472: exit: bluetoothlowlatencystatus=false;foregroundUid=10488
08-10 16:39:55.622  1285 26697 D r_submix: adev_set_parameters() kvpairs='bluetoothlowlatencystatus=false;foregroundUid=10488'
08-10 16:39:55.623  6396 31475 D BluetoothLatencyMode: ForegroundInfo{mForegroundPackageName='com.example.simplertask', mForegroundUid=10488, mForegroundPid=5421, mLastForegroundPackageName='com.mi.android.globallauncher', mLastForegroundUid=10154, mLastForegroundPid=4083, mMultiWindowForegroundPackageName='com.example.simplertask', mMultiWindowForegroundUid=10488, mFlags=1}
08-10 16:39:55.623  6396 31475 W LeAudioService: getLeAudioService(): service is NULL
08-10 16:39:55.623  6396 31475 D BluetoothLatencyMode: isWiredAudioHeadset.type: 1
08-10 16:39:55.623  6396 31475 D BluetoothLatencyMode: isWiredAudioHeadset.type: 2
08-10 16:39:55.623  6396 31475 D BluetoothLatencyMode: isWiredAudioHeadset.type: 18
08-10 16:39:55.623 24496 24529 I ProcessMonitor: onForegroundInfoChanged: ForegroundInfo{mForegroundPackageName='com.example.simplertask', mForegroundUid=10488, mForegroundPid=5421, mLastForegroundPackageName='com.mi.android.globallauncher', mLastForegroundUid=10154, mLastForegroundPid=4083, mMultiWindowForegroundPackageName='com.example.simplertask', mMultiWindowForegroundUid=10488, mFlags=1}
08-10 16:39:55.625  2701  3708 I NetworkBoostStatusManager: onForegroundInfoChanged uid:10488, isColdStart:true
08-10 16:39:55.625  2701  3708 I SLM-SRV-SLAToast: foreground uid:10488, isColdStart:true, isLinkTurboEnable:false
08-10 16:39:55.625  2701  3708 D NetworkSDKService: handleMultiAppsDualWifi isSet = false isEverOpened = false
08-10 16:39:55.626 31364 31384 I ProcessMonitor: onForegroundInfoChanged: ForegroundInfo{mForegroundPackageName='com.example.simplertask', mForegroundUid=10488, mForegroundPid=5421, mLastForegroundPackageName='com.mi.android.globallauncher', mLastForegroundUid=10154, mLastForegroundPid=4083, mMultiWindowForegroundPackageName='com.example.simplertask', mMultiWindowForegroundUid=10488, mFlags=1}
08-10 16:39:55.626 16553 16803 I HeavyPackageIdentify: foregroundPkg: com.example.simplertask
08-10 16:39:55.627 24496  5542 D v1      : myUserId = 0	currentUserId0
08-10 16:39:55.629 21126 21311 D AudioManager: getMode: mode=0, callApp=com.android.vending
08-10 16:39:55.630 21126 21311 D AudioManager: getMode: mode=0, callApp=com.android.vending
08-10 16:39:55.630 16533 18697 D DFS-AppUsageTracker: Fg changed, new=com.example.simplertask, but charging.
08-10 16:39:55.632  2701  5637 V ActivityManager: Register receiver android.content.IntentFilter@5f3e966: Intent { act=android.intent.action.BATTERY_CHANGED flg=0x60000010 (has extras) }
08-10 16:39:55.635 24496 24529 I GameBoosterService: onForegroundInfoChanged: Cur=com.example.simplertask	 last=com.mi.android.globallauncher
08-10 16:39:55.635 24496 24529 D GameBoosterService: onGameStatusChange foreground:ForegroundInfo{mForegroundPackageName='com.example.simplertask', mForegroundUid=10488, mForegroundPid=5421, mLastForegroundPackageName='com.mi.android.globallauncher', mLastForegroundUid=10154, mLastForegroundPid=4083, mMultiWindowForegroundPackageName='com.example.simplertask', mMultiWindowForegroundUid=10488, mFlags=1}
08-10 16:39:55.636 24496 24529 I VideoBoxUtils: isSupportVideoBox: true
08-10 16:39:55.637 24496 24529 I VideoToolBoxService: splitMode: onfalse
08-10 16:39:55.637  1590  1865 I BpBinder: onLastStrongRef automatically unlinking death recipients: 
08-10 16:39:55.637 16553 27190 I GID     : PKG: com.example.simplertask IG ? false
08-10 16:39:55.637 16553 27190 I GST     : forePkg: com.example.simplertask, preForePkg: com.mi.android.globallauncher
08-10 16:39:55.637  4474  5217 D NetworkMetricsController: processUidChangeEvent :activity is:ComponentInfo{com.example.simplertask/com.example.simplertask.MainActivity}
08-10 16:39:55.637  4474  5217 D NetworkMetricsController: processUidChangeEvent :mCurApptype is NONE tempAppType is NONE
08-10 16:39:55.641 21126 21296 D AudioManager: getMode: mode=0, callApp=com.android.vending
08-10 16:39:55.642 21126 21344 D AudioManager: getMode: mode=0, callApp=com.android.vending
08-10 16:39:55.642 21126 21296 D AudioManager: getMode: mode=0, callApp=com.android.vending
08-10 16:39:55.642 21126 21344 D AudioManager: getMode: mode=0, callApp=com.android.vending
08-10 16:39:55.645 16533 16579 D PerfEngineController: ForegroundInfo{mForegroundPackageName='com.example.simplertask', mForegroundUid=10488, mForegroundPid=5421, mLastForegroundPackageName='com.mi.android.globallauncher', mLastForegroundUid=10154, mLastForegroundPid=4083, mMultiWindowForegroundPackageName='com.example.simplertask', mMultiWindowForegroundUid=10488, mFlags=1}
08-10 16:39:55.647  4083  4083 I TransitionCallback: clear leash = Surface(name=TL_Surface(name=Task=18830#55045)/@0xb5aa784_transition-leash#55175)/@0x5fd20, key = ComponentInfo{com.example.simplertask/com.example.simplertask.MainActivity}#18830
08-10 16:39:55.647  4083  4083 I TransitionCallback: clear leash = Surface(name=TL_Surface(name=Task=1#47)/@0x565e997_transition-leash#55174)/@0x718c952, key = ComponentInfo{com.mi.android.globallauncher/com.miui.home.launcher.Launcher}#1
08-10 16:39:55.648  4083  4083 D TransitionCallback: mNoCacheLeashList recycle Surface(name=TL_Surface(name=WallpaperWindowToken{ab2bcd0 token=android.os.Binder@a9f1493}#99)/@0x8bbbb6d_transition-leash#55176)/@0x87830aa
08-10 16:39:55.649  4083  4083 D TransitionCallback: mNoCacheLeashList recycle Surface(name=TL_Surface(name=WallpaperWindowToken{a90ceb8 token=android.os.Binder@8541d1b}#98)/@0xe5833a2_transition-leash#55177)/@0xa025038
08-10 16:39:55.653 16553 27190 D VENUS_GAMEAI_START_GameAiStartManager: 高能时刻未安装
08-10 16:39:55.654  5421  5421 D AppCompatDelegate: Checking for metadata for AppLocalesMetadataHolderService : Service not found
08-10 16:39:55.662   862   862 E KeymasterUtils: rsp_header->status: -28
08-10 16:39:55.662   862   862 E KeyMasterHalDevice: abort_operation
08-10 16:39:55.662   862   862 E KeyMasterHalDevice: ret: -28
08-10 16:39:55.664 16553 27190 I GID     : PKG: com.mi.android.globallauncher IG ? false
08-10 16:39:55.665 21126 21344 I Finsky  : [49179] SCH: Scheduling phonesky job Id: 12-1, CT: 1754833194931, Constraints: [{ L: 15000, D: 86400000, C: CHARGING_NONE, I: IDLE_NONE, N: NET_ANY, B: BATTERY_ANY }]
08-10 16:39:55.667  1415  2011 I vendor.qti.hardware.display.composer-service: FrameNotifyProcess Sensor: notify citsensorservice to trigger cwb
08-10 16:39:55.668  2234  2234 I libcitsensorservice@2.0-impl: msg_transfer
08-10 16:39:55.669  2234  3554 I libsensor-parseRGB: request dump start
08-10 16:39:55.669  2234  3554 D vendor.xiaomi.sensor.citsensorservice@2.0-service: handle id:11 wxh:1280x2712 uwxuh:1220x2712 size: 10416128 fd:15 fd_meta:16 flags:0x4000228 usage:0x33  format:0x3 layer_count: 1 reserved_size = 0
08-10 16:39:55.669  1415  1877 D SDM     : HWCSession::SetCWBOutputBuffer: CWB config passed by cwb_client : tappoint 1  CWB_ROI : (817.000000 7.000000 978.000000 128.000000)
08-10 16:39:55.670  1415  3561 D SDM     : HWCSession::ProcessRequests: Successfully configured CWB buffer.
08-10 16:39:55.674  4083  4753 D TaskStackChangeListeners: onTaskDescriptionChanged =  taskId = 18832
08-10 16:39:55.677 16553 27190 I GID     : PKG: com.mi.android.globallauncher IG ? false
08-10 16:39:55.678  1415  3561 D SDM     : HWCSession::ProcessRequests: Pushing release fence in fenece wait queue.
08-10 16:39:55.679  1415  3561 D SDM     : HWCSession::ProcessRequests: Creating AsyncFenceWaits async thread.
08-10 16:39:55.679  1415  3561 D SDM     : HWCSession::ProcessRequests: Remove current CWB request from the pending request queue.
08-10 16:39:55.679  1415  3561 D SDM     : HWCSession::ProcessRequests: No pending cwb requests found in the queue.
08-10 16:39:55.681 21126 21311 I Finsky  : [49172] SCH: Scheduling 0 system job(s)
08-10 16:39:55.683   862   862 E KeymasterUtils: rsp_header->status: -28
08-10 16:39:55.683   862   862 E KeyMasterHalDevice: abort_operation
08-10 16:39:55.683   862   862 E KeyMasterHalDevice: ret: -28
08-10 16:39:55.684  1415  1570 D SDM     : HWDeviceDRM::SetupConcurrentWriteback: Tear down the Concurrent Writeback topology
08-10 16:39:55.684 15668 17426 D CloudUpdater: useSettingsCloud: false
08-10 16:39:55.685 21126 21311 I Finsky  : [49172] [ContentSync] finished, scheduled=true
08-10 16:39:55.685 24496 24529 D FreeformUtil: retrieveFirstNoFreeformRootTaskInfo: windowMode = 1
08-10 16:39:55.685 24496 24529 I VideoToolBoxService: not support vtb. skipExit : false
08-10 16:39:55.687 16553 27190 I GID     : PKG: com.example.simplertask IG ? false
08-10 16:39:55.689  4486  4486 D ArtChoreographerMonitor: invoke error.
08-10 16:39:55.694  1415  3562 D SDM     : HWCSession::NotifyCWBStatus: Notify the client about buffer status 0.
08-10 16:39:55.695  1415  3562 D SDM     : HWCSession::PerformFenceWaits: Remove current release fence from the pending fence wait queue.
08-10 16:39:55.695  1415  3562 D SDM     : HWCSession::PerformFenceWaits: CWB fence queue is empty. No pending release fence to wait on.
08-10 16:39:55.695  2234  3555 D libsensor-parseRGB: the value of RGB [768.717645 768.717645 768.717645 649.358235 649.358235 649.358235 1914.388413 1914.388413 1914.388413 165.124013 165.124013 165.124013]
08-10 16:39:55.697 16553 27190 I GID     : PKG: com.example.simplertask IG ? false
08-10 16:39:55.698 15668 17426 D IdProviderImpl: getVAID from com.lbe.security.miui
08-10 16:39:55.702   862   862 E KeymasterUtils: rsp_header->status: -28
08-10 16:39:55.702   862   862 E KeyMasterHalDevice: abort_operation
08-10 16:39:55.702   862   862 E KeyMasterHalDevice: ret: -28
08-10 16:39:55.722  1584 28552 D AudioFlingerImpl: setGameParameters keyvalue: gamebooster=false
08-10 16:39:55.723  1285 26697 D AHAL: AudioDeviceCustom: SetParameters gamebooster=false
08-10 16:39:55.723  1285 26697 D AHAL: AudioDevice: SetParameters: 1587: enter: gamebooster=false
08-10 16:39:55.723  1285 26697 D AHAL: AudioVoice: VoiceSetParameters: 154: Enter params: gamebooster=false
08-10 16:39:55.723  1285 26697 D AHAL: AudioVoice: VoiceSetParameters: 375: Exit ret: 0
08-10 16:39:55.723  1285 26697 D AHAL: FM: fm_set_parameters: 262: Enter
08-10 16:39:55.724  1285 26697 D AHAL: FM: fm_set_parameters: 320: exit
08-10 16:39:55.724  1285 26697 D AHAL: Loopback_karaoke: karaoke_set_parameters: Enter
08-10 16:39:55.724  1285 26697 D AHAL: Loopback_karaoke: karaoke_set_parameters: Exit
08-10 16:39:55.725  1285 26697 D AHAL: AudioDevice: SetParameters: 2472: exit: gamebooster=false
08-10 16:39:55.728   862   862 E KeymasterUtils: rsp_header->status: -28
08-10 16:39:55.728   862   862 E KeyMasterHalDevice: abort_operation
08-10 16:39:55.728   862   862 E KeyMasterHalDevice: ret: -28
08-10 16:39:55.733  1285 26697 D r_submix: adev_set_parameters() kvpairs='gamebooster=false'
08-10 16:39:55.753   862   862 E KeymasterUtils: rsp_header->status: -28
08-10 16:39:55.754   862   862 E KeyMasterHalDevice: abort_operation
08-10 16:39:55.754   862   862 E KeyMasterHalDevice: ret: -28
08-10 16:39:55.768  2234  3560 I libsensor-displayalgo: the value of channelCali C:281.307865,R:145.036013,G:109.710446,B:63.312565,scales C:0.909244,R:0.954885,G:0.875467,B:0.808810, hsv: -1.000000, ScreenId: 1
08-10 16:39:55.768  2234  3560 E libsensor-displayalgo: value of coefs 5,850.073000,4.965174,-2.685090,1.640057,-4.685160, line 101
08-10 16:39:55.768  2234  3560 D libsensor-displayalgo: brightness:556.000000,R:768.717645,G:768.717645,B:768.717645,EVENT C:2402.581543,R:1187.540283,G:1140.038696,B:630.021362, lux: 103.528740
08-10 16:39:55.774  4486  4486 D ArtChoreographerMonitor: invoke error.
08-10 16:39:55.782   862   862 E KeymasterUtils: rsp_header->status: -28
08-10 16:39:55.782   862   862 E KeyMasterHalDevice: abort_operation
08-10 16:39:55.782   862   862 E KeyMasterHalDevice: ret: -28
08-10 16:39:55.814   862   862 E KeymasterUtils: rsp_header->status: -28
08-10 16:39:55.814   862   862 E KeyMasterHalDevice: abort_operation
08-10 16:39:55.814   862   862 E KeyMasterHalDevice: ret: -28
08-10 16:39:55.836   862   862 E KeymasterUtils: rsp_header->status: -28
08-10 16:39:55.837   862   862 E KeyMasterHalDevice: abort_operation
08-10 16:39:55.837   862   862 E KeyMasterHalDevice: ret: -28
08-10 16:39:55.848  1428  5719 E ANDR-PERF-LM: VmRssMeter:: start() 358: Could not find pid, can not collect vmrss data
08-10 16:39:55.867   862   862 E KeymasterUtils: rsp_header->status: -28
08-10 16:39:55.868   862   862 E KeyMasterHalDevice: abort_operation
08-10 16:39:55.868   862   862 E KeyMasterHalDevice: ret: -28
08-10 16:39:55.872  5421  5421 W libc    : Access denied finding property "ro.vendor.df.effect.conflict"
08-10 16:39:55.865  5421  5421 W ple.simplertask: type=1400 audit(0.0:271981): avc:  denied  { read } for  name="u:object_r:vendor_displayfeature_prop:s0" dev="tmpfs" ino=461 scontext=u:r:untrusted_app:s0:c232,c257,c512,c768 tcontext=u:object_r:vendor_displayfeature_prop:s0 tclass=file permissive=0 app=com.example.simplertask
08-10 16:39:55.877  5421  5421 D ScrollerOptimizationManager: registerConfigChangedListener
08-10 16:39:55.873  5421  5421 W ple.simplertask: type=1400 audit(0.0:271982): avc:  denied  { read } for  name="u:object_r:vendor_displayfeature_prop:s0" dev="tmpfs" ino=461 scontext=u:r:untrusted_app:s0:c232,c257,c512,c768 tcontext=u:object_r:vendor_displayfeature_prop:s0 tclass=file permissive=0 app=com.example.simplertask
08-10 16:39:55.878  5421  5421 W libc    : Access denied finding property "ro.vendor.mi_sf.new_dynamic_refresh_rate"
08-10 16:39:55.878  5421  5421 D SplineOverScroller: dynamic params is false
08-10 16:39:55.879  5421  5421 D ScrollerOptimizationManager: registerConfigChangedListener
08-10 16:39:55.899   862   862 E KeymasterUtils: rsp_header->status: -28
08-10 16:39:55.899   862   862 E KeyMasterHalDevice: abort_operation
08-10 16:39:55.899   862   862 E KeyMasterHalDevice: ret: -28
08-10 16:39:55.921  1428  5720 E ANDR-PERF-LM: VmRssMeter:: start() 358: Could not find pid, can not collect vmrss data
08-10 16:39:55.921  1428  5720 E ANDR-PERF-LM: AdaptiveLaunch: writeToDataBase() 64: Meter aborted or could not get meter data for this run
08-10 16:39:55.923   862   862 E KeymasterUtils: rsp_header->status: -28
08-10 16:39:55.923   862   862 E KeyMasterHalDevice: abort_operation
08-10 16:39:55.923   862   862 E KeyMasterHalDevice: ret: -28
08-10 16:39:55.932 16533 16857 D MilletUtils: setUidState, uid = 10488 allow = true
08-10 16:39:55.933  2701  4730 D MiSensorServiceImpl: PowerKeeperSensor resume iUid:10488 but app has not in Controlled
08-10 16:39:55.945  4486  4486 D ArtChoreographerMonitor: invoke error.
08-10 16:39:55.947   862   862 E KeymasterUtils: rsp_header->status: -28
08-10 16:39:55.947   862   862 E KeyMasterHalDevice: abort_operation
08-10 16:39:55.947   862   862 E KeyMasterHalDevice: ret: -28
08-10 16:39:55.984  1415  2011 I vendor.qti.hardware.display.composer-service: FrameNotifyProcess Sensor: notify citsensorservice to trigger cwb
08-10 16:39:55.985  2234  3576 I libcitsensorservice@2.0-impl: msg_transfer
08-10 16:39:55.985  2234  3554 I libsensor-parseRGB: request dump start
08-10 16:39:55.985  2234  3554 D vendor.xiaomi.sensor.citsensorservice@2.0-service: handle id:11 wxh:1280x2712 uwxuh:1220x2712 size: 10416128 fd:15 fd_meta:16 flags:0x4000228 usage:0x33  format:0x3 layer_count: 1 reserved_size = 0
08-10 16:39:55.985  1415  1877 D SDM     : HWCSession::SetCWBOutputBuffer: CWB config passed by cwb_client : tappoint 1  CWB_ROI : (817.000000 7.000000 978.000000 128.000000)
08-10 16:39:55.987  1415  3561 D SDM     : HWCSession::ProcessRequests: Successfully configured CWB buffer.
08-10 16:39:55.995  2701  4310 D SLM-SRV-SLAService: checktemp temperature = 40917 temperature_average = 40649 isPerformanceMode = false thermal_enable_slm = true
08-10 16:39:55.995 26868 26923 I MiPicks-RetrofitRequest: callEnd : https://sg.global.market.xiaomi.com/apm/intl/updateinfo/v2
08-10 16:39:55.996 26868 26923 W MiPicks-DataParser: [AppList] JSON : list is null
08-10 16:39:55.996 26868 26923 W MiPicks-DataParser: No value for listApp
08-10 16:39:55.996 26868 26923 I MiPicks-DataParser: [InvalidPackageList] JSON : invalidSystemPackageList list is null
08-10 16:39:55.996  1415  3561 D SDM     : HWCSession::ProcessRequests: Pushing release fence in fenece wait queue.
08-10 16:39:55.996  1415  3561 D SDM     : HWCSession::ProcessRequests: Creating AsyncFenceWaits async thread.
08-10 16:39:55.996  1415  3561 D SDM     : HWCSession::ProcessRequests: Remove current CWB request from the pending request queue.
08-10 16:39:55.996  1415  3561 D SDM     : HWCSession::ProcessRequests: No pending cwb requests found in the queue.
08-10 16:39:56.001  1415  1570 D SDM     : HWDeviceDRM::SetupConcurrentWriteback: Tear down the Concurrent Writeback topology
08-10 16:39:56.012  1415  3562 D SDM     : HWCSession::NotifyCWBStatus: Notify the client about buffer status 0.
08-10 16:39:56.012  1415  3562 D SDM     : HWCSession::PerformFenceWaits: Remove current release fence from the pending fence wait queue.
08-10 16:39:56.012  1415  3562 D SDM     : HWCSession::PerformFenceWaits: CWB fence queue is empty. No pending release fence to wait on.
08-10 16:39:56.013  2234  3555 D libsensor-parseRGB: the value of RGB [768.713909 768.713909 768.713909 649.311006 649.311006 649.311006 1913.608207 1913.608207 1913.608207 165.064996 165.064996 165.064996]
08-10 16:39:56.041  4137  7020 W HWUI    : Surface doesn't have any previously queued frames, nothing to readback from
08-10 16:39:56.048  5421  5421 D ScrollerOptimizationManager: registerConfigChangedListener
08-10 16:39:56.049  4137  7020 W HWUI    : Surface doesn't have any previously queued frames, nothing to readback from
08-10 16:39:56.067  2234  3560 I libsensor-displayalgo: the value of channelCali C:281.207326,R:144.996911,G:109.679625,B:63.289005,scales C:0.909244,R:0.954885,G:0.875467,B:0.808810, hsv: -1.000000, ScreenId: 1
08-10 16:39:56.068  2234  3560 E libsensor-displayalgo: value of coefs 5,850.073000,4.965174,-2.685090,1.640057,-4.685160, line 101
08-10 16:39:56.068  2234  3560 D libsensor-displayalgo: brightness:556.000000,R:768.713909,G:768.713909,B:768.713909,EVENT C:2400.081543,R:1185.040283,G:1137.538574,B:632.521484, lux: 103.235985
08-10 16:39:56.106  4275  4388 E Tethering: [api31.BpfCoordinatorShimImpl] ERROR Could not insert entry (iif: 35, dstMac: 3e:57:b5:b8:02:55, l4proto: 6, src4: /192.168.239.70, dst4: /13.107.246.63, srcPort: 42384, dstPort: 443, oif: 20, ethDstMac: 00:00:00:00:00:00, ethSrcMac: 00:00:00:00:00:00, ethProto: 2048, pmtu: 1500, src46: /10.150.168.209, dst46: /13.107.246.63, srcPort: 42384, dstPort: 443, lastUsed: 0): android.system.ErrnoException: nativeWriteToMapEntry failed: E2BIG (Argument list too long)
08-10 16:39:56.107  4275  4388 E Tethering: [api31.BpfCoordinatorShimImpl] ERROR Could not insert entry (iif: 20, dstMac: 00:00:00:00:00:00, l4proto: 6, src4: /13.107.246.63, dst4: /10.150.168.209, srcPort: 443, dstPort: 42384, oif: 35, ethDstMac: 58:1c:f8:fb:e7:f8, ethSrcMac: 3e:57:b5:b8:02:55, ethProto: 2048, pmtu: 1500, src46: /13.107.246.63, dst46: /192.168.239.70, srcPort: 443, dstPort: 42384, lastUsed: 0): android.system.ErrnoException: nativeWriteToMapEntry failed: E2BIG (Argument list too long)
08-10 16:39:56.108  5421  5421 D ScrollerOptimizationManager: registerConfigChangedListener
08-10 16:39:56.150  1590  1590 D MI-SF   : isTpIdleScene ,mAverageFrameRate is 60, 0 
08-10 16:39:56.159  5421  5421 D ScrollerOptimizationManager: registerConfigChangedListener
08-10 16:39:56.258  4275  4388 E Tethering: [api31.BpfCoordinatorShimImpl] ERROR Could not insert entry (iif: 35, dstMac: 3e:57:b5:b8:02:55, l4proto: 6, src4: /192.168.239.70, dst4: /13.107.246.63, srcPort: 42384, dstPort: 443, oif: 20, ethDstMac: 00:00:00:00:00:00, ethSrcMac: 00:00:00:00:00:00, ethProto: 2048, pmtu: 1500, src46: /10.150.168.209, dst46: /13.107.246.63, srcPort: 42384, dstPort: 443, lastUsed: 0): android.system.ErrnoException: nativeWriteToMapEntry failed: E2BIG (Argument list too long)
08-10 16:39:56.259  4275  4388 E Tethering: [api31.BpfCoordinatorShimImpl] ERROR Could not insert entry (iif: 20, dstMac: 00:00:00:00:00:00, l4proto: 6, src4: /13.107.246.63, dst4: /10.150.168.209, srcPort: 443, dstPort: 42384, oif: 35, ethDstMac: 58:1c:f8:fb:e7:f8, ethSrcMac: 3e:57:b5:b8:02:55, ethProto: 2048, pmtu: 1500, src46: /13.107.246.63, dst46: /192.168.239.70, srcPort: 443, dstPort: 42384, lastUsed: 0): android.system.ErrnoException: nativeWriteToMapEntry failed: E2BIG (Argument list too long)
08-10 16:39:56.260  4275  4388 E Tethering: [api31.BpfCoordinatorShimImpl] ERROR Could not insert entry (iif: 35, dstMac: 3e:57:b5:b8:02:55, l4proto: 6, src4: /192.168.239.70, dst4: /13.107.246.63, srcPort: 42384, dstPort: 443, oif: 20, ethDstMac: 00:00:00:00:00:00, ethSrcMac: 00:00:00:00:00:00, ethProto: 2048, pmtu: 1500, src46: /10.150.168.209, dst46: /13.107.246.63, srcPort: 42384, dstPort: 443, lastUsed: 0): android.system.ErrnoException: nativeWriteToMapEntry failed: E2BIG (Argument list too long)
08-10 16:39:56.260  4275  4388 E Tethering: [api31.BpfCoordinatorShimImpl] ERROR Could not insert entry (iif: 20, dstMac: 00:00:00:00:00:00, l4proto: 6, src4: /13.107.246.63, dst4: /10.150.168.209, srcPort: 443, dstPort: 42384, oif: 35, ethDstMac: 58:1c:f8:fb:e7:f8, ethSrcMac: 3e:57:b5:b8:02:55, ethProto: 2048, pmtu: 1500, src46: /13.107.246.63, dst46: /192.168.239.70, srcPort: 443, dstPort: 42384, lastUsed: 0): android.system.ErrnoException: nativeWriteToMapEntry failed: E2BIG (Argument list too long)
08-10 16:39:56.266  2701  2793 I system_server: Background concurrent mark compact GC freed 65MB AllocSpace bytes, 364(8344KB) LOS objects, 40% free, 141MB/237MB, paused 2.688ms,10.609ms total 1.450s
08-10 16:39:56.276  2701  2795 W system_server: ApkAssets: Deleting an ApkAssets object '<empty> and /data/app/~~7hDGWKM0mSKZ0Bp8_APBBQ==/com.google.android.gms-nSc_vv7WfVbUQp0xkF7B7Q==/base.apk' with 1 weak references
08-10 16:39:56.276  2701  2795 W system_server: ApkAssets: Deleting an ApkAssets object '<empty> and /data/app/~~7hDGWKM0mSKZ0Bp8_APBBQ==/com.google.android.gms-nSc_vv7WfVbUQp0xkF7B7Q==/split_AdsDynamite_installtime.apk' with 1 weak references
08-10 16:39:56.276  2701  2795 W system_server: ApkAssets: Deleting an ApkAssets object '<empty> and /data/app/~~7hDGWKM0mSKZ0Bp8_APBBQ==/com.google.android.gms-nSc_vv7WfVbUQp0xkF7B7Q==/split_CronetDynamite_installtime.apk' with 1 weak references
08-10 16:39:56.276  2701  2795 W system_server: ApkAssets: Deleting an ApkAssets object '<empty> and /data/app/~~7hDGWKM0mSKZ0Bp8_APBBQ==/com.google.android.gms-nSc_vv7WfVbUQp0xkF7B7Q==/split_DynamiteLoader_installtime.apk' with 1 weak references
08-10 16:39:56.276  2701  2795 W system_server: ApkAssets: Deleting an ApkAssets object '<empty> and /data/app/~~7hDGWKM0mSKZ0Bp8_APBBQ==/com.google.android.gms-nSc_vv7WfVbUQp0xkF7B7Q==/split_DynamiteModulesA_installtime.apk' with 1 weak references
08-10 16:39:56.276  2701  2795 W system_server: ApkAssets: Deleting an ApkAssets object '<empty> and /data/app/~~7hDGWKM0mSKZ0Bp8_APBBQ==/com.google.android.gms-nSc_vv7WfVbUQp0xkF7B7Q==/split_DynamiteModulesC_installtime.apk' with 1 weak references
08-10 16:39:56.277  2701  2795 W system_server: ApkAssets: Deleting an ApkAssets object '<empty> and /data/app/~~7hDGWKM0mSKZ0Bp8_APBBQ==/com.google.android.gms-nSc_vv7WfVbUQp0xkF7B7Q==/split_GoogleCertificates_installtime.apk' with 1 weak references
08-10 16:39:56.277  2701  2795 W system_server: ApkAssets: Deleting an ApkAssets object '<empty> and /data/app/~~7hDGWKM0mSKZ0Bp8_APBBQ==/com.google.android.gms-nSc_vv7WfVbUQp0xkF7B7Q==/split_MapsDynamite_installtime.apk' with 1 weak references
08-10 16:39:56.277  2701  2795 W system_server: ApkAssets: Deleting an ApkAssets object '<empty> and /data/app/~~7hDGWKM0mSKZ0Bp8_APBBQ==/com.google.android.gms-nSc_vv7WfVbUQp0xkF7B7Q==/split_MeasurementDynamite_installtime.apk' with 1 weak references
08-10 16:39:56.277  2701  2795 W system_server: ApkAssets: Deleting an ApkAssets object '<empty> and /data/app/~~7hDGWKM0mSKZ0Bp8_APBBQ==/com.google.android.gms-nSc_vv7WfVbUQp0xkF7B7Q==/split_config.en.apk' with 1 weak references
08-10 16:39:56.277  2701  2795 W system_server: ApkAssets: Deleting an ApkAssets object '<empty> and /data/app/~~7hDGWKM0mSKZ0Bp8_APBBQ==/com.google.android.gms-nSc_vv7WfVbUQp0xkF7B7Q==/split_config.xxhdpi.apk' with 1 weak references
08-10 16:39:56.277  2701  2795 W System  : A resource failed to call close. 
08-10 16:39:56.278  2701  2795 W System  : A resource failed to call release. 
08-10 16:39:56.278  2701  2795 W System  : A resource failed to call release. 
08-10 16:39:56.278  2701  2795 W system_server: ApkAssets: Deleting an ApkAssets object '<empty> and /data/app/~~fbcpbrwyeV5LFx1bIE-P8A==/com.google.android.inputmethod.latin-8gCL2nhrWRzqIZpID_Hnbw==/base.apk' with 1 weak references
08-10 16:39:56.279  2701  2795 W system_server: ApkAssets: Deleting an ApkAssets object '<empty> and /data/app/~~fbcpbrwyeV5LFx1bIE-P8A==/com.google.android.inputmethod.latin-8gCL2nhrWRzqIZpID_Hnbw==/split_brella_feature_split.apk' with 1 weak references
08-10 16:39:56.279  2701  2795 W system_server: ApkAssets: Deleting an ApkAssets object '<empty> and /data/app/~~fbcpbrwyeV5LFx1bIE-P8A==/com.google.android.inputmethod.latin-8gCL2nhrWRzqIZpID_Hnbw==/split_config.xxhdpi.apk' with 1 weak references
08-10 16:39:56.279  2701  2795 W system_server: ApkAssets: Deleting an ApkAssets object '<empty> and /data/app/~~fbcpbrwyeV5LFx1bIE-P8A==/com.google.android.inputmethod.latin-8gCL2nhrWRzqIZpID_Hnbw==/split_dictation_feature_split.apk' with 1 weak references
08-10 16:39:56.279  2701  2795 W system_server: ApkAssets: Deleting an ApkAssets object '<empty> and /data/app/~~fbcpbrwyeV5LFx1bIE-P8A==/com.google.android.inputmethod.latin-8gCL2nhrWRzqIZpID_Hnbw==/split_tenoranimation_feature_split.apk' with 1 weak references
08-10 16:39:56.279  2701  2795 W system_server: ApkAssets: Deleting an ApkAssets object '<empty> and /data/app/~~wG_83oyac6PzL7TDrizhVA==/com.google.android.tts-m_G6cc2vEw8MwodbNORtCg==/base.apk' with 1 weak references
08-10 16:39:56.279  2701  2795 W system_server: ApkAssets: Deleting an ApkAssets object '<empty> and /data/app/~~wG_83oyac6PzL7TDrizhVA==/com.google.android.tts-m_G6cc2vEw8MwodbNORtCg==/split_config.arm64_v8a.apk' with 1 weak references
08-10 16:39:56.279  2701  2795 W system_server: ApkAssets: Deleting an ApkAssets object '<empty> and /data/app/~~wG_83oyac6PzL7TDrizhVA==/com.google.android.tts-m_G6cc2vEw8MwodbNORtCg==/split_config.en.apk' with 1 weak references
08-10 16:39:56.279  2701  2795 W system_server: ApkAssets: Deleting an ApkAssets object '<empty> and /data/app/~~wG_83oyac6PzL7TDrizhVA==/com.google.android.tts-m_G6cc2vEw8MwodbNORtCg==/split_config.xxhdpi.apk' with 1 weak references
08-10 16:39:56.279  2701  2795 W system_server: ApkAssets: Deleting an ApkAssets object '<empty> and /data/app/~~QP7bkwbIDyyNrAhlpq65sg==/com.touchtype.swiftkey-dQtH4rQkLeayYezBygRLdQ==/base.apk' with 1 weak references
08-10 16:39:56.280  2701  2795 W system_server: ApkAssets: Deleting an ApkAssets object '<empty> and /data/app/~~QP7bkwbIDyyNrAhlpq65sg==/com.touchtype.swiftkey-dQtH4rQkLeayYezBygRLdQ==/split_FederatedComputationCore.apk' with 1 weak references
08-10 16:39:56.280  2701  2795 W system_server: ApkAssets: Deleting an ApkAssets object '<empty> and /data/app/~~QP7bkwbIDyyNrAhlpq65sg==/com.touchtype.swiftkey-dQtH4rQkLeayYezBygRLdQ==/split_LanguagesBundled.apk' with 1 weak references
08-10 16:39:56.280  2701  2795 W system_server: ApkAssets: Deleting an ApkAssets object '<empty> and /data/app/~~QP7bkwbIDyyNrAhlpq65sg==/com.touchtype.swiftkey-dQtH4rQkLeayYezBygRLdQ==/split_LanguagesBundled.config.en.apk' with 1 weak references
08-10 16:39:56.280  2701  2795 W system_server: ApkAssets: Deleting an ApkAssets object '<empty> and /data/app/~~QP7bkwbIDyyNrAhlpq65sg==/com.touchtype.swiftkey-dQtH4rQkLeayYezBygRLdQ==/split_config.arm64_v8a.apk' with 1 weak references
08-10 16:39:56.280  2701  2795 W system_server: ApkAssets: Deleting an ApkAssets object '<empty> and /data/app/~~QP7bkwbIDyyNrAhlpq65sg==/com.touchtype.swiftkey-dQtH4rQkLeayYezBygRLdQ==/split_config.en.apk' with 1 weak references
08-10 16:39:56.280  2701  2795 W system_server: ApkAssets: Deleting an ApkAssets object '<empty> and /data/app/~~QP7bkwbIDyyNrAhlpq65sg==/com.touchtype.swiftkey-dQtH4rQkLeayYezBygRLdQ==/split_config.xxhdpi.apk' with 1 weak references
08-10 16:39:56.280  2701  2795 W System  : A resource failed to call release. 
08-10 16:39:56.280  2701  2795 W System  : A resource failed to call release. 
08-10 16:39:56.280  2701  2795 W System  : A resource failed to call release. 
08-10 16:39:56.280  2701  2795 W System  : A resource failed to call release. 
08-10 16:39:56.280  2701  2795 W System  : A resource failed to call release. 
08-10 16:39:56.280  2701  2795 W system_server: ApkAssets: Deleting an ApkAssets object '<empty> and /system_ext/priv-app/Settings/Settings.apk' with 1 weak references
08-10 16:39:56.281  2701  2795 W system_server: ApkAssets: Deleting an ApkAssets object '/product/overlay/GmsSettingsOverlay.apk' with 1 weak references
08-10 16:39:56.281  2701  2795 W system_server: ApkAssets: Deleting an ApkAssets object '/product/overlay/SettingsResCommon_Sys.apk' with 1 weak references
08-10 16:39:56.281  2701  2795 W system_server: ApkAssets: Deleting an ApkAssets object '/product/overlay/SettingsRroDeviceTypeOverlay.apk' with 1 weak references
08-10 16:39:56.281  2701  2795 W system_server: ApkAssets: Deleting an ApkAssets object '/product/overlay/SettingsRroDeviceConfigOverlay.apk' with 1 weak references
08-10 16:39:56.281  2701  2795 W system_server: ApkAssets: Deleting an ApkAssets object '/product/overlay/SettingsRroDeviceHideStatusBarOverlay.apk' with 1 weak references
08-10 16:39:56.281  2701  2795 W system_server: ApkAssets: Deleting an ApkAssets object '<empty> and /system_ext/app/AccessibilityMenu/AccessibilityMenu.apk' with 1 weak references
08-10 16:39:56.281  2701  2795 W system_server: ApkAssets: Deleting an ApkAssets object '<empty> and /system/priv-app/InputDevices/InputDevices.apk' with 1 weak references
08-10 16:39:56.282  2701  2795 W system_server: ApkAssets: Deleting an ApkAssets object '<empty> and /product/app/SecurityCoreAdd/SecurityCoreAdd.apk' with 1 weak references
08-10 16:39:56.282  2701  2795 W system_server: ApkAssets: Deleting an ApkAssets object '/product/overlay/MiuiSecurityCoreOverlay.apk' with 1 weak references
08-10 16:39:56.282  2701  2795 W system_server: ApkAssets: Deleting an ApkAssets object '<empty> and /data/app/~~fQLkLmBHtwfm2svEVW4EuA==/com.google.android.accessibility.switchaccess-eKE2wT2aKV6K8NEH-kPDXw==/base.apk' with 1 weak references
08-10 16:39:56.282  2701  2795 W system_server: ApkAssets: Deleting an ApkAssets object '<empty> and /data/app/~~fQLkLmBHtwfm2svEVW4EuA==/com.google.android.accessibility.switchaccess-eKE2wT2aKV6K8NEH-kPDXw==/split_config.arm64_v8a.apk' with 1 weak references
08-10 16:39:56.283  2701  2795 W system_server: ApkAssets: Deleting an ApkAssets object '<empty> and /data/app/~~2UJBB5oTcQj1X2rbk3PFgw==/com.google.android.marvin.talkback-Wh6gmS-LSmFn6TKCbqxQ2g==/base.apk' with 1 weak references
08-10 16:39:56.283  2701  2795 W system_server: ApkAssets: Deleting an ApkAssets object '<empty> and /data/app/~~2UJBB5oTcQj1X2rbk3PFgw==/com.google.android.marvin.talkback-Wh6gmS-LSmFn6TKCbqxQ2g==/split_config.arm64_v8a.apk' with 1 weak references
08-10 16:39:56.283  2701  2795 W system_server: ApkAssets: Deleting an ApkAssets object '<empty> and /data/app/~~mONPVVxQnc2ge2J46-J-lw==/com.microsoft.appmanager-CnOuCt18-btbn5vn0N70Ww==/base.apk' with 1 weak references
08-10 16:39:56.284  2701  2795 W system_server: ApkAssets: Deleting an ApkAssets object '<empty> and /data/app/~~jK38n9SbTpUd4qf4z2IL1g==/com.xiaomi.aicr-vaT9NENe8iq2lTDECIAGIw==/base.apk' with 1 weak references
08-10 16:39:56.284  2701  2795 W system_server: ApkAssets: Deleting an ApkAssets object '<empty> and /data/app/~~Torv_UvszNgwZSNwapeGwg==/com.lgeha.nuts-PayAA8N8TyGqEDiFiHLdhg==/base.apk' with 1 weak references
08-10 16:39:56.285  2701  2795 W system_server: ApkAssets: Deleting an ApkAssets object '<empty> and /data/app/~~Torv_UvszNgwZSNwapeGwg==/com.lgeha.nuts-PayAA8N8TyGqEDiFiHLdhg==/split_config.arm64_v8a.apk' with 1 weak references
08-10 16:39:56.285  2701  2795 W system_server: ApkAssets: Deleting an ApkAssets object '<empty> and /data/app/~~Torv_UvszNgwZSNwapeGwg==/com.lgeha.nuts-PayAA8N8TyGqEDiFiHLdhg==/split_config.xxhdpi.apk' with 1 weak references
08-10 16:39:56.285  1415  2011 I vendor.qti.hardware.display.composer-service: FrameNotifyProcess Sensor: notify citsensorservice to trigger cwb
08-10 16:39:56.285  2701  2795 W system_server: ApkAssets: Deleting an ApkAssets object '<empty> and /data/app/~~Hdda4S15wIMmq5qHFIW56A==/com.google.android.accessibility.soundamplifier-DV2M03RrhDOxokjKnP3jsA==/base.apk' with 1 weak references
08-10 16:39:56.285  2701  2795 W system_server: ApkAssets: Deleting an ApkAssets object '<empty> and /data/app/~~Hdda4S15wIMmq5qHFIW56A==/com.google.android.accessibility.soundamplifier-DV2M03RrhDOxokjKnP3jsA==/split_config.arm64_v8a.apk' with 1 weak references
08-10 16:39:56.285  2234  3592 I libcitsensorservice@2.0-impl: msg_transfer
08-10 16:39:56.285  2701  2795 W system_server: ApkAssets: Deleting an ApkAssets object '<empty> and /data/app/~~PcopalUeLqDjYzgtfBLVRQ==/com.google.android.apps.tachyon-aPrwDbOmYX8vpxbXPhxw-g==/base.apk' with 1 weak references
08-10 16:39:56.286  2234  3554 I libsensor-parseRGB: request dump start
08-10 16:39:56.286  2234  3554 D vendor.xiaomi.sensor.citsensorservice@2.0-service: handle id:11 wxh:1280x2712 uwxuh:1220x2712 size: 10416128 fd:15 fd_meta:16 flags:0x4000228 usage:0x33  format:0x3 layer_count: 1 reserved_size = 0
08-10 16:39:56.286  2701  2795 W system_server: ApkAssets: Deleting an ApkAssets object '<empty> and /data/app/~~PcopalUeLqDjYzgtfBLVRQ==/com.google.android.apps.tachyon-aPrwDbOmYX8vpxbXPhxw-g==/split_config.arm64_v8a.apk' with 1 weak references
08-10 16:39:56.286  1415  1877 D SDM     : HWCSession::SetCWBOutputBuffer: CWB config passed by cwb_client : tappoint 1  CWB_ROI : (817.000000 7.000000 978.000000 128.000000)
08-10 16:39:56.286  2701  2795 W system_server: ApkAssets: Deleting an ApkAssets object '<empty> and /data/app/~~PcopalUeLqDjYzgtfBLVRQ==/com.google.android.apps.tachyon-aPrwDbOmYX8vpxbXPhxw-g==/split_config.en.apk' with 1 weak references
08-10 16:39:56.286  2701  2795 W system_server: ApkAssets: Deleting an ApkAssets object '<empty> and /data/app/~~PcopalUeLqDjYzgtfBLVRQ==/com.google.android.apps.tachyon-aPrwDbOmYX8vpxbXPhxw-g==/split_config.xxhdpi.apk' with 1 weak references
08-10 16:39:56.286  2701  2795 W system_server: ApkAssets: Deleting an ApkAssets object '<empty> and /data/app/~~NBI8cwMfdojU1Qq8HDiKXQ==/com.google.android.gm-kANeULCOk1kZjsG6ET9vfg==/base.apk' with 1 weak references
08-10 16:39:56.286  2701  2795 W system_server: ApkAssets: Deleting an ApkAssets object '<empty> and /data/app/~~NBI8cwMfdojU1Qq8HDiKXQ==/com.google.android.gm-kANeULCOk1kZjsG6ET9vfg==/split_config.arm64_v8a.apk' with 1 weak references
08-10 16:39:56.286  2701  2795 W system_server: ApkAssets: Deleting an ApkAssets object '<empty> and /data/app/~~NBI8cwMfdojU1Qq8HDiKXQ==/com.google.android.gm-kANeULCOk1kZjsG6ET9vfg==/split_config.en.apk' with 1 weak references
08-10 16:39:56.287  2701  2795 W system_server: ApkAssets: Deleting an ApkAssets object '<empty> and /data/app/~~NBI8cwMfdojU1Qq8HDiKXQ==/com.google.android.gm-kANeULCOk1kZjsG6ET9vfg==/split_config.xxhdpi.apk' with 1 weak references
08-10 16:39:56.287  2701  2795 W system_server: ApkAssets: Deleting an ApkAssets object '<empty> and /data/app/~~2UDr4j0QVRfwhRqsHAyn6w==/com.xiaomi.account-EPy7ibpvHykzG_lgEh533g==/base.apk' with 1 weak references
08-10 16:39:56.287  2701  2795 W system_server: ApkAssets: Deleting an ApkAssets object '<empty> and /product/priv-app/MiuiCalendarGlobal/MiuiCalendarGlobal.apk' with 1 weak references
08-10 16:39:56.287  1275  1328 E minksocket: MinkIPC_QRTR_Service: client with node 1 port 4b3c went down
08-10 16:39:56.287  2701  2795 W system_server: ApkAssets: Deleting an ApkAssets object '<empty> and /data/app/~~vOXWG6P5Dd9TVPIeZff8DA==/app.revanced.android.gms-yHJ79nY6bSXtYyGlpMNnJw==/base.apk' with 1 weak references
08-10 16:39:56.288  1415  3561 D SDM     : HWCSession::ProcessRequests: Successfully configured CWB buffer.
08-10 16:39:56.288  2701  2795 W system_server: ApkAssets: Deleting an ApkAssets object '<empty> and /data/app/~~5eTzYPTAjPr4xkpdQJ635A==/cn.wps.moffice_eng-9jI1IqPXMBD302RFlpzETg==/base.apk' with 1 weak references
08-10 16:39:56.289  1275  1328 E minksocket: MinkIPC_QRTR_Service: client with node 1 port 4b3d went down
08-10 16:39:56.289  2701  2795 W system_server: ApkAssets: Deleting an ApkAssets object '<empty> and /data/app/~~5eTzYPTAjPr4xkpdQJ635A==/cn.wps.moffice_eng-9jI1IqPXMBD302RFlpzETg==/split_config.arm64_v8a.apk' with 1 weak references
08-10 16:39:56.289  2701  2795 W system_server: ApkAssets: Deleting an ApkAssets object '<empty> and /data/app/~~5eTzYPTAjPr4xkpdQJ635A==/cn.wps.moffice_eng-9jI1IqPXMBD302RFlpzETg==/split_config.en.apk' with 1 weak references
08-10 16:39:56.289  2701  2795 W system_server: ApkAssets: Deleting an ApkAssets object '<empty> and /data/app/~~5eTzYPTAjPr4xkpdQJ635A==/cn.wps.moffice_eng-9jI1IqPXMBD302RFlpzETg==/split_config.xxhdpi.apk' with 1 weak references
08-10 16:39:56.289  2701  2795 W system_server: ApkAssets: Deleting an ApkAssets object '<empty> and /data/app/~~5eTzYPTAjPr4xkpdQJ635A==/cn.wps.moffice_eng-9jI1IqPXMBD302RFlpzETg==/split_ml_sdk.apk' with 1 weak references
08-10 16:39:56.289  2701  2795 W system_server: ApkAssets: Deleting an ApkAssets object '<empty> and /data/app/~~5eTzYPTAjPr4xkpdQJ635A==/cn.wps.moffice_eng-9jI1IqPXMBD302RFlpzETg==/split_ml_sdk.config.arm64_v8a.apk' with 1 weak references
08-10 16:39:56.289  2701  2795 W system_server: ApkAssets: Deleting an ApkAssets object '<empty> and /data/app/~~5eTzYPTAjPr4xkpdQJ635A==/cn.wps.moffice_eng-9jI1IqPXMBD302RFlpzETg==/split_ml_sdk.config.xxhdpi.apk' with 1 weak references
08-10 16:39:56.289  2701  2795 W system_server: ApkAssets: Deleting an ApkAssets object '<empty> and /data/app/~~5eTzYPTAjPr4xkpdQJ635A==/cn.wps.moffice_eng-9jI1IqPXMBD302RFlpzETg==/split_vassonic.apk' with 1 weak references
08-10 16:39:56.289  2701  2795 W system_server: ApkAssets: Deleting an ApkAssets object '<empty> and /data/app/~~5eTzYPTAjPr4xkpdQJ635A==/cn.wps.moffice_eng-9jI1IqPXMBD302RFlpzETg==/split_vassonic.config.xxhdpi.apk' with 1 weak references
08-10 16:39:56.289  2701  2795 W system_server: ApkAssets: Deleting an ApkAssets object '<empty> and /data/app/~~rp-fM6NGlJTbo_KtCOd70w==/com.alibaba.aliexpresshd-2WQ3aW4nUFmiFMNHU9g1mg==/base.apk' with 1 weak references
08-10 16:39:56.290  2701  2795 W system_server: ApkAssets: Deleting an ApkAssets object '<empty> and /data/app/~~rp-fM6NGlJTbo_KtCOd70w==/com.alibaba.aliexpresshd-2WQ3aW4nUFmiFMNHU9g1mg==/split_aeocr.apk' with 1 weak references
08-10 16:39:56.290  2701  2795 W system_server: ApkAssets: Deleting an ApkAssets object '<empty> and /data/app/~~rp-fM6NGlJTbo_KtCOd70w==/com.alibaba.aliexpresshd-2WQ3aW4nUFmiFMNHU9g1mg==/split_aeocr.config.arm64_v8a.apk' with 1 weak references
08-10 16:39:56.290  2701  2795 W system_server: ApkAssets: Deleting an ApkAssets object '<empty> and /data/app/~~rp-fM6NGlJTbo_KtCOd70w==/com.alibaba.aliexpresshd-2WQ3aW4nUFmiFMNHU9g1mg==/split_aeocr.config.xxhdpi.apk' with 1 weak references
08-10 16:39:56.290  2701  2795 W system_server: ApkAssets: Deleting an ApkAssets object '<empty> and /data/app/~~rp-fM6NGlJTbo_KtCOd70w==/com.alibaba.aliexpresshd-2WQ3aW4nUFmiFMNHU9g1mg==/split_aiFoundation.apk' with 1 weak references
08-10 16:39:56.290  2701  2795 W system_server: ApkAssets: Deleting an ApkAssets object '<empty> and /data/app/~~rp-fM6NGlJTbo_KtCOd70w==/com.alibaba.aliexpresshd-2WQ3aW4nUFmiFMNHU9g1mg==/split_aiFoundation.config.arm64_v8a.apk' with 1 weak references
08-10 16:39:56.290  2701  2795 W system_server: ApkAssets: Deleting an ApkAssets object '<empty> and /data/app/~~rp-fM6NGlJTbo_KtCOd70w==/com.alibaba.aliexpresshd-2WQ3aW4nUFmiFMNHU9g1mg==/split_aiFoundation.config.xxhdpi.apk' with 1 weak references
08-10 16:39:56.290  1275  1328 E minksocket: MinkIPC_QRTR_Service: client with node 1 port 4b3e went down
08-10 16:39:56.290  2701  2795 W system_server: ApkAssets: Deleting an ApkAssets object '<empty> and /data/app/~~rp-fM6NGlJTbo_KtCOd70w==/com.alibaba.aliexpresshd-2WQ3aW4nUFmiFMNHU9g1mg==/split_config.arm64_v8a.apk' with 1 weak references
08-10 16:39:56.290  2701  2795 W system_server: ApkAssets: Deleting an ApkAssets object '<empty> and /data/app/~~rp-fM6NGlJTbo_KtCOd70w==/com.alibaba.aliexpresshd-2WQ3aW4nUFmiFMNHU9g1mg==/split_config.xxhdpi.apk' with 1 weak references
08-10 16:39:56.290  2701  2795 W system_server: ApkAssets: Deleting an ApkAssets object '<empty> and /data/app/~~rp-fM6NGlJTbo_KtCOd70w==/com.alibaba.aliexpresshd-2WQ3aW4nUFmiFMNHU9g1mg==/split_push.apk' with 1 weak references
08-10 16:39:56.290  2701  2795 W system_server: ApkAssets: Deleting an ApkAssets object '<empty> and /data/app/~~rp-fM6NGlJTbo_KtCOd70w==/com.alibaba.aliexpresshd-2WQ3aW4nUFmiFMNHU9g1mg==/split_push.config.xxhdpi.apk' with 1 weak references
08-10 16:39:56.290  2701  2795 W system_server: ApkAssets: Deleting an ApkAssets object '<empty> and /data/app/~~rp-fM6NGlJTbo_KtCOd70w==/com.alibaba.aliexpresshd-2WQ3aW4nUFmiFMNHU9g1mg==/split_ucSo.apk' with 1 weak references
08-10 16:39:56.290  2701  2795 W system_server: ApkAssets: Deleting an ApkAssets object '<empty> and /data/app/~~rp-fM6NGlJTbo_KtCOd70w==/com.alibaba.aliexpresshd-2WQ3aW4nUFmiFMNHU9g1mg==/split_ucSo.config.arm64_v8a.apk' with 1 weak references
08-10 16:39:56.290  2701  2795 W system_server: ApkAssets: Deleting an ApkAssets object '<empty> and /data/app/~~rp-fM6NGlJTbo_KtCOd70w==/com.alibaba.aliexpresshd-2WQ3aW4nUFmiFMNHU9g1mg==/split_ucSo.config.xxhdpi.apk' with 1 weak references
08-10 16:39:56.290  2701  2795 W system_server: ApkAssets: Deleting an ApkAssets object '<empty> and /data/app/~~rp-fM6NGlJTbo_KtCOd70w==/com.alibaba.aliexpresshd-2WQ3aW4nUFmiFMNHU9g1mg==/split_ugc.apk' with 1 weak references
08-10 16:39:56.291  2701  2795 W system_server: ApkAssets: Deleting an ApkAssets object '<empty> and /data/app/~~rp-fM6NGlJTbo_KtCOd70w==/com.alibaba.aliexpresshd-2WQ3aW4nUFmiFMNHU9g1mg==/split_ugc.config.arm64_v8a.apk' with 1 weak references
08-10 16:39:56.291  2701  2795 W system_server: ApkAssets: Deleting an ApkAssets object '<empty> and /data/app/~~rp-fM6NGlJTbo_KtCOd70w==/com.alibaba.aliexpresshd-2WQ3aW4nUFmiFMNHU9g1mg==/split_ugc.config.xxhdpi.apk' with 1 weak references
08-10 16:39:56.291  2701  2795 W system_server: ApkAssets: Deleting an ApkAssets object '<empty> and /data/app/~~rp-fM6NGlJTbo_KtCOd70w==/com.alibaba.aliexpresshd-2WQ3aW4nUFmiFMNHU9g1mg==/split_wallet.apk' with 1 weak references
08-10 16:39:56.291  2701  2795 W system_server: ApkAssets: Deleting an ApkAssets object '<empty> and /data/app/~~rp-fM6NGlJTbo_KtCOd70w==/com.alibaba.aliexpresshd-2WQ3aW4nUFmiFMNHU9g1mg==/split_wallet.config.arm64_v8a.apk' with 1 weak references
