08-10 16:39:56.712  1590  1590 D MI-SF   : isTpIdleScene ,mAverageFrameRate is 60, 0 
08-10 16:39:56.713  1590  1590 D MI-SF   : modeGroup0 mIsSupportAutomodeForMaxFpsSetting is 0(0), getCurrentBrightness() = 1975(1350), mIsKeepAutoMode 0
08-10 16:39:56.713  1590  1590 D RefreshRateSelector: fixedMode_group: 0, isFindModeGroup 0
08-10 16:39:56.713  1590  1590 D RefreshRateSelector: find max refresh rate:120, mode Group:0
08-10 16:39:56.714  2701  5637 D CoreBackPreview: Window{548a306 u0 Splash Screen com.example.simplertask}: Setting back callback null
08-10 16:39:56.714  1590  1865 I BpBinder: onLastStrongRef automatically unlinking death recipients: 
08-10 16:39:56.717  2701  5637 D WindowManager: Starting window removed Window{548a306 u0 Splash Screen com.example.simplertask}
08-10 16:39:56.721  2701  5637 W InputManager-JNI: Input channel object '548a306 Splash Screen com.example.simplertask (client)' was disposed without first being removed with the input manager!
08-10 16:39:56.717  5421  5421 W RenderThread: type=1400 audit(0.0:271985): avc:  denied  { getattr } for  path="/sys/module/metis/parameters/minor_window_app" dev="sysfs" ino=61709 scontext=u:r:untrusted_app:s0:c232,c257,c512,c768 tcontext=u:object_r:sysfs_migt:s0 tclass=file permissive=0 app=com.example.simplertask
08-10 16:39:56.721  2701  2805 I ActivityTaskManager: Displayed com.example.simplertask/.MainActivity for user 0: +1s962ms
08-10 16:39:56.724  2701  5637 D WindowManager:  applyPostLayoutPolicyLw modify AppearanceRegion  win = Window{548a306 u0 Splash Screen com.example.simplertask EXITING} appearance = 0 win.getFrame() = Rect(0, 0 - 1220, 2712)
08-10 16:39:56.725  2701  2820 D WindowManager:  applyPostLayoutPolicyLw modify AppearanceRegion  win = Window{548a306 u0 Splash Screen com.example.simplertask EXITING} appearance = 0 win.getFrame() = Rect(0, 0 - 1220, 2712)
08-10 16:39:56.730  1590  1590 D RefreshRateSelector: Touch Boost
08-10 16:39:56.730  4328  8643 W DynamicDDSService: appName is not found in cache: com.mi.android.globallauncher
08-10 16:39:56.733  4083  4083 D OnLongClickAgent: reset:   removeMessages MSG_LONG_CLICK
08-10 16:39:56.733  4083  4083 D OnLongClickAgent: reset:   removeMessages MSG_LONG_CLICK
08-10 16:39:56.733  4083  4083 D OnLongClickAgent: reset:   removeMessages MSG_LONG_CLICK
08-10 16:39:56.733  4486  4685 D ArtChoreographerMonitor: invoke error.
08-10 16:39:56.736  4083  4083 D Launcher.Lifecycle: onStop:UserHandle{0},b60643f,false
08-10 16:39:56.737  4083  4083 D SoscSplitStateController: updateDividerFixedState: isFixed = false
08-10 16:39:56.737  4486  4609 D SoScSplitScreenController: updateDividerFixedState isFixed:false
08-10 16:39:56.737  4083  4083 D Launcher_UnlockAnimationStateMachine: onStop = IDLE
08-10 16:39:56.738  4083  4083 D LauncherAssistantCompatGoogle: onStop com.google.android.libraries.gsa.launcherclient.LauncherClient@97ae188
08-10 16:39:56.741  2701  5253 V ActivityManager: Unregister receiver: android.content.IIntentReceiver$Stub$Proxy@11b24b2
08-10 16:39:56.744  2701  3566 I MiuiNetworkPolicy: updateUidState uid = 99434, uidState = 5
08-10 16:39:56.746  4083  4083 E Launcher.application: setClickAppWaitForCallback = false
08-10 16:39:56.746 32026 21974 D LauncherOverlay: setActivityState:0
08-10 16:39:56.747 32026 32026 D LauncherOverlay.Window: onStop
08-10 16:39:56.747  4083  4083 D EditorStubImpl: Type = 2, RectF = RectF(0.0, 0.0, 0.0, 0.0), mInsertionHandleData = [HandleData{mIsShow=false, mPosition=RectF(0.0, 0.0, 0.0, 0.0)}]
08-10 16:39:56.748 30927 30927 I bmex    : onStop
08-10 16:39:56.748  4083  4083 D ActivityThread: Fail to check app heapsize due to java.lang.NoSuchMethodException: dalvik.system.VMRuntime.getBlockingGcCountForAlloc []
08-10 16:39:56.751  5421  9922 E LB      : fail to open node: No such file or directory
08-10 16:39:56.757  5421  5421 I HandWritingStubImpl: refreshLastKeyboardType: 1
08-10 16:39:56.758  5421  5421 I HandWritingStubImpl: getCurrentKeyboardType: 1
08-10 16:39:56.759  2701  3566 I MiuiNetworkPolicy: updateUidState uid = 10164, uidState = 5
08-10 16:39:56.760  6396 31475 I AdapterProperties: getBondedDevices: length=6
08-10 16:39:56.760  6396 31475 D BtGatt.GattService: getDeviceType() - device=XX:XX:XX:XX:43:79, type=1
08-10 16:39:56.760  2701  3566 I MiuiNetworkPolicy: updateUidState uid = 10144, uidState = 5
08-10 16:39:56.762  6396 31475 D BtGatt.GattService: getDeviceType() - device=XX:XX:XX:XX:E8:FB, type=1
08-10 16:39:56.762  6396 31475 D BtGatt.GattService: getDeviceType() - device=XX:XX:XX:XX:EC:3E, type=1
08-10 16:39:56.762  6396 31475 D BtGatt.GattService: getDeviceType() - device=XX:XX:XX:XX:BD:F1, type=1
08-10 16:39:56.762  6396 31475 D BtGatt.GattService: getDeviceType() - device=XX:XX:XX:XX:ED:DB, type=3
08-10 16:39:56.762  6396 31475 D BtGatt.GattService: getDeviceType() - device=XX:XX:XX:XX:2F:2A, type=1
08-10 16:39:56.766  2701  2817 D Aurogon :  uid = 10154 switch to BG
08-10 16:39:56.766  2701  3689 D Aurogon :  onForegroundActivitiesChanged packageName = com.mi.android.globallauncher
08-10 16:39:56.767  2701  3509 I ImeTracker: com.example.simplertask:80797440: onRequestHide at ORIGIN_SERVER reason HIDE_UNSPECIFIED_WINDOW fromUser false
08-10 16:39:56.767  2701  3509 I ImeTracker: com.example.simplertask:80797440: onCancelled at PHASE_SERVER_SHOULD_HIDE
08-10 16:39:56.768 16533 16582 D MirrorManager:  sendAcceptInput 0 0
08-10 16:39:56.778  2701  3566 I MiuiNetworkPolicy: updateUidState uid = 99403, uidState = 5
08-10 16:39:56.778  2701  3566 I MiuiNetworkPolicy: updateUidState uid = 10338, uidState = 5
08-10 16:39:56.778  2701  3566 I MiuiNetworkPolicy: updateUidState uid = 10266, uidState = 5
08-10 16:39:56.778  2701  3566 I MiuiNetworkPolicy: updateUidState uid = 10254, uidState = 5
08-10 16:39:56.778  2701  3566 I MiuiNetworkPolicy: updateUidState uid = 10205, uidState = 5
08-10 16:39:56.778  2701  3566 I MiuiNetworkPolicy: updateUidState uid = 10183, uidState = 4
08-10 16:39:56.778  2701  3566 I MiuiNetworkPolicy: updateUidState uid = 10165, uidState = 4
08-10 16:39:56.778  2701  3566 I MiuiNetworkPolicy: updateUidState uid = 10154, uidState = 5
08-10 16:39:56.783  6396  6558 I BtGatt.ScanManager: msg.what = MSG_IMPORTANCE_CHANGE, msg.arg1 = IMPORTANCE_CHANGE
08-10 16:39:56.783  5421  9922 E LB      : fail to open node: No such file or directory
08-10 16:39:56.783  6396  6558 D BtGatt.ScanManager: uid 10144 isForeground true scanMode 1
08-10 16:39:56.784  6396  6558 D BtGatt.ScanManager: uid 10144 isForeground true scanMode 3
08-10 16:39:56.794  2701  4730 V ActivityManager: Register receiver android.content.IntentFilter@23e980a: Intent { act=android.intent.action.BATTERY_CHANGED flg=0x60000010 (has extras) }
08-10 16:39:56.796  5421  5421 I HandWritingStubImpl: getCurrentKeyboardType: 1
08-10 16:39:56.796  5421  9922 E LB      : fail to open node: No such file or directory
08-10 16:39:56.800  2701  2820 D WindowManager:  applyPostLayoutPolicyLw modify AppearanceRegion  win = Window{548a306 u0 Splash Screen com.example.simplertask EXITING} appearance = 0 win.getFrame() = Rect(0, 0 - 1220, 2712)
08-10 16:39:56.809  5421  9922 E LB      : fail to open node: No such file or directory
08-10 16:39:56.819  5421  9922 E LB      : fail to open node: No such file or directory
08-10 16:39:56.822  4486  4486 D Utilities:  oldHints : 0 backDisposition : 0 imeShown : false hints 0
08-10 16:39:56.832  6118  6118 W y       : onStartInput event aborted
08-10 16:39:56.832  6118  6118 W y       : cn.u: could not obtain extracted text
08-10 16:39:56.832  6118  6118 W y       : 	at cn.J.H(Unknown Source:344)
08-10 16:39:56.832  6118  6118 W y       : 	at nk.A.q(Unknown Source:272)
08-10 16:39:56.832  6118  6118 W y       : 	at nk.B0.q(Unknown Source:2)
08-10 16:39:56.832  6118  6118 W y       : 	at com.touchtype.KeyboardService.onStartInput(Unknown Source:11)
08-10 16:39:56.832  6118  6118 W y       : 	at android.inputmethodservice.InputMethodService.doStartInput(InputMethodService.java:3436)
08-10 16:39:56.832  6118  6118 W y       : 	at android.inputmethodservice.InputMethodService$InputMethodImpl.startInput(InputMethodService.java:877)
08-10 16:39:56.832  6118  6118 W y       : 	at android.inputmethodservice.InputMethodService$InputMethodImpl.dispatchStartInput(InputMethodService.java:906)
08-10 16:39:56.832  6118  6118 W y       : 	at android.inputmethodservice.IInputMethodWrapper.executeMessage(IInputMethodWrapper.java:217)
08-10 16:39:56.832  6118  6118 W y       : 	at com.android.internal.os.HandlerCaller$MyHandler.handleMessage(HandlerCaller.java:44)
08-10 16:39:56.832  6118  6118 W y       : 	at android.os.Handler.dispatchMessage(Handler.java:107)
08-10 16:39:56.832  6118  6118 W y       : 	at android.os.Looper.loopOnce(Looper.java:249)
08-10 16:39:56.832  6118  6118 W y       : 	at android.os.Looper.loop(Looper.java:337)
08-10 16:39:56.832  6118  6118 W y       : 	at android.app.ActivityThread.main(ActivityThread.java:9604)
08-10 16:39:56.832  6118  6118 W y       : 	at java.lang.reflect.Method.invoke(Native Method)
08-10 16:39:56.832  6118  6118 W y       : 	at com.android.internal.os.RuntimeInit$MethodAndArgsCaller.run(RuntimeInit.java:615)
08-10 16:39:56.832  6118  6118 W y       : 	at com.android.internal.os.ZygoteInit.main(ZygoteInit.java:936)
08-10 16:39:56.832  5421  9922 E LB      : fail to open node: No such file or directory
08-10 16:39:56.842  5421  9922 E LB      : fail to open node: No such file or directory
08-10 16:39:56.851  5421  9922 E LB      : fail to open node: No such file or directory
08-10 16:39:56.862  5421  9922 E LB      : fail to open node: No such file or directory
08-10 16:39:56.865 16533 16965 I libc    : kill: send 15 to pid 9943
08-10 16:39:56.871  5421  9854 I ple.simplertask: Compiler allocated 4209KB to compile void android.widget.TextView.<init>(android.content.Context, android.util.AttributeSet, int, int)
08-10 16:39:56.869  5421  5421 W RenderThread: type=1400 audit(0.0:271995): avc:  denied  { getattr } for  path="/sys/module/metis/parameters/minor_window_app" dev="sysfs" ino=61709 scontext=u:r:untrusted_app:s0:c232,c257,c512,c768 tcontext=u:object_r:sysfs_migt:s0 tclass=file permissive=0 app=com.example.simplertask
08-10 16:39:56.872  5421  9922 E LB      : fail to open node: No such file or directory
08-10 16:39:56.879  2701  2820 I WindowManager: StartingWindow exit animation finished, win = Window{548a306 u0 Splash Screen com.example.simplertask EXITING} remove = true
08-10 16:39:56.881  2701  2820 D WindowManager: postWindowRemoveCleanupLocked: Removing startingWindow Window{548a306 u0 Splash Screen com.example.simplertask} from ActivityRecord{2e00c7e u0 com.example.simplertask/.MainActivity t18832} activity = ActivityRecord{2e00c7e u0 com.example.simplertask/.MainActivity t18832}
08-10 16:39:56.881  2701  2820 D WindowManager:  applyPostLayoutPolicyLw modify AppearanceRegion  win = Window{6611b77 u0 com.example.simplertask/com.example.simplertask.MainActivity} appearance = 8 win.getFrame() = Rect(0, 0 - 1220, 2712)
08-10 16:39:56.884  2701  4827 W ActivityTaskManager: Request to remove task ignored for non-existent task 18831
08-10 16:39:56.881  5421  5421 W RenderThread: type=1400 audit(0.0:271996): avc:  denied  { getattr } for  path="/sys/module/metis/parameters/minor_window_app" dev="sysfs" ino=61709 scontext=u:r:untrusted_app:s0:c232,c257,c512,c768 tcontext=u:object_r:sysfs_migt:s0 tclass=file permissive=0 app=com.example.simplertask
08-10 16:39:56.885  5421  9922 E LB      : fail to open node: No such file or directory
08-10 16:39:56.887  4083  4796 D RecentsModel: onTaskStackChangedBackground    MSG_TASK_STACK_CHANGE
08-10 16:39:56.887  4083  4796 D RecentsModel: boostTaskStackChangedThread once, tid=4796
08-10 16:39:56.888  4083  4796 W MiBridge: Permission not granted !!
08-10 16:39:56.888  4083  4796 D Launcher.Boost: setDynamicVIPTaskIfNeeded::tid = 4796 duration = 500
08-10 16:39:56.888  4083  4753 D EventBus: No subscribers registered for event class com.miui.home.recents.messages.RecentTasksChangedEvent
08-10 16:39:56.888  1415  2011 I vendor.qti.hardware.display.composer-service: FrameNotifyProcess Sensor: notify citsensorservice to trigger cwb
08-10 16:39:56.889  2701  2820 D WindowManager:  applyPostLayoutPolicyLw modify AppearanceRegion  win = Window{6611b77 u0 com.example.simplertask/com.example.simplertask.MainActivity} appearance = 8 win.getFrame() = Rect(0, 0 - 1220, 2712)
08-10 16:39:56.889  6396 29100 I AdapterProperties: getBondedDevices: length=6
08-10 16:39:56.890  6396 29100 D BtGatt.GattService: getDeviceType() - device=XX:XX:XX:XX:43:79, type=1
08-10 16:39:56.890  6396 29100 D BtGatt.GattService: getDeviceType() - device=XX:XX:XX:XX:E8:FB, type=1
08-10 16:39:56.890  6396 29100 D BtGatt.GattService: getDeviceType() - device=XX:XX:XX:XX:EC:3E, type=1
08-10 16:39:56.890  6396 29100 D BtGatt.GattService: getDeviceType() - device=XX:XX:XX:XX:BD:F1, type=1
08-10 16:39:56.890  6396 29100 D BtGatt.GattService: getDeviceType() - device=XX:XX:XX:XX:ED:DB, type=3
08-10 16:39:56.890  6396 29100 D BtGatt.GattService: getDeviceType() - device=XX:XX:XX:XX:2F:2A, type=1
08-10 16:39:56.890  2234  2322 I libcitsensorservice@2.0-impl: msg_transfer
08-10 16:39:56.890  2234  3554 I libsensor-parseRGB: request dump start
08-10 16:39:56.890  2234  3554 D vendor.xiaomi.sensor.citsensorservice@2.0-service: handle id:11 wxh:1280x2712 uwxuh:1220x2712 size: 10416128 fd:15 fd_meta:16 flags:0x4000228 usage:0x33  format:0x3 layer_count: 1 reserved_size = 0
08-10 16:39:56.890  1415  1877 D SDM     : HWCSession::SetCWBOutputBuffer: CWB config passed by cwb_client : tappoint 1  CWB_ROI : (817.000000 7.000000 978.000000 128.000000)
08-10 16:39:56.891  4083  4753 D EventBus: No subscribers registered for event class org.greenrobot.eventbus.NoSubscriberEvent
08-10 16:39:56.891  1415  3561 D SDM     : HWCSession::ProcessRequests: Successfully configured CWB buffer.
08-10 16:39:56.893  4083  4796 W RecentsModel: getRunningTask   taskInfo=TaskInfo{userId=0 taskId=18832 displayId=0 isRunning=true baseIntent=Intent { flg=0x10000000 cmp=com.example.simplertask/.MainActivity } baseActivity=ComponentInfo{com.example.simplertask/com.example.simplertask.MainActivity} topActivity=ComponentInfo{com.example.simplertask/com.example.simplertask.MainActivity} origActivity=null realActivity=ComponentInfo{com.example.simplertask/com.example.simplertask.MainActivity} numActivities=1 lastActiveTime=362443339 supportsSplitScreenMultiWindow=true supportsMultiWindow=true resizeMode=1 isResizeable=true minWidth=-1 minHeight=-1 defaultMinSize=200 token=WCT{android.window.IWindowContainerToken$Stub$Proxy@a92743} topActivityType=1 pictureInPictureParams=null shouldDockBigOverlays=false launchIntoPipHostTaskId=-1 lastParentTaskIdBeforePip=-1 displayCutoutSafeInsets=null topActivityInfo=ActivityInfo{2ce51c0 com.example.simplertask.MainActivity} launchCookies=[] positionInParent=Point(0, 0) parentTaskId=-1 isFocused=true isVisible=true isVisibleRequested=true isSleeping=false locusId=null displayAreaFeatureId=1 isTopActivityTransparent=false appCompatTaskInfo=AppCompatTaskInfo { topActivityInSizeCompat=false topActivityInMiuiSizeCompat=false topActivityEligibleForLetterboxEducation= falseisLetterboxEducationEnabled= false isLetterboxDoubleTapEnabled= false topActivityEligibleForUserAspectRatioButton= false topActivityBoundsLetterboxed= false isFromLetterboxDoubleTap= false topActivityLetterboxVerticalPosition= -1 topActivityLetterboxHorizontalPosition= -1 topActivityLetterboxWidth=1220 topActivityLetterboxHeight=2712 isUserFullscreenOverrideEnabled=false isSystemFullscreenOverrideEnabled=false cameraCompatTaskInfo=CameraCompatTaskInfo { cameraCompatControlState=hidden freeformCameraCompatMode=inactive}} isImmersive=false mTopActivityRequestOrientation=-1 mBehindAppLockPkg=null mOriginatingUid=0 isEmbedded=false shouldBeVisible=true mIsCastMode=false mTopActivityMediaSize=null mTopActivityRecordName=ActivityRecord{2e00c7e u0 com.example.simplertask/.MainActivity t18832} mTopActivityOrientation=-1}
08-10 16:39:56.893  4083  4796 D RecentsModel: preloadRecents runningTaskId:18832, mCurrentRunningTaskId:-1, mRecentsTaskLoadPlan=com.android.systemui.shared.recents.model.RecentsTaskLoadPlan@9417ef9
08-10 16:39:56.894  4083  4796 E ActivityManagerWrapper: get all recent tasks force including 18832
08-10 16:39:56.898  1415  3561 D SDM     : HWCSession::ProcessRequests: Pushing release fence in fenece wait queue.
08-10 16:39:56.898  1415  3561 D SDM     : HWCSession::ProcessRequests: Creating AsyncFenceWaits async thread.
08-10 16:39:56.898  1415  3561 D SDM     : HWCSession::ProcessRequests: Remove current CWB request from the pending request queue.
08-10 16:39:56.899  1415  3561 D SDM     : HWCSession::ProcessRequests: No pending cwb requests found in the queue.
08-10 16:39:56.899  2701  4827 V ActivityManager: Register receiver android.content.IntentFilter@4421e62: Intent { act=android.intent.action.BATTERY_CHANGED flg=0x60000010 (has extras) }
08-10 16:39:56.904  1415  1570 D SDM     : HWDeviceDRM::SetupConcurrentWriteback: Tear down the Concurrent Writeback topology
08-10 16:39:56.905  4083  4796 E ActivityManagerWrapper: getRecentTasksForceIncludingTaskIdIfValid: getRecentTasks: size=16
08-10 16:39:56.905  4083  4796 E ActivityManagerWrapper:  mainTaskId=18832   userId=0   windowMode=1   baseIntent=Intent { act=null flag=268435456 cmp=ComponentInfo{com.example.simplertask/com.example.simplertask.MainActivity} }
08-10 16:39:56.905  4083  4796 E ActivityManagerWrapper:  mainTaskId=18280   userId=0   windowMode=1   baseIntent=Intent { act=android.intent.action.MAIN flag=270532608 cmp=ComponentInfo{com.viber.voip/com.viber.voip.WelcomeActivity} }
08-10 16:39:56.905  4083  4796 E ActivityManagerWrapper:  mainTaskId=18818   userId=0   windowMode=1   baseIntent=Intent { act=android.intent.action.MAIN flag=270532608 cmp=ComponentInfo{com.android.settings/com.android.settings.MainSettings} }
08-10 16:39:56.905  4083  4796 E ActivityManagerWrapper:  mainTaskId=18812   userId=0   windowMode=1   baseIntent=Intent { act=android.settings.APPLICATION_DETAILS_SETTINGS flag=268468224 cmp=ComponentInfo{com.android.settings/com.android.settings.applications.InstalledAppDetails} }
08-10 16:39:56.905  4083  4796 E ActivityManagerWrapper:  mainTaskId=18792   userId=0   windowMode=1   baseIntent=Intent { act=null flag=268435456 cmp=ComponentInfo{com.whatsapp/com.whatsapp.home.ui.HomeActivity} }
08-10 16:39:56.905  4083  4796 E ActivityManagerWrapper:  mainTaskId=18789   userId=0   windowMode=1   baseIntent=Intent { act=android.intent.action.MAIN flag=270532608 cmp=ComponentInfo{com.firstiraqibank.personal/com.lawrencespring.personal.view.PersonalActivity} }
08-10 16:39:56.905  4083  4796 E ActivityManagerWrapper:  mainTaskId=18788   userId=0   windowMode=1   baseIntent=Intent { act=android.intent.action.VIEW flag=268484608 cmp=ComponentInfo{com.google.android.gm/com.google.android.gm.ui.MailActivityGmail} }
08-10 16:39:56.905  4083  4796 E ActivityManagerWrapper:  mainTaskId=18784   userId=0   windowMode=1   baseIntent=Intent { act=android.intent.action.MAIN flag=270532608 cmp=ComponentInfo{app.revanced.android.youtube/com.google.android.youtube.app.honeycomb.Shell$HomeActivity} }
08-10 16:39:56.905  4083  4796 E ActivityManagerWrapper:  mainTaskId=18783   userId=0   windowMode=1   baseIntent=Intent { act=android.intent.action.MAIN flag=270532608 cmp=ComponentInfo{com.facebook.katana/com.facebook.katana.LoginActivity} }
08-10 16:39:56.905  4083  4796 E ActivityManagerWrapper:  mainTaskId=18781   userId=0   windowMode=1   baseIntent=Intent { act=android.intent.action.MAIN flag=270532608 cmp=ComponentInfo{com.menaitech.mename/com.menaitech.mename.MainActivity} }
08-10 16:39:56.905  4083  4796 E ActivityManagerWrapper:  mainTaskId=18770   userId=0   windowMode=1   baseIntent=Intent { act=android.intent.action.MAIN flag=270532608 cmp=ComponentInfo{com.google.android.dialer/com.google.android.dialer.extensions.GoogleDialtactsActivity} }
08-10 16:39:56.905  4083  4796 E ActivityManagerWrapper:  mainTaskId=18779   userId=0   windowMode=1   baseIntent=Intent { act=android.intent.action.MAIN flag=270532608 cmp=ComponentInfo{com.google.android.apps.photos/com.google.android.apps.photos.home.HomeActivity} }
08-10 16:39:56.905  4083  4796 E ActivityManagerWrapper:  mainTaskId=18769   userId=0   windowMode=1   baseIntent=Intent { act=android.intent.action.MAIN flag=270532608 cmp=ComponentInfo{org.telegram.messenger/org.telegram.messenger.DefaultIcon} }
08-10 16:39:56.905  4083  4796 E ActivityManagerWrapper:  mainTaskId=18765   userId=0   windowMode=1   baseIntent=Intent { act=android.intent.action.VIEW_SNAP flag=872415232 cmp=ComponentInfo{com.snapchat.android/com.snap.mushroom.MainActivity} }
08-10 16:39:56.905  4083  4796 E ActivityManagerWrapper:  mainTaskId=18761   userId=0   windowMode=1   baseIntent=Intent { act=android.intent.action.MAIN flag=270532608 cmp=ComponentInfo{com.android.deskclock/com.android.deskclock.DeskClockTabActivity} }
08-10 16:39:56.905  4083  4796 E ActivityManagerWrapper:  mainTaskId=18711   userId=0   windowMode=1   baseIntent=Intent { act=android.intent.action.MAIN flag=270532608 cmp=ComponentInfo{com.huawei.health/com.huawei.health.MainActivity} }
08-10 16:39:56.906  4083  4796 D WorldCirculate: getWorldCirculateInfo, taskInfo.baseIntent=Intent { act=android.settings.APPLICATION_DETAILS_SETTINGS dat=package: flg=0x10008000 cmp=com.android.settings/.applications.InstalledAppDetails }, displayId=-1, but get Display failed
08-10 16:39:56.907  4486  4486 D ArtChoreographerMonitor: invoke error.
08-10 16:39:56.908  4083  4796 D TaskSnapshotCompatVV: getIsInvalidateFromTaskSnapshot, return, mTaskSnapshot=null, mTaskSnapshotClazz=null
08-10 16:39:56.912  2701  3566 I MiuiNetworkPolicy: updateUidState uid = 99434, uidState = 3
08-10 16:39:56.912  2701  4730 I ClipboardServiceI: checkProviderWakePathForClipboard: primaryClip is null
08-10 16:39:56.914  1415  3562 D SDM     : HWCSession::NotifyCWBStatus: Notify the client about buffer status 0.
08-10 16:39:56.915  2701  3566 I MiuiNetworkPolicy: updateUidState uid = 10144, uidState = 3
08-10 16:39:56.915  1415  3562 D SDM     : HWCSession::PerformFenceWaits: Remove current release fence from the pending fence wait queue.
08-10 16:39:56.915  1415  3562 D SDM     : HWCSession::PerformFenceWaits: CWB fence queue is empty. No pending release fence to wait on.
08-10 16:39:56.916  6396  6558 I BtGatt.ScanManager: msg.what = MSG_IMPORTANCE_CHANGE, msg.arg1 = IMPORTANCE_CHANGE
08-10 16:39:56.916  6396  6558 D BtGatt.ScanManager: uid 10144 isForeground true scanMode 1
08-10 16:39:56.916  6396  6558 D BtGatt.ScanManager: uid 10144 isForeground true scanMode 3
08-10 16:39:56.916  2234  3555 D libsensor-parseRGB: the value of RGB [818.268574 813.626122 834.750142 700.307339 695.448282 717.212409 1948.968744 1946.674081 1959.352244 222.685651 216.845001 242.774673]
08-10 16:39:56.917 16875 16932 I FontLog : (REDACTED) Received query %s, URI %s
08-10 16:39:56.917 16875 16932 I FontLog : (REDACTED) Query [%s] resolved to %s
08-10 16:39:56.918 16875 16932 I FontLog : (REDACTED) Fetch %s end status %s
08-10 16:39:56.924 16875 16932 I FontLog : (REDACTED) Pulling font file for id = %d, cache size = %d
08-10 16:39:56.929 16875 16932 I FontLog : (REDACTED) Pulling font file for id = %d, cache size = %d
08-10 16:39:56.952  4275  4388 E Tethering: [api31.BpfCoordinatorShimImpl] ERROR Could not insert entry (iif: 35, dstMac: 3e:57:b5:b8:02:55, l4proto: 6, src4: /192.168.239.70, dst4: /140.82.114.22, srcPort: 38206, dstPort: 443, oif: 20, ethDstMac: 00:00:00:00:00:00, ethSrcMac: 00:00:00:00:00:00, ethProto: 2048, pmtu: 1500, src46: /10.150.168.209, dst46: /140.82.114.22, srcPort: 38206, dstPort: 443, lastUsed: 0): android.system.ErrnoException: nativeWriteToMapEntry failed: E2BIG (Argument list too long)
08-10 16:39:56.953  4275  4388 E Tethering: [api31.BpfCoordinatorShimImpl] ERROR Could not insert entry (iif: 20, dstMac: 00:00:00:00:00:00, l4proto: 6, src4: /140.82.114.22, dst4: /10.150.168.209, srcPort: 443, dstPort: 38206, oif: 35, ethDstMac: 58:1c:f8:fb:e7:f8, ethSrcMac: 3e:57:b5:b8:02:55, ethProto: 2048, pmtu: 1500, src46: /140.82.114.22, dst46: /192.168.239.70, srcPort: 443, dstPort: 38206, lastUsed: 0): android.system.ErrnoException: nativeWriteToMapEntry failed: E2BIG (Argument list too long)
08-10 16:39:56.968  2234  3560 I libsensor-displayalgo: the value of channelCali C:302.322643,R:151.104260,G:115.332503,B:67.625177,scales C:0.909244,R:0.954885,G:0.875467,B:0.808810, hsv: -1.000000, ScreenId: 1
08-10 16:39:56.968  2234  3560 E libsensor-displayalgo: value of coefs 5,850.073000,4.965174,-2.685090,1.640057,-4.685160, line 101
08-10 16:39:56.968  2234  3560 D libsensor-displayalgo: brightness:556.000000,R:818.268574,G:813.626122,B:834.750142,EVENT C:2357.580078,R:1162.539429,G:1115.037842,B:610.020691, lux: 100.702728
08-10 16:39:56.969 15668 17426 I PackageUtil: Not found xspace com.google.android.projection.gearhead
08-10 16:39:56.979  6396 29100 I AdapterProperties: getBondedDevices: length=6
08-10 16:39:56.979  6396 29100 D BtGatt.GattService: getDeviceType() - device=XX:XX:XX:XX:43:79, type=1
08-10 16:39:56.979  6396 29100 D BtGatt.GattService: getDeviceType() - device=XX:XX:XX:XX:E8:FB, type=1
08-10 16:39:56.979  6396 29100 D BtGatt.GattService: getDeviceType() - device=XX:XX:XX:XX:EC:3E, type=1
08-10 16:39:56.979  6396 29100 D BtGatt.GattService: getDeviceType() - device=XX:XX:XX:XX:BD:F1, type=1
08-10 16:39:56.979  6396 29100 D BtGatt.GattService: getDeviceType() - device=XX:XX:XX:XX:ED:DB, type=3
08-10 16:39:56.979  6396 29100 D BtGatt.GattService: getDeviceType() - device=XX:XX:XX:XX:2F:2A, type=1
08-10 16:39:56.981 15668 17426 I PackageUtil: Not found xspace com.android.vending
08-10 16:39:56.988  2701  5637 V ActivityManager: Register receiver android.content.IntentFilter@ab517ba: Intent { act=android.intent.action.BATTERY_CHANGED flg=0x60000010 (has extras) }
08-10 16:39:56.992 15668 17426 I PackageUtil: Not found xspace com.google.android.youtube
08-10 16:39:57.028 16533 16965 I libc    : kill: send 15 to pid 9952
08-10 16:39:57.203  1415  2011 I vendor.qti.hardware.display.composer-service: FrameNotifyProcess Sensor: notify citsensorservice to trigger cwb
08-10 16:39:57.204  2234  2234 I libcitsensorservice@2.0-impl: msg_transfer
08-10 16:39:57.204  2234  3554 I libsensor-parseRGB: request dump start
08-10 16:39:57.204  2234  3554 D vendor.xiaomi.sensor.citsensorservice@2.0-service: handle id:11 wxh:1280x2712 uwxuh:1220x2712 size: 10416128 fd:15 fd_meta:16 flags:0x4000228 usage:0x33  format:0x3 layer_count: 1 reserved_size = 0
08-10 16:39:57.204  1415  1877 D SDM     : HWCSession::SetCWBOutputBuffer: CWB config passed by cwb_client : tappoint 1  CWB_ROI : (817.000000 7.000000 978.000000 128.000000)
08-10 16:39:57.207  1415  3561 D SDM     : HWCSession::ProcessRequests: Successfully configured CWB buffer.
08-10 16:39:57.216  1415  3561 D SDM     : HWCSession::ProcessRequests: Pushing release fence in fenece wait queue.
08-10 16:39:57.216  1415  3561 D SDM     : HWCSession::ProcessRequests: Creating AsyncFenceWaits async thread.
08-10 16:39:57.216  1415  3561 D SDM     : HWCSession::ProcessRequests: Remove current CWB request from the pending request queue.
08-10 16:39:57.216  1415  3561 D SDM     : HWCSession::ProcessRequests: No pending cwb requests found in the queue.
08-10 16:39:57.220  1415  1570 D SDM     : HWDeviceDRM::SetupConcurrentWriteback: Tear down the Concurrent Writeback topology
08-10 16:39:57.232  1415  3562 D SDM     : HWCSession::NotifyCWBStatus: Notify the client about buffer status 0.
08-10 16:39:57.232  1415  3562 D SDM     : HWCSession::PerformFenceWaits: Remove current release fence from the pending fence wait queue.
08-10 16:39:57.232  1415  3562 D SDM     : HWCSession::PerformFenceWaits: CWB fence queue is empty. No pending release fence to wait on.
08-10 16:39:57.233  2234  3555 D libsensor-parseRGB: the value of RGB [818.268574 813.626122 834.750142 700.307339 695.448282 717.212409 1948.968744 1946.674081 1959.352244 222.685651 216.845001 242.774673]
08-10 16:39:57.245  2701  3752 I SmartPower: com.miui.global.packageinstaller/10171(7081): background->idle(3000ms) R(service create com.miui.global.packageinstaller/.service.ScanDispatchService) adj=915.
08-10 16:39:57.264  2701  8825 E TaskPersister: File error accessing recents directory (directory doesn't exist?).
08-10 16:39:57.268  2234  3560 I libsensor-displayalgo: the value of channelCali C:302.322643,R:151.104260,G:115.332503,B:67.625177,scales C:0.909244,R:0.954885,G:0.875467,B:0.808810, hsv: -1.000000, ScreenId: 1
08-10 16:39:57.268  2234  3560 E libsensor-displayalgo: value of coefs 5,850.073000,4.965174,-2.685090,1.640057,-4.685160, line 101
08-10 16:39:57.269  2234  3560 D libsensor-displayalgo: brightness:556.000000,R:818.268574,G:813.626122,B:834.750142,EVENT C:2315.078613,R:1145.038818,G:1087.536865,B:595.020203, lux: 98.550186
08-10 16:39:57.326  2701  3148 V ActivityManager: Register receiver android.content.IntentFilter@92b6674: Intent { act=android.intent.action.BATTERY_CHANGED flg=0x60000010 (has extras) }
08-10 16:39:57.392  4486  4486 D ArtChoreographerMonitor: invoke error.
08-10 16:39:57.395  1275  1328 E minksocket: MinkIPC_QRTR_Service: client with node 1 port 4b40 went down
08-10 16:39:57.397  1275  1328 E minksocket: MinkIPC_QRTR_Service: client with node 1 port 4b41 went down
08-10 16:39:57.399  1275  1328 E minksocket: MinkIPC_QRTR_Service: client with node 1 port 4b42 went down
08-10 16:39:57.400  1275  1328 E minksocket: MinkIPC_QRTR_Service: client with node 1 port 4b43 went down
08-10 16:39:57.403  2701  3752 I SmartPower: com.apkpure.aegon/10490(14743): background->idle(3000ms) R(broadcast start Intent { act=android.net.wifi.SCAN_RESULTS flg=0x4000010 (has extras) }) adj=905.
08-10 16:39:57.455  5421  9854 I ple.simplertask: Compiler allocated 5438KB to compile void android.view.ViewRootImpl.performTraversals()
08-10 16:39:57.494  2041  2066 D IPACM   : vendor/qcom/opensource/data-ipa-cfg-mgr/ipacm/src/IPACM_Routing.cpp:343 DeleteRoutingHdl() Deleting Route hdl:(0x14) with ip type: 1
08-10 16:39:57.496  1275  1328 E minksocket: MinkIPC_QRTR_Service: client with node 1 port 4b37 went down
08-10 16:39:57.496  2041  2066 D IPACM   : vendor/qcom/opensource/data-ipa-cfg-mgr/ipacm/src/IPACM_Routing.cpp:343 DeleteRoutingHdl() Deleting Route hdl:(0x15) with ip type: 1
08-10 16:39:57.496  1275  1328 E minksocket: MinkIPC_QRTR_Service: client with node 1 port 4b3b went down
08-10 16:39:57.497  2041  2066 D IPACM   : vendor/qcom/opensource/data-ipa-cfg-mgr/ipacm/src/IPACM_Routing.cpp:343 DeleteRoutingHdl() Deleting Route hdl:(0x13) with ip type: 1
08-10 16:39:57.497  2041  2066 D IPACM   : vendor/qcom/opensource/data-ipa-cfg-mgr/ipacm/src/IPACM_Routing.cpp:343 DeleteRoutingHdl() Deleting Route hdl:(0x17) with ip type: 1
08-10 16:39:57.499  2041  2066 D IPACM   : vendor/qcom/opensource/data-ipa-cfg-mgr/ipacm/src/IPACM_Routing.cpp:111 AddRoutingRule() Added routing rule 0xb4000075792e37b0
08-10 16:39:57.500  2041  2066 D IPACM   : vendor/qcom/opensource/data-ipa-cfg-mgr/ipacm/src/IPACM_Routing.cpp:111 AddRoutingRule() Added routing rule 0xb4000075792e37b0
08-10 16:39:57.500  2041  2066 D IPACM   : vendor/qcom/opensource/data-ipa-cfg-mgr/ipacm/src/IPACM_Routing.cpp:111 AddRoutingRule() Added routing rule 0xb4000075792e37b0
08-10 16:39:57.501  2041  2066 D IPACM   : vendor/qcom/opensource/data-ipa-cfg-mgr/ipacm/src/IPACM_Routing.cpp:111 AddRoutingRule() Added routing rule 0xb4000075792e37b0
08-10 16:39:57.501  2041  2066 D IPACM   : vendor/qcom/opensource/data-ipa-cfg-mgr/ipacm/src/IPACM_Routing.cpp:343 DeleteRoutingHdl() Deleting Route hdl:(0x19) with ip type: 0
08-10 16:39:57.502  2041  2066 D IPACM   : vendor/qcom/opensource/data-ipa-cfg-mgr/ipacm/src/IPACM_Routing.cpp:343 DeleteRoutingHdl() Deleting Route hdl:(0x18) with ip type: 0
08-10 16:39:57.503  2041  2066 D IPACM   : vendor/qcom/opensource/data-ipa-cfg-mgr/ipacm/src/IPACM_Routing.cpp:343 DeleteRoutingHdl() Deleting Route hdl:(0x1a) with ip type: 0
08-10 16:39:57.504  2041  2066 D IPACM   : vendor/qcom/opensource/data-ipa-cfg-mgr/ipacm/src/IPACM_Routing.cpp:111 AddRoutingRule() Added routing rule 0xb4000075792e37b0
08-10 16:39:57.504  1415  2011 I vendor.qti.hardware.display.composer-service: FrameNotifyProcess Sensor: notify citsensorservice to trigger cwb
08-10 16:39:57.505  2041  2066 D IPACM   : vendor/qcom/opensource/data-ipa-cfg-mgr/ipacm/src/IPACM_Routing.cpp:111 AddRoutingRule() Added routing rule 0xb4000075792e37b0
08-10 16:39:57.505  2234  2322 I libcitsensorservice@2.0-impl: msg_transfer
08-10 16:39:57.505  2234  3554 I libsensor-parseRGB: request dump start
08-10 16:39:57.505  2234  3554 D vendor.xiaomi.sensor.citsensorservice@2.0-service: handle id:11 wxh:1280x2712 uwxuh:1220x2712 size: 10416128 fd:15 fd_meta:16 flags:0x4000228 usage:0x33  format:0x3 layer_count: 1 reserved_size = 0
08-10 16:39:57.505  1415  1877 D SDM     : HWCSession::SetCWBOutputBuffer: CWB config passed by cwb_client : tappoint 1  CWB_ROI : (817.000000 7.000000 978.000000 128.000000)
08-10 16:39:57.505  2041  2066 D IPACM   : vendor/qcom/opensource/data-ipa-cfg-mgr/ipacm/src/IPACM_Routing.cpp:111 AddRoutingRule() Added routing rule 0xb4000075792e37b0
08-10 16:39:57.506  2041  2066 D IPACM   : vendor/qcom/opensource/data-ipa-cfg-mgr/ipacm/src/IPACM_Routing.cpp:343 DeleteRoutingHdl() Deleting Route hdl:(0x1c) with ip type: 0
08-10 16:39:57.506  2041  2066 D IPACM   : vendor/qcom/opensource/data-ipa-cfg-mgr/ipacm/src/IPACM_Routing.cpp:343 DeleteRoutingHdl() Deleting Route hdl:(0x1b) with ip type: 0
08-10 16:39:57.507  2041  2066 D IPACM   : vendor/qcom/opensource/data-ipa-cfg-mgr/ipacm/src/IPACM_Routing.cpp:343 DeleteRoutingHdl() Deleting Route hdl:(0x1d) with ip type: 0
08-10 16:39:57.507  1415  3561 D SDM     : HWCSession::ProcessRequests: Successfully configured CWB buffer.
08-10 16:39:57.508  2041  2066 D IPACM   : vendor/qcom/opensource/data-ipa-cfg-mgr/ipacm/src/IPACM_Routing.cpp:111 AddRoutingRule() Added routing rule 0xb4000075792e37b0
08-10 16:39:57.509  2041  2066 D IPACM   : vendor/qcom/opensource/data-ipa-cfg-mgr/ipacm/src/IPACM_Routing.cpp:111 AddRoutingRule() Added routing rule 0xb4000075792e37b0
08-10 16:39:57.509  2041  2066 D IPACM   : vendor/qcom/opensource/data-ipa-cfg-mgr/ipacm/src/IPACM_Routing.cpp:111 AddRoutingRule() Added routing rule 0xb4000075792e37b0
08-10 16:39:57.510  2041  2066 D IPACM   : vendor/qcom/opensource/data-ipa-cfg-mgr/ipacm/src/IPACM_Routing.cpp:343 DeleteRoutingHdl() Deleting Route hdl:(0x1f) with ip type: 1
08-10 16:39:57.511  2041  2066 D IPACM   : vendor/qcom/opensource/data-ipa-cfg-mgr/ipacm/src/IPACM_Routing.cpp:343 DeleteRoutingHdl() Deleting Route hdl:(0x21) with ip type: 1
08-10 16:39:57.511  2041  2066 D IPACM   : vendor/qcom/opensource/data-ipa-cfg-mgr/ipacm/src/IPACM_Routing.cpp:343 DeleteRoutingHdl() Deleting Route hdl:(0x1e) with ip type: 1
08-10 16:39:57.514  2041  2066 D IPACM   : vendor/qcom/opensource/data-ipa-cfg-mgr/ipacm/src/IPACM_Routing.cpp:343 DeleteRoutingHdl() Deleting Route hdl:(0x22) with ip type: 1
08-10 16:39:57.515  2041  2066 D IPACM   : vendor/qcom/opensource/data-ipa-cfg-mgr/ipacm/src/IPACM_Routing.cpp:343 DeleteRoutingHdl() Deleting Route hdl:(0x25) with ip type: 1
08-10 16:39:57.515  2041  2066 D IPACM   : vendor/qcom/opensource/data-ipa-cfg-mgr/ipacm/src/IPACM_Routing.cpp:343 DeleteRoutingHdl() Deleting Route hdl:(0x26) with ip type: 1
08-10 16:39:57.516  1415  3561 D SDM     : HWCSession::ProcessRequests: Pushing release fence in fenece wait queue.
08-10 16:39:57.516  1415  3561 D SDM     : HWCSession::ProcessRequests: Creating AsyncFenceWaits async thread.
08-10 16:39:57.516  1415  3561 D SDM     : HWCSession::ProcessRequests: Remove current CWB request from the pending request queue.
08-10 16:39:57.516  1415  3561 D SDM     : HWCSession::ProcessRequests: No pending cwb requests found in the queue.
08-10 16:39:57.517  2041  2066 D IPACM   : vendor/qcom/opensource/data-ipa-cfg-mgr/ipacm/src/IPACM_Routing.cpp:343 DeleteRoutingHdl() Deleting Route hdl:(0x23) with ip type: 1
08-10 16:39:57.518  2041  2066 D IPACM   : vendor/qcom/opensource/data-ipa-cfg-mgr/ipacm/src/IPACM_Routing.cpp:343 DeleteRoutingHdl() Deleting Route hdl:(0x27) with ip type: 1
08-10 16:39:57.519  2041  2066 D IPACM   : vendor/qcom/opensource/data-ipa-cfg-mgr/ipacm/src/IPACM_Routing.cpp:111 AddRoutingRule() Added routing rule 0xb4000075792e37b0
08-10 16:39:57.519  2041  2066 D IPACM   : vendor/qcom/opensource/data-ipa-cfg-mgr/ipacm/src/IPACM_Routing.cpp:111 AddRoutingRule() Added routing rule 0xb4000075792e37b0
08-10 16:39:57.520  2041  2066 D IPACM   : vendor/qcom/opensource/data-ipa-cfg-mgr/ipacm/src/IPACM_Routing.cpp:111 AddRoutingRule() Added routing rule 0xb4000075792e37b0
08-10 16:39:57.521  2041  2066 D IPACM   : vendor/qcom/opensource/data-ipa-cfg-mgr/ipacm/src/IPACM_Routing.cpp:111 AddRoutingRule() Added routing rule 0xb4000075792e37b0
08-10 16:39:57.521  1415  1570 D SDM     : HWDeviceDRM::SetupConcurrentWriteback: Tear down the Concurrent Writeback topology
08-10 16:39:57.522  2041  2066 D IPACM   : vendor/qcom/opensource/data-ipa-cfg-mgr/ipacm/src/IPACM_Routing.cpp:111 AddRoutingRule() Added routing rule 0xb4000075792e37b0
08-10 16:39:57.523  2041  2066 D IPACM   : vendor/qcom/opensource/data-ipa-cfg-mgr/ipacm/src/IPACM_Routing.cpp:111 AddRoutingRule() Added routing rule 0xb4000075792e37b0
08-10 16:39:57.524  2041  2066 D IPACM   : vendor/qcom/opensource/data-ipa-cfg-mgr/ipacm/src/IPACM_Routing.cpp:111 AddRoutingRule() Added routing rule 0xb4000075792e37b0
08-10 16:39:57.524  2041  2066 D IPACM   : vendor/qcom/opensource/data-ipa-cfg-mgr/ipacm/src/IPACM_Routing.cpp:111 AddRoutingRule() Added routing rule 0xb4000075792e37b0
08-10 16:39:57.532  1415  3562 D SDM     : HWCSession::NotifyCWBStatus: Notify the client about buffer status 0.
08-10 16:39:57.532  1415  3562 D SDM     : HWCSession::PerformFenceWaits: Remove current release fence from the pending fence wait queue.
08-10 16:39:57.533  1415  3562 D SDM     : HWCSession::PerformFenceWaits: CWB fence queue is empty. No pending release fence to wait on.
08-10 16:39:57.534  2234  3555 D libsensor-parseRGB: the value of RGB [818.268574 813.626122 834.750142 700.307339 695.448282 717.212409 1948.968744 1946.674081 1959.352244 222.685651 216.845001 242.774673]
08-10 16:39:57.560  4486  4486 D ArtChoreographerMonitor: invoke error.
08-10 16:39:57.568  2234  3560 I libsensor-displayalgo: the value of channelCali C:302.322643,R:151.104260,G:115.332503,B:67.625177,scales C:0.909244,R:0.954885,G:0.875467,B:0.808810, hsv: -1.000000, ScreenId: 1
08-10 16:39:57.568  2234  3560 E libsensor-displayalgo: value of coefs 5,850.073000,4.965174,-2.685090,1.640057,-4.685160, line 101
08-10 16:39:57.568  2234  3560 D libsensor-displayalgo: brightness:556.000000,R:818.268574,G:813.626122,B:834.750142,EVENT C:2280.077393,R:1130.038330,G:1070.036377,B:582.519775, lux: 96.934502
08-10 16:39:57.575  2701  3752 I SmartPower: com.android.vending:background/10162(8028): background->idle(3009ms) R(broadcast start Intent { act=android.intent.action.PACKAGE_REMOVED dat=package: flg=0x4000010 (has extras) }) adj=915.
08-10 16:39:57.577  9915  9915 D vold    :  success write idle > /sys/block/zram0/writeback
08-10 16:39:57.578  2701  3752 I SmartPower: android.process.acore/10079(10368): background->idle(3001ms) R(broadcast start Intent { act=android.intent.action.PACKAGE_REMOVED dat=package: flg=0x4000010 (has extras) }) adj=800.
08-10 16:39:57.583  2701  3752 I SmartPower: com.milink.service:audio/10193(31269): background->idle(3001ms) R(broadcast start Intent { act=android.intent.action.PACKAGE_REMOVED dat=package: flg=0x4000010 (has extras) }) adj=100.
08-10 16:39:57.586  2701  3752 I SmartPower: com.google.android.as/10131(32377): background->idle(3000ms) R(broadcast start Intent { act=android.intent.action.PACKAGE_REMOVED dat=package: flg=0x4000010 (has extras) }) adj=100.
08-10 16:39:57.602  2701  3752 I SmartPower: com.facebook.orca/10332(17376): background->idle(3008ms) R(broadcast start Intent { act=android.intent.action.PACKAGE_REMOVED dat=package: flg=0x4000010 (has extras) }) adj=925.
08-10 16:39:57.605  2701  3752 I SmartPower: com.facebook.katana/10279(13657): background->idle(3007ms) R(broadcast start Intent { act=android.intent.action.PACKAGE_REMOVED dat=package: flg=0x4000010 (has extras) }) adj=915.
08-10 16:39:57.609  2701  3752 I SmartPower: com.xiaomi.mipicks/10187(26868): background->idle(3008ms) R(broadcast start Intent { act=android.intent.action.PACKAGE_REMOVED dat=package: flg=0x4000010 (has extras) }) adj=915.
08-10 16:39:57.609  2701  3752 I SmartPower: com.lenovo.anyshare.gps/10293(30675): background->idle(3005ms) R(broadcast start Intent { act=android.intent.action.PACKAGE_REMOVED dat=package: flg=0x4000010 (has extras) }) adj=955.
08-10 16:39:57.609  2701  3752 I SmartPower: com.google.android.documentsui/10086(6662): background->idle(3004ms) R(broadcast start Intent { act=android.intent.action.PACKAGE_REMOVED dat=package: flg=0x4000010 (has extras) }) adj=905.
08-10 16:39:57.668  2701  3479 I MIUIInput: [MotionEvent] notifyMotion - eventTime=183252531418000, deviceId=7, source=0x1002, policyFlags=0x0, action=0x0, flags=0x0, downTime=183252531418000
08-10 16:39:57.670  2701  3478 I MIUIInput: [MotionEvent] publisher action=0x0, deviceId=7, 183252531, channel '6611b77 com.example.simplertask/com.example.simplertask.MainActivity (server)'
08-10 16:39:57.671  2701  3478 I MIUIInput: [MotionEvent] publisher action=0x0, deviceId=7, 183252531, channel '[Gesture Monitor] miui-touch-fod (server)'
08-10 16:39:57.671  2701  3478 I MIUIInput: [MotionEvent] publisher action=0x0, deviceId=7, 183252531, channel '[Gesture Monitor] miui-gesture (server)'
08-10 16:39:57.672  2701  3726 E RTMode  : pkgName: com.example.simplertask has no permission
08-10 16:39:57.689  2701  3726 E RTMode  : pkgName: com.example.simplertask has no permission
08-10 16:39:57.692  2701  3726 E RTMode  : pkgName: com.example.simplertask has no permission
08-10 16:39:57.693  5421  5421 I MIUIInput: [MotionEvent] ViewRootImpl windowName 'com.example.simplertask/com.example.simplertask.MainActivity', { action=ACTION_DOWN, id[0]=0, pointerCount=1, eventTime=183252531, downTime=183252531, phoneEventTime=16:39:57.668 } moveCount:0
08-10 16:39:57.696  2701  3726 E RTMode  : pkgName: com.example.simplertask has no permission
08-10 16:39:57.701  2701  3726 E RTMode  : pkgName: com.example.simplertask has no permission
08-10 16:39:57.705  2701  3726 E RTMode  : pkgName: com.example.simplertask has no permission
08-10 16:39:57.709  2701  3726 E RTMode  : pkgName: com.example.simplertask has no permission
08-10 16:39:57.713  2701  3726 E RTMode  : pkgName: com.example.simplertask has no permission
08-10 16:39:57.718  2701  3726 E RTMode  : pkgName: com.example.simplertask has no permission
08-10 16:39:57.722  2701  3726 E RTMode  : pkgName: com.example.simplertask has no permission
08-10 16:39:57.724  2701  3752 I SmartPower: com.miui.android.fashiongallery/10268(16518): background->idle(3002ms) R(broadcast start Intent { act=android.intent.action.PACKAGE_ADDED dat=package: flg=0x4000010 (has extras) }) adj=905.
08-10 16:39:57.726  2701  3726 E RTMode  : pkgName: com.example.simplertask has no permission
08-10 16:39:57.727  2701  3752 I SmartPower: com.instagram.android/10306(16496): background->idle(3004ms) R(broadcast start Intent { act=android.intent.action.PACKAGE_ADDED dat=package: flg=0x4000010 (has extras) }) adj=915.
08-10 16:39:57.728  2701  3479 I MIUIInput: [MotionEvent] notifyMotion - eventTime=183252591382000, deviceId=7, source=0x1002, policyFlags=0x0, action=0x1, flags=0x0, downTime=183252531418000
08-10 16:39:57.729  2701  3478 I MIUIInput: [MotionEvent] publisher action=0x1, deviceId=7, 183252591, channel '6611b77 com.example.simplertask/com.example.simplertask.MainActivity (server)'
08-10 16:39:57.729  2701  3478 I MIUIInput: [MotionEvent] publisher action=0x1, deviceId=7, 183252591, channel '[Gesture Monitor] miui-touch-fod (server)'
08-10 16:39:57.729  2701  3478 I MIUIInput: [MotionEvent] publisher action=0x1, deviceId=7, 183252591, channel '[Gesture Monitor] miui-gesture (server)'
08-10 16:39:57.732  5421  5421 I MIUIInput: [MotionEvent] ViewRootImpl windowName 'com.example.simplertask/com.example.simplertask.MainActivity', { action=ACTION_UP, id[0]=0, pointerCount=1, eventTime=183252591, downTime=183252531, phoneEventTime=16:39:57.727 } moveCount:4
08-10 16:39:57.735  4486  4685 D ArtChoreographerMonitor: invoke error.
08-10 16:39:57.745  5421  5421 W RenderThread: type=1400 audit(0.0:271997): avc:  denied  { getattr } for  path="/sys/module/metis/parameters/minor_window_app" dev="sysfs" ino=61709 scontext=u:r:untrusted_app:s0:c232,c257,c512,c768 tcontext=u:object_r:sysfs_migt:s0 tclass=file permissive=0 app=com.example.simplertask
08-10 16:39:57.749  5421  9922 E LB      : fail to open node: No such file or directory
08-10 16:39:57.768  5421  9922 E LB      : fail to open node: No such file or directory
08-10 16:39:57.761  5421  5421 W RenderThread: type=1400 audit(0.0:271998): avc:  denied  { getattr } for  path="/sys/module/metis/parameters/minor_window_app" dev="sysfs" ino=61709 scontext=u:r:untrusted_app:s0:c232,c257,c512,c768 tcontext=u:object_r:sysfs_migt:s0 tclass=file permissive=0 app=com.example.simplertask
08-10 16:39:57.772  5421  9922 E LB      : fail to open node: No such file or directory
08-10 16:39:57.765  5421  5421 W RenderThread: type=1400 audit(0.0:271999): avc:  denied  { getattr } for  path="/sys/module/metis/parameters/minor_window_app" dev="sysfs" ino=61709 scontext=u:r:untrusted_app:s0:c232,c257,c512,c768 tcontext=u:object_r:sysfs_migt:s0 tclass=file permissive=0 app=com.example.simplertask
08-10 16:39:57.776  5421  9922 E LB      : fail to open node: No such file or directory
08-10 16:39:57.782  5421  9922 E LB      : fail to open node: No such file or directory
08-10 16:39:57.790  5421  9922 E LB      : fail to open node: No such file or directory
08-10 16:39:57.797  5421  9922 E LB      : fail to open node: No such file or directory
08-10 16:39:57.805  1415  2011 I vendor.qti.hardware.display.composer-service: FrameNotifyProcess Sensor: notify citsensorservice to trigger cwb
08-10 16:39:57.806  2234  3576 I libcitsensorservice@2.0-impl: msg_transfer
08-10 16:39:57.806  2234  3554 I libsensor-parseRGB: request dump start
08-10 16:39:57.806  2234  3554 D vendor.xiaomi.sensor.citsensorservice@2.0-service: handle id:11 wxh:1280x2712 uwxuh:1220x2712 size: 10416128 fd:15 fd_meta:16 flags:0x4000228 usage:0x33  format:0x3 layer_count: 1 reserved_size = 0
08-10 16:39:57.806  1415  1877 D SDM     : HWCSession::SetCWBOutputBuffer: CWB config passed by cwb_client : tappoint 1  CWB_ROI : (817.000000 7.000000 978.000000 128.000000)
08-10 16:39:57.807  5421  9922 E LB      : fail to open node: No such file or directory
08-10 16:39:57.808  1415  3561 D SDM     : HWCSession::ProcessRequests: Successfully configured CWB buffer.
08-10 16:39:57.812  5421  9922 E LB      : fail to open node: No such file or directory
08-10 16:39:57.817  1415  3561 D SDM     : HWCSession::ProcessRequests: Pushing release fence in fenece wait queue.
08-10 16:39:57.817  1415  3561 D SDM     : HWCSession::ProcessRequests: Creating AsyncFenceWaits async thread.
08-10 16:39:57.817  1415  3561 D SDM     : HWCSession::ProcessRequests: Remove current CWB request from the pending request queue.
08-10 16:39:57.818  1415  3561 D SDM     : HWCSession::ProcessRequests: No pending cwb requests found in the queue.
08-10 16:39:57.821  5421  9922 E LB      : fail to open node: No such file or directory
08-10 16:39:57.822  1415  1570 D SDM     : HWDeviceDRM::SetupConcurrentWriteback: Tear down the Concurrent Writeback topology
08-10 16:39:57.830  5421  9922 E LB      : fail to open node: No such file or directory
08-10 16:39:57.833  1415  3562 D SDM     : HWCSession::NotifyCWBStatus: Notify the client about buffer status 0.
08-10 16:39:57.834  1415  3562 D SDM     : HWCSession::PerformFenceWaits: Remove current release fence from the pending fence wait queue.
08-10 16:39:57.834  1415  3562 D SDM     : HWCSession::PerformFenceWaits: CWB fence queue is empty. No pending release fence to wait on.
08-10 16:39:57.835  2234  3555 D libsensor-parseRGB: the value of RGB [818.268574 813.626122 834.750142 700.307339 695.448282 717.212409 1948.968744 1946.674081 1959.352244 222.685651 216.845001 242.774673]
08-10 16:39:57.836  2701  3736 D HyperStabilitySdkService: checkDmabufStatus done, exceedLimitsList:[], totalDmabufSize:0
08-10 16:39:57.839  5421  9922 E LB      : fail to open node: No such file or directory
08-10 16:39:57.847  5421  9922 E LB      : fail to open node: No such file or directory
08-10 16:39:57.856  5421  9922 E LB      : fail to open node: No such file or directory
08-10 16:39:57.865  5421  9922 E LB      : fail to open node: No such file or directory
08-10 16:39:57.870  2234  3560 I libsensor-displayalgo: the value of channelCali C:302.322643,R:151.104260,G:115.332503,B:67.625177,scales C:0.909244,R:0.954885,G:0.875467,B:0.808810, hsv: -1.000000, ScreenId: 1
08-10 16:39:57.870  2234  3560 E libsensor-displayalgo: value of coefs 5,850.073000,4.965174,-2.685090,1.640057,-4.685160, line 101
08-10 16:39:57.870  2234  3560 D libsensor-displayalgo: brightness:556.000000,R:818.268574,G:813.626122,B:834.750142,EVENT C:2012.568359,R:1017.534546,G:935.031738,B:512.517395, lux: 82.858406
08-10 16:39:57.873  5421  9922 E LB      : fail to open node: No such file or directory
