08-10 16:39:57.877  5421  5421 W RenderThread: type=1400 audit(0.0:272013): avc:  denied  { getattr } for  path="/sys/module/metis/parameters/minor_window_app" dev="sysfs" ino=61709 scontext=u:r:untrusted_app:s0:c232,c257,c512,c768 tcontext=u:object_r:sysfs_migt:s0 tclass=file permissive=0 app=com.example.simplertask
08-10 16:39:57.885  5421  5421 W RenderThread: type=1400 audit(0.0:272014): avc:  denied  { getattr } for  path="/sys/module/metis/parameters/minor_window_app" dev="sysfs" ino=61709 scontext=u:r:untrusted_app:s0:c232,c257,c512,c768 tcontext=u:object_r:sysfs_migt:s0 tclass=file permissive=0 app=com.example.simplertask
08-10 16:39:57.889  5421  9922 E LB      : fail to open node: No such file or directory
08-10 16:39:57.894  1275  1328 E minksocket: MinkIPC_QRTR_Service: client with node 1 port 4b44 went down
08-10 16:39:57.895  1275  1328 E minksocket: MinkIPC_QRTR_Service: client with node 1 port 4b45 went down
08-10 16:39:57.897  1275  1328 E minksocket: MinkIPC_QRTR_Service: client with node 1 port 4b46 went down
08-10 16:39:57.893  5421  5421 W RenderThread: type=1400 audit(0.0:272015): avc:  denied  { getattr } for  path="/sys/module/metis/parameters/minor_window_app" dev="sysfs" ino=61709 scontext=u:r:untrusted_app:s0:c232,c257,c512,c768 tcontext=u:object_r:sysfs_migt:s0 tclass=file permissive=0 app=com.example.simplertask
08-10 16:39:57.897  5421  9922 E LB      : fail to open node: No such file or directory
08-10 16:39:57.899  1275  1328 E minksocket: MinkIPC_QRTR_Service: client with node 1 port 4b48 went down
08-10 16:39:57.901  1275  1328 E minksocket: MinkIPC_QRTR_Service: client with node 1 port 4b49 went down
08-10 16:39:57.901  4486  4486 D ArtChoreographerMonitor: invoke error.
08-10 16:39:57.902  1275  1328 E minksocket: MinkIPC_QRTR_Service: client with node 1 port 4b4a went down
08-10 16:39:57.905  2041  2066 D IPACM   : vendor/qcom/opensource/data-ipa-cfg-mgr/ipacm/src/IPACM_Routing.cpp:343 DeleteRoutingHdl() Deleting Route hdl:(0x14) with ip type: 1
08-10 16:39:57.905  5421  9922 E LB      : fail to open node: No such file or directory
08-10 16:39:57.901  5421  5421 W RenderThread: type=1400 audit(0.0:272016): avc:  denied  { getattr } for  path="/sys/module/metis/parameters/minor_window_app" dev="sysfs" ino=61709 scontext=u:r:untrusted_app:s0:c232,c257,c512,c768 tcontext=u:object_r:sysfs_migt:s0 tclass=file permissive=0 app=com.example.simplertask
08-10 16:39:57.906  2041  2066 D IPACM   : vendor/qcom/opensource/data-ipa-cfg-mgr/ipacm/src/IPACM_Routing.cpp:343 DeleteRoutingHdl() Deleting Route hdl:(0x15) with ip type: 1
08-10 16:39:57.907  2041  2066 D IPACM   : vendor/qcom/opensource/data-ipa-cfg-mgr/ipacm/src/IPACM_Routing.cpp:343 DeleteRoutingHdl() Deleting Route hdl:(0x13) with ip type: 1
08-10 16:39:57.907  2041  2066 D IPACM   : vendor/qcom/opensource/data-ipa-cfg-mgr/ipacm/src/IPACM_Routing.cpp:343 DeleteRoutingHdl() Deleting Route hdl:(0x17) with ip type: 1
08-10 16:39:57.909  2041  2066 D IPACM   : vendor/qcom/opensource/data-ipa-cfg-mgr/ipacm/src/IPACM_Routing.cpp:111 AddRoutingRule() Added routing rule 0xb4000075792e37b0
08-10 16:39:57.909  2041  2066 D IPACM   : vendor/qcom/opensource/data-ipa-cfg-mgr/ipacm/src/IPACM_Routing.cpp:111 AddRoutingRule() Added routing rule 0xb4000075792e37b0
08-10 16:39:57.910  2041  2066 D IPACM   : vendor/qcom/opensource/data-ipa-cfg-mgr/ipacm/src/IPACM_Routing.cpp:111 AddRoutingRule() Added routing rule 0xb4000075792e37b0
08-10 16:39:57.910  2041  2066 D IPACM   : vendor/qcom/opensource/data-ipa-cfg-mgr/ipacm/src/IPACM_Routing.cpp:111 AddRoutingRule() Added routing rule 0xb4000075792e37b0
08-10 16:39:57.911  2041  2066 D IPACM   : vendor/qcom/opensource/data-ipa-cfg-mgr/ipacm/src/IPACM_Routing.cpp:343 DeleteRoutingHdl() Deleting Route hdl:(0x19) with ip type: 0
08-10 16:39:57.911  2041  2066 D IPACM   : vendor/qcom/opensource/data-ipa-cfg-mgr/ipacm/src/IPACM_Routing.cpp:343 DeleteRoutingHdl() Deleting Route hdl:(0x18) with ip type: 0
08-10 16:39:57.912  2041  2066 D IPACM   : vendor/qcom/opensource/data-ipa-cfg-mgr/ipacm/src/IPACM_Routing.cpp:343 DeleteRoutingHdl() Deleting Route hdl:(0x1a) with ip type: 0
08-10 16:39:57.909  5421  5421 W RenderThread: type=1400 audit(0.0:272017): avc:  denied  { getattr } for  path="/sys/module/metis/parameters/minor_window_app" dev="sysfs" ino=61709 scontext=u:r:untrusted_app:s0:c232,c257,c512,c768 tcontext=u:object_r:sysfs_migt:s0 tclass=file permissive=0 app=com.example.simplertask
08-10 16:39:57.913  5421  9922 E LB      : fail to open node: No such file or directory
08-10 16:39:57.915  2041  2066 D IPACM   : vendor/qcom/opensource/data-ipa-cfg-mgr/ipacm/src/IPACM_Routing.cpp:111 AddRoutingRule() Added routing rule 0xb4000075792e37b0
08-10 16:39:57.916  2041  2066 D IPACM   : vendor/qcom/opensource/data-ipa-cfg-mgr/ipacm/src/IPACM_Routing.cpp:111 AddRoutingRule() Added routing rule 0xb4000075792e37b0
08-10 16:39:57.916  2041  2066 D IPACM   : vendor/qcom/opensource/data-ipa-cfg-mgr/ipacm/src/IPACM_Routing.cpp:111 AddRoutingRule() Added routing rule 0xb4000075792e37b0
08-10 16:39:57.917  2041  2066 D IPACM   : vendor/qcom/opensource/data-ipa-cfg-mgr/ipacm/src/IPACM_Routing.cpp:343 DeleteRoutingHdl() Deleting Route hdl:(0x1c) with ip type: 0
08-10 16:39:57.918  2041  2066 D IPACM   : vendor/qcom/opensource/data-ipa-cfg-mgr/ipacm/src/IPACM_Routing.cpp:343 DeleteRoutingHdl() Deleting Route hdl:(0x1b) with ip type: 0
08-10 16:39:57.919  2041  2066 D IPACM   : vendor/qcom/opensource/data-ipa-cfg-mgr/ipacm/src/IPACM_Routing.cpp:343 DeleteRoutingHdl() Deleting Route hdl:(0x1d) with ip type: 0
08-10 16:39:57.920  2041  2066 D IPACM   : vendor/qcom/opensource/data-ipa-cfg-mgr/ipacm/src/IPACM_Routing.cpp:111 AddRoutingRule() Added routing rule 0xb4000075792e37b0
08-10 16:39:57.921  2041  2066 D IPACM   : vendor/qcom/opensource/data-ipa-cfg-mgr/ipacm/src/IPACM_Routing.cpp:111 AddRoutingRule() Added routing rule 0xb4000075792e37b0
08-10 16:39:57.922  2041  2066 D IPACM   : vendor/qcom/opensource/data-ipa-cfg-mgr/ipacm/src/IPACM_Routing.cpp:111 AddRoutingRule() Added routing rule 0xb4000075792e37b0
08-10 16:39:57.922  2041  2066 D IPACM   : vendor/qcom/opensource/data-ipa-cfg-mgr/ipacm/src/IPACM_Routing.cpp:343 DeleteRoutingHdl() Deleting Route hdl:(0x1f) with ip type: 1
08-10 16:39:57.922  5421  9922 E LB      : fail to open node: No such file or directory
08-10 16:39:57.923  2041  2066 D IPACM   : vendor/qcom/opensource/data-ipa-cfg-mgr/ipacm/src/IPACM_Routing.cpp:343 DeleteRoutingHdl() Deleting Route hdl:(0x21) with ip type: 1
08-10 16:39:57.924  2041  2066 D IPACM   : vendor/qcom/opensource/data-ipa-cfg-mgr/ipacm/src/IPACM_Routing.cpp:343 DeleteRoutingHdl() Deleting Route hdl:(0x1e) with ip type: 1
08-10 16:39:57.925  2041  2066 D IPACM   : vendor/qcom/opensource/data-ipa-cfg-mgr/ipacm/src/IPACM_Routing.cpp:343 DeleteRoutingHdl() Deleting Route hdl:(0x22) with ip type: 1
08-10 16:39:57.925  2041  2066 D IPACM   : vendor/qcom/opensource/data-ipa-cfg-mgr/ipacm/src/IPACM_Routing.cpp:343 DeleteRoutingHdl() Deleting Route hdl:(0x25) with ip type: 1
08-10 16:39:57.926  2041  2066 D IPACM   : vendor/qcom/opensource/data-ipa-cfg-mgr/ipacm/src/IPACM_Routing.cpp:343 DeleteRoutingHdl() Deleting Route hdl:(0x26) with ip type: 1
08-10 16:39:57.928  2041  2066 D IPACM   : vendor/qcom/opensource/data-ipa-cfg-mgr/ipacm/src/IPACM_Routing.cpp:343 DeleteRoutingHdl() Deleting Route hdl:(0x23) with ip type: 1
08-10 16:39:57.929  2041  2066 D IPACM   : vendor/qcom/opensource/data-ipa-cfg-mgr/ipacm/src/IPACM_Routing.cpp:343 DeleteRoutingHdl() Deleting Route hdl:(0x27) with ip type: 1
08-10 16:39:57.930  2041  2066 D IPACM   : vendor/qcom/opensource/data-ipa-cfg-mgr/ipacm/src/IPACM_Routing.cpp:111 AddRoutingRule() Added routing rule 0xb4000075792e37b0
08-10 16:39:57.930  5421  9922 E LB      : fail to open node: No such file or directory
08-10 16:39:57.931  2041  2066 D IPACM   : vendor/qcom/opensource/data-ipa-cfg-mgr/ipacm/src/IPACM_Routing.cpp:111 AddRoutingRule() Added routing rule 0xb4000075792e37b0
08-10 16:39:57.932  2041  2066 D IPACM   : vendor/qcom/opensource/data-ipa-cfg-mgr/ipacm/src/IPACM_Routing.cpp:111 AddRoutingRule() Added routing rule 0xb4000075792e37b0
08-10 16:39:57.932  2041  2066 D IPACM   : vendor/qcom/opensource/data-ipa-cfg-mgr/ipacm/src/IPACM_Routing.cpp:111 AddRoutingRule() Added routing rule 0xb4000075792e37b0
08-10 16:39:57.933  2041  2066 D IPACM   : vendor/qcom/opensource/data-ipa-cfg-mgr/ipacm/src/IPACM_Routing.cpp:111 AddRoutingRule() Added routing rule 0xb4000075792e37b0
08-10 16:39:57.933  2041  2066 D IPACM   : vendor/qcom/opensource/data-ipa-cfg-mgr/ipacm/src/IPACM_Routing.cpp:111 AddRoutingRule() Added routing rule 0xb4000075792e37b0
08-10 16:39:57.934  2041  2066 D IPACM   : vendor/qcom/opensource/data-ipa-cfg-mgr/ipacm/src/IPACM_Routing.cpp:111 AddRoutingRule() Added routing rule 0xb4000075792e37b0
08-10 16:39:57.934  2041  2066 D IPACM   : vendor/qcom/opensource/data-ipa-cfg-mgr/ipacm/src/IPACM_Routing.cpp:111 AddRoutingRule() Added routing rule 0xb4000075792e37b0
08-10 16:39:57.938  5421  9922 E LB      : fail to open node: No such file or directory
08-10 16:39:57.941  1219  1219 I zygote  : Delayed USAP Pool refill. New USAPs: 1
08-10 16:39:57.948  5421  9922 E LB      : fail to open node: No such file or directory
08-10 16:39:57.956  5421  9922 E LB      : fail to open node: No such file or directory
08-10 16:39:57.960  1219  1219 D Zygote  : Forked child process 9961
08-10 16:39:57.969  5421  9922 E LB      : fail to open node: No such file or directory
08-10 16:39:57.974  5421  9922 E LB      : fail to open node: No such file or directory
08-10 16:39:57.979  5421  9922 E LB      : fail to open node: No such file or directory
08-10 16:39:57.989  5421  9922 E LB      : fail to open node: No such file or directory
08-10 16:39:57.997  5421  9922 E LB      : fail to open node: No such file or directory
08-10 16:39:58.006  5421  9922 E LB      : fail to open node: No such file or directory
08-10 16:39:58.015  5421  9922 E LB      : fail to open node: No such file or directory
08-10 16:39:58.023  5421  9922 E LB      : fail to open node: No such file or directory
08-10 16:39:58.031  5421  9922 E LB      : fail to open node: No such file or directory
08-10 16:39:58.039  5421  9922 E LB      : fail to open node: No such file or directory
08-10 16:39:58.047  5421  9922 E LB      : fail to open node: No such file or directory
08-10 16:39:58.057  5421  9922 E LB      : fail to open node: No such file or directory
08-10 16:39:58.064   869  9914 D vold    : flush process has been finished in normal with status: 0
08-10 16:39:58.064   869  9914 D vold    :  listener->onFinished 
08-10 16:39:58.065  2701  4730 W ExtM    : Flush finished with status: 0
08-10 16:39:58.066  5421  9922 E LB      : fail to open node: No such file or directory
08-10 16:39:58.074  5421  9922 E LB      : fail to open node: No such file or directory
08-10 16:39:58.082  5421  9922 E LB      : fail to open node: No such file or directory
08-10 16:39:58.089  5421  9922 E LB      : fail to open node: No such file or directory
08-10 16:39:58.094  2701  3746 E HyperSentinel: -------------------------------------------------------
08-10 16:39:58.094  2701  3746 E HyperSentinel: Event_ThreadAmount
08-10 16:39:58.095  2701  3746 E HyperSentinel: -> audit event by proc 9712 "com.miui.weather2": running threads amount, 0 -> 22
08-10 16:39:58.099  5421  9922 E LB      : fail to open node: No such file or directory
08-10 16:39:58.106  5421  9922 E LB      : fail to open node: No such file or directory
08-10 16:39:58.106  1415  2011 I vendor.qti.hardware.display.composer-service: FrameNotifyProcess Sensor: notify citsensorservice to trigger cwb
08-10 16:39:58.106  2234  2322 I libcitsensorservice@2.0-impl: msg_transfer
08-10 16:39:58.106  2234  3554 I libsensor-parseRGB: request dump start
08-10 16:39:58.106  2234  3554 D vendor.xiaomi.sensor.citsensorservice@2.0-service: handle id:11 wxh:1280x2712 uwxuh:1220x2712 size: 10416128 fd:15 fd_meta:16 flags:0x4000228 usage:0x33  format:0x3 layer_count: 1 reserved_size = 0
08-10 16:39:58.106  1415  1877 D SDM     : HWCSession::SetCWBOutputBuffer: CWB config passed by cwb_client : tappoint 1  CWB_ROI : (817.000000 7.000000 978.000000 128.000000)
08-10 16:39:58.109  1415  3561 D SDM     : HWCSession::ProcessRequests: Successfully configured CWB buffer.
08-10 16:39:58.114  5421  9922 E LB      : fail to open node: No such file or directory
08-10 16:39:58.118  1415  3561 D SDM     : HWCSession::ProcessRequests: Pushing release fence in fenece wait queue.
08-10 16:39:58.118  1415  3561 D SDM     : HWCSession::ProcessRequests: Creating AsyncFenceWaits async thread.
08-10 16:39:58.118  1415  3561 D SDM     : HWCSession::ProcessRequests: Remove current CWB request from the pending request queue.
08-10 16:39:58.118  1415  3561 D SDM     : HWCSession::ProcessRequests: No pending cwb requests found in the queue.
08-10 16:39:58.122  5421  9922 E LB      : fail to open node: No such file or directory
08-10 16:39:58.123  1415  1570 D SDM     : HWDeviceDRM::SetupConcurrentWriteback: Tear down the Concurrent Writeback topology
08-10 16:39:58.131  5421  9922 E LB      : fail to open node: No such file or directory
08-10 16:39:58.133  1415  3562 D SDM     : HWCSession::NotifyCWBStatus: Notify the client about buffer status 0.
08-10 16:39:58.135  1415  3562 D SDM     : HWCSession::PerformFenceWaits: Remove current release fence from the pending fence wait queue.
08-10 16:39:58.135  1415  3562 D SDM     : HWCSession::PerformFenceWaits: CWB fence queue is empty. No pending release fence to wait on.
08-10 16:39:58.136  2234  3555 D libsensor-parseRGB: the value of RGB [818.268574 813.626122 834.750142 700.307339 695.448282 717.212409 1948.968744 1946.674081 1959.352244 222.685651 216.845001 242.774673]
08-10 16:39:58.139  5421  9922 E LB      : fail to open node: No such file or directory
08-10 16:39:58.147  5421  9922 E LB      : fail to open node: No such file or directory
08-10 16:39:58.151  4275  4388 E Tethering: [api31.BpfCoordinatorShimImpl] ERROR Could not insert entry (iif: 35, dstMac: 3e:57:b5:b8:02:55, l4proto: 6, src4: /192.168.239.70, dst4: /140.82.114.22, srcPort: 38206, dstPort: 443, oif: 20, ethDstMac: 00:00:00:00:00:00, ethSrcMac: 00:00:00:00:00:00, ethProto: 2048, pmtu: 1500, src46: /10.150.168.209, dst46: /140.82.114.22, srcPort: 38206, dstPort: 443, lastUsed: 0): android.system.ErrnoException: nativeWriteToMapEntry failed: E2BIG (Argument list too long)
08-10 16:39:58.153  4275  4388 E Tethering: [api31.BpfCoordinatorShimImpl] ERROR Could not insert entry (iif: 20, dstMac: 00:00:00:00:00:00, l4proto: 6, src4: /140.82.114.22, dst4: /10.150.168.209, srcPort: 443, dstPort: 38206, oif: 35, ethDstMac: 58:1c:f8:fb:e7:f8, ethSrcMac: 3e:57:b5:b8:02:55, ethProto: 2048, pmtu: 1500, src46: /140.82.114.22, dst46: /192.168.239.70, srcPort: 443, dstPort: 38206, lastUsed: 0): android.system.ErrnoException: nativeWriteToMapEntry failed: E2BIG (Argument list too long)
08-10 16:39:58.156  5421  9922 E LB      : fail to open node: No such file or directory
08-10 16:39:58.164  5421  9922 E LB      : fail to open node: No such file or directory
08-10 16:39:58.169  2234  3560 I libsensor-displayalgo: the value of channelCali C:302.322643,R:151.104260,G:115.332503,B:67.625177,scales C:0.909244,R:0.954885,G:0.875467,B:0.808810, hsv: -1.000000, ScreenId: 1
08-10 16:39:58.169  2234  3560 E libsensor-displayalgo: value of coefs 5,850.073000,4.965174,-2.685090,1.640057,-4.685160, line 101
08-10 16:39:58.169  2234  3560 D libsensor-displayalgo: brightness:556.000000,R:818.268574,G:813.626122,B:834.750142,EVENT C:2315.078613,R:1145.038818,G:1085.036865,B:600.020386, lux: 98.176003
08-10 16:39:58.173  5421  9922 E LB      : fail to open node: No such file or directory
08-10 16:39:58.181  5421  9922 E LB      : fail to open node: No such file or directory
08-10 16:39:58.190  5421  9922 E LB      : fail to open node: No such file or directory
08-10 16:39:58.193  2701  4730 D MFZ     : Flush finished! After Flush idle_stats: 14953 81901 140966 12252 23038 3 0 5 0 13142
08-10 16:39:58.193  2701  4730 D MFZ     : Flush finished! After Flush bd_stats:   453585  7219278  7394989        0        0        0
08-10 16:39:58.194  2701  4730 D MFZ     : Flush finished! After Flush zramFreeKb: 7354420KB
08-10 16:39:58.194  2701  4730 I ExtM    : 20017(78 m) pages flushed
08-10 16:39:58.194  2701  4730 I ExtM    : After flushing
08-10 16:39:58.194  2701  4730 I ExtM    : Total stat:
08-10 16:39:58.194  2701  4730 I ExtM    :   total marked 0(0 m), total flushed 7321271(28598 m)
08-10 16:39:58.194  2701  4730 I ExtM    :   wb stat:   453585  7219278  7394989        0        0        0
08-10 16:39:58.195  2701  4730 I ExtM    :   mm stat: 5352751104 18446744065907516935 838041600        0 1620209664    78504  7712601    17761    29248     7814   316952 49928850 332
08-10 16:39:58.196  5421  9922 E LB      : fail to open node: No such file or directory
08-10 16:39:58.204  5421  9922 E LB      : fail to open node: No such file or directory
08-10 16:39:58.213  5421  9922 E LB      : fail to open node: No such file or directory
08-10 16:39:58.221  5421  9922 E LB      : fail to open node: No such file or directory
08-10 16:39:58.230  5421  9922 E LB      : fail to open node: No such file or directory
08-10 16:39:58.238  5421  9922 E LB      : fail to open node: No such file or directory
08-10 16:39:58.246  5421  9922 E LB      : fail to open node: No such file or directory
08-10 16:39:58.257  5421  9922 E LB      : fail to open node: No such file or directory
08-10 16:39:58.265  5421  9922 E LB      : fail to open node: No such file or directory
08-10 16:39:58.274  5421  9922 E LB      : fail to open node: No such file or directory
08-10 16:39:58.281  5421  9922 E LB      : fail to open node: No such file or directory
08-10 16:39:58.288  4275  4388 E Tethering: [api31.BpfCoordinatorShimImpl] ERROR Could not insert entry (iif: 35, dstMac: 3e:57:b5:b8:02:55, l4proto: 6, src4: /192.168.239.70, dst4: /140.82.114.22, srcPort: 38206, dstPort: 443, oif: 20, ethDstMac: 00:00:00:00:00:00, ethSrcMac: 00:00:00:00:00:00, ethProto: 2048, pmtu: 1500, src46: /10.150.168.209, dst46: /140.82.114.22, srcPort: 38206, dstPort: 443, lastUsed: 0): android.system.ErrnoException: nativeWriteToMapEntry failed: E2BIG (Argument list too long)
08-10 16:39:58.290  4275  4388 E Tethering: [api31.BpfCoordinatorShimImpl] ERROR Could not insert entry (iif: 20, dstMac: 00:00:00:00:00:00, l4proto: 6, src4: /140.82.114.22, dst4: /10.150.168.209, srcPort: 443, dstPort: 38206, oif: 35, ethDstMac: 58:1c:f8:fb:e7:f8, ethSrcMac: 3e:57:b5:b8:02:55, ethProto: 2048, pmtu: 1500, src46: /140.82.114.22, dst46: /192.168.239.70, srcPort: 443, dstPort: 38206, lastUsed: 0): android.system.ErrnoException: nativeWriteToMapEntry failed: E2BIG (Argument list too long)
08-10 16:39:58.290  5421  9922 E LB      : fail to open node: No such file or directory
08-10 16:39:58.292  4275  4388 E Tethering: [api31.BpfCoordinatorShimImpl] ERROR Could not insert entry (iif: 35, dstMac: 3e:57:b5:b8:02:55, l4proto: 6, src4: /192.168.239.70, dst4: /140.82.114.22, srcPort: 38206, dstPort: 443, oif: 20, ethDstMac: 00:00:00:00:00:00, ethSrcMac: 00:00:00:00:00:00, ethProto: 2048, pmtu: 1500, src46: /10.150.168.209, dst46: /140.82.114.22, srcPort: 38206, dstPort: 443, lastUsed: 0): android.system.ErrnoException: nativeWriteToMapEntry failed: E2BIG (Argument list too long)
08-10 16:39:58.295  4275  4388 E Tethering: [api31.BpfCoordinatorShimImpl] ERROR Could not insert entry (iif: 20, dstMac: 00:00:00:00:00:00, l4proto: 6, src4: /140.82.114.22, dst4: /10.150.168.209, srcPort: 443, dstPort: 38206, oif: 35, ethDstMac: 58:1c:f8:fb:e7:f8, ethSrcMac: 3e:57:b5:b8:02:55, ethProto: 2048, pmtu: 1500, src46: /140.82.114.22, dst46: /192.168.239.70, srcPort: 443, dstPort: 38206, lastUsed: 0): android.system.ErrnoException: nativeWriteToMapEntry failed: E2BIG (Argument list too long)
08-10 16:39:58.296  2701  3479 I MIUIInput: [MotionEvent] notifyMotion - eventTime=183253159530000, deviceId=7, source=0x1002, policyFlags=0x0, action=0x0, flags=0x0, downTime=183253159530000
08-10 16:39:58.298  2701  3478 I MIUIInput: [MotionEvent] publisher action=0x0, deviceId=7, 183253159, channel '6611b77 com.example.simplertask/com.example.simplertask.MainActivity (server)'
08-10 16:39:58.298  2701  3478 I MIUIInput: [MotionEvent] publisher action=0x0, deviceId=7, 183253159, channel '[Gesture Monitor] miui-touch-fod (server)'
08-10 16:39:58.298  2701  3478 I MIUIInput: [MotionEvent] publisher action=0x0, deviceId=7, 183253159, channel '[Gesture Monitor] miui-gesture (server)'
08-10 16:39:58.298  5421  9922 E LB      : fail to open node: No such file or directory
08-10 16:39:58.302  2701  3726 E RTMode  : pkgName: com.example.simplertask has no permission
08-10 16:39:58.304  5421  5421 I MIUIInput: [MotionEvent] ViewRootImpl windowName 'com.example.simplertask/com.example.simplertask.MainActivity', { action=ACTION_DOWN, id[0]=0, pointerCount=1, eventTime=183253159, downTime=183253159, phoneEventTime=16:39:58.296 } moveCount:0
08-10 16:39:58.307  5421  9922 E LB      : fail to open node: No such file or directory
08-10 16:39:58.313  2701  3746 E HyperSentinel: -------------------------------------------------------
08-10 16:39:58.313  2701  3746 E HyperSentinel: Event_OpenFileFDSize
08-10 16:39:58.313  2701  3746 E HyperSentinel: -> audit event by proc 1590 "/system/bin/surfaceflinger": Fd increasement, peak, 817 -> 720
08-10 16:39:58.314  2701  3745 D MiuiSentinelService: begin judgment FdAmountLeakException
08-10 16:39:58.315  5421  9922 E LB      : fail to open node: No such file or directory
08-10 16:39:58.324  5421  9922 E LB      : fail to open node: No such file or directory
08-10 16:39:58.329  2701  3726 E RTMode  : pkgName: com.example.simplertask has no permission
08-10 16:39:58.333  5421  9922 E LB      : fail to open node: No such file or directory
08-10 16:39:58.333  2701  3726 E RTMode  : pkgName: com.example.simplertask has no permission
08-10 16:39:58.337  2701  3726 E RTMode  : pkgName: com.example.simplertask has no permission
08-10 16:39:58.341  5421  9922 E LB      : fail to open node: No such file or directory
08-10 16:39:58.341  2701  3726 E RTMode  : pkgName: com.example.simplertask has no permission
08-10 16:39:58.345  2701  3726 E RTMode  : pkgName: com.example.simplertask has no permission
08-10 16:39:58.349  5421  9922 E LB      : fail to open node: No such file or directory
08-10 16:39:58.349  2701  3726 E RTMode  : pkgName: com.example.simplertask has no permission
08-10 16:39:58.353  2701  3726 E RTMode  : pkgName: com.example.simplertask has no permission
08-10 16:39:58.357  5421  9922 E LB      : fail to open node: No such file or directory
08-10 16:39:58.358  2701  3726 E RTMode  : pkgName: com.example.simplertask has no permission
08-10 16:39:58.359  6396  6558 I BtGatt.ScanManager: msg.what = MSG_CHECK_SCAN_STATUS, msg.arg1 = CHECK_BACKGROUND_TIMEOUT
08-10 16:39:58.361  2701  3726 E RTMode  : pkgName: com.example.simplertask has no permission
08-10 16:39:58.366  2701  3726 E RTMode  : pkgName: com.example.simplertask has no permission
08-10 16:39:58.366  5421  9922 E LB      : fail to open node: No such file or directory
08-10 16:39:58.370  2701  3726 E RTMode  : pkgName: com.example.simplertask has no permission
08-10 16:39:58.373  2701  3726 E RTMode  : pkgName: com.example.simplertask has no permission
08-10 16:39:58.374  5421  9922 E LB      : fail to open node: No such file or directory
08-10 16:39:58.378  2701  3726 E RTMode  : pkgName: com.example.simplertask has no permission
08-10 16:39:58.380  2701  3479 I MIUIInput: [MotionEvent] notifyMotion - eventTime=183253243655000, deviceId=7, source=0x1002, policyFlags=0x0, action=0x1, flags=0x0, downTime=183253159530000
08-10 16:39:58.381  2701  3478 I MIUIInput: [MotionEvent] publisher action=0x1, deviceId=7, 183253243, channel '6611b77 com.example.simplertask/com.example.simplertask.MainActivity (server)'
08-10 16:39:58.381  2701  3478 I MIUIInput: [MotionEvent] publisher action=0x1, deviceId=7, 183253243, channel '[Gesture Monitor] miui-touch-fod (server)'
08-10 16:39:58.381  2701  3478 I MIUIInput: [MotionEvent] publisher action=0x1, deviceId=7, 183253243, channel '[Gesture Monitor] miui-gesture (server)'
08-10 16:39:58.382  5421  9922 E LB      : fail to open node: No such file or directory
08-10 16:39:58.385  5421  5421 I MIUIInput: [MotionEvent] ViewRootImpl windowName 'com.example.simplertask/com.example.simplertask.MainActivity', { action=ACTION_UP, id[0]=0, pointerCount=1, eventTime=183253243, downTime=183253159, phoneEventTime=16:39:58.380 } moveCount:7
08-10 16:39:58.399  5421  9922 E LB      : fail to open node: No such file or directory
08-10 16:39:58.407  1415  2011 I vendor.qti.hardware.display.composer-service: FrameNotifyProcess Sensor: notify citsensorservice to trigger cwb
08-10 16:39:58.407  2234  2322 I libcitsensorservice@2.0-impl: msg_transfer
08-10 16:39:58.407  2234  3554 I libsensor-parseRGB: request dump start
08-10 16:39:58.407  2234  3554 D vendor.xiaomi.sensor.citsensorservice@2.0-service: handle id:11 wxh:1280x2712 uwxuh:1220x2712 size: 10416128 fd:15 fd_meta:16 flags:0x4000228 usage:0x33  format:0x3 layer_count: 1 reserved_size = 0
08-10 16:39:58.407  1415  1877 D SDM     : HWCSession::SetCWBOutputBuffer: CWB config passed by cwb_client : tappoint 1  CWB_ROI : (817.000000 7.000000 978.000000 128.000000)
08-10 16:39:58.410  1415  3561 D SDM     : HWCSession::ProcessRequests: Successfully configured CWB buffer.
08-10 16:39:58.416  1353  3495 I sensors-hal: handle_sns_std_sensor_event:65, light_event: ts=362444854881871, lux: 99.1, extra_info=0 
08-10 16:39:58.416  5421  9922 E LB      : fail to open node: No such file or directory
08-10 16:39:58.418  1415  3561 D SDM     : HWCSession::ProcessRequests: Pushing release fence in fenece wait queue.
08-10 16:39:58.419  1415  3561 D SDM     : HWCSession::ProcessRequests: Creating AsyncFenceWaits async thread.
08-10 16:39:58.419  1415  3561 D SDM     : HWCSession::ProcessRequests: Remove current CWB request from the pending request queue.
08-10 16:39:58.419  1415  3561 D SDM     : HWCSession::ProcessRequests: No pending cwb requests found in the queue.
08-10 16:39:58.419  5421  9922 E LB      : fail to open node: No such file or directory
08-10 16:39:58.422  5421  9922 E LB      : fail to open node: No such file or directory
08-10 16:39:58.424  1415  1570 D SDM     : HWDeviceDRM::SetupConcurrentWriteback: Tear down the Concurrent Writeback topology
08-10 16:39:58.430  5421  9922 E LB      : fail to open node: No such file or directory
08-10 16:39:58.434  1415  3562 D SDM     : HWCSession::NotifyCWBStatus: Notify the client about buffer status 0.
08-10 16:39:58.435  1415  3562 D SDM     : HWCSession::PerformFenceWaits: Remove current release fence from the pending fence wait queue.
08-10 16:39:58.435  1415  3562 D SDM     : HWCSession::PerformFenceWaits: CWB fence queue is empty. No pending release fence to wait on.
08-10 16:39:58.438  2234  3555 D libsensor-parseRGB: the value of RGB [818.268574 813.626122 834.750142 700.307339 695.448282 717.212409 1948.968744 1946.674081 1959.352244 222.685651 216.845001 242.774673]
08-10 16:39:58.439  5421  9922 E LB      : fail to open node: No such file or directory
08-10 16:39:58.447  5421  9922 E LB      : fail to open node: No such file or directory
08-10 16:39:58.454  4275  4388 E Tethering: [api31.BpfCoordinatorShimImpl] ERROR Could not insert entry (iif: 35, dstMac: 3e:57:b5:b8:02:55, l4proto: 6, src4: /192.168.239.70, dst4: /140.82.114.22, srcPort: 38206, dstPort: 443, oif: 20, ethDstMac: 00:00:00:00:00:00, ethSrcMac: 00:00:00:00:00:00, ethProto: 2048, pmtu: 1500, src46: /10.150.168.209, dst46: /140.82.114.22, srcPort: 38206, dstPort: 443, lastUsed: 0): android.system.ErrnoException: nativeWriteToMapEntry failed: E2BIG (Argument list too long)
08-10 16:39:58.456  4275  4388 E Tethering: [api31.BpfCoordinatorShimImpl] ERROR Could not insert entry (iif: 20, dstMac: 00:00:00:00:00:00, l4proto: 6, src4: /140.82.114.22, dst4: /10.150.168.209, srcPort: 443, dstPort: 38206, oif: 35, ethDstMac: 58:1c:f8:fb:e7:f8, ethSrcMac: 3e:57:b5:b8:02:55, ethProto: 2048, pmtu: 1500, src46: /140.82.114.22, dst46: /192.168.239.70, srcPort: 443, dstPort: 38206, lastUsed: 0): android.system.ErrnoException: nativeWriteToMapEntry failed: E2BIG (Argument list too long)
08-10 16:39:58.457  5421  9922 E LB      : fail to open node: No such file or directory
08-10 16:39:58.464  5421  9922 E LB      : fail to open node: No such file or directory
08-10 16:39:58.471  2234  3560 I libsensor-displayalgo: the value of channelCali C:302.322643,R:151.104260,G:115.332503,B:67.625177,scales C:0.909244,R:0.954885,G:0.875467,B:0.808810, hsv: -1.000000, ScreenId: 1
08-10 16:39:58.471  2234  3560 E libsensor-displayalgo: value of coefs 5,850.073000,4.965174,-2.685090,1.640057,-4.685160, line 101
08-10 16:39:58.471  2234  3560 D libsensor-displayalgo: brightness:556.000000,R:818.268574,G:813.626122,B:834.750142,EVENT C:2372.580566,R:1170.039673,G:1120.038086,B:617.520935, lux: 101.155136
08-10 16:39:58.473  5421  9922 E LB      : fail to open node: No such file or directory
08-10 16:39:58.481  5421  9922 E LB      : fail to open node: No such file or directory
08-10 16:39:58.495  1275  1328 E minksocket: MinkIPC_QRTR_Service: client with node 1 port 4b4c went down
08-10 16:39:58.496  1275  1328 E minksocket: MinkIPC_QRTR_Service: client with node 1 port 4b4d went down
08-10 16:39:58.497  1275  1328 E minksocket: MinkIPC_QRTR_Service: client with node 1 port 4b4e went down
08-10 16:39:58.499  1275  1328 E minksocket: MinkIPC_QRTR_Service: client with node 1 port 4b4f went down
08-10 16:39:58.571  2701  3752 I SmartPower: com.google.android.googlequicksearchbox:search/10164(30753): background->idle(3003ms) R(become invisible) adj=800.
08-10 16:39:58.572  2701  3752 I SmartPower: com.google.android.googlequicksearchbox:googleapp/10164(30927): background->idle(3003ms) R(become invisible) adj=800.
08-10 16:39:58.614  2701  3752 I SmartPower: com.mi.globalminusscreen/10338(32026): background->idle(3033ms) R(become background) adj=100.
08-10 16:39:58.637  6396 29100 I AdapterProperties: getBondedDevices: length=6
08-10 16:39:58.637  6396 29100 D BtGatt.GattService: getDeviceType() - device=XX:XX:XX:XX:43:79, type=1
08-10 16:39:58.637  6396 29100 D BtGatt.GattService: getDeviceType() - device=XX:XX:XX:XX:E8:FB, type=1
08-10 16:39:58.637  6396 29100 D BtGatt.GattService: getDeviceType() - device=XX:XX:XX:XX:EC:3E, type=1
08-10 16:39:58.638  6396 29100 D BtGatt.GattService: getDeviceType() - device=XX:XX:XX:XX:BD:F1, type=1
08-10 16:39:58.638  6396 29100 D BtGatt.GattService: getDeviceType() - device=XX:XX:XX:XX:ED:DB, type=3
08-10 16:39:58.638  6396 29100 D BtGatt.GattService: getDeviceType() - device=XX:XX:XX:XX:2F:2A, type=1
08-10 16:39:58.647  2701  5637 V ActivityManager: Register receiver android.content.IntentFilter@f7875c2: Intent { act=android.intent.action.BATTERY_CHANGED flg=0x60000010 (has extras) }
08-10 16:39:58.669  1353  9267 E sensors-hal: handle_sns_client_event:57, har-sensor-hal: time=362445111422809 data 0.000000
08-10 16:39:58.670  2701  2701 I NetworkAccelerateSwitchService: onMovementSensorChanged:33171070 State:0
08-10 16:39:58.703 16533 16965 I libc    : kill: send 15 to pid 9973
08-10 16:39:58.707  1415  2011 I vendor.qti.hardware.display.composer-service: FrameNotifyProcess Sensor: notify citsensorservice to trigger cwb
08-10 16:39:58.707  2234  2234 I libcitsensorservice@2.0-impl: msg_transfer
08-10 16:39:58.708  2234  3554 I libsensor-parseRGB: request dump start
08-10 16:39:58.708  2234  3554 D vendor.xiaomi.sensor.citsensorservice@2.0-service: handle id:11 wxh:1280x2712 uwxuh:1220x2712 size: 10416128 fd:15 fd_meta:16 flags:0x4000228 usage:0x33  format:0x3 layer_count: 1 reserved_size = 0
08-10 16:39:58.708  1415  1877 D SDM     : HWCSession::SetCWBOutputBuffer: CWB config passed by cwb_client : tappoint 1  CWB_ROI : (817.000000 7.000000 978.000000 128.000000)
08-10 16:39:58.710  1415  3561 D SDM     : HWCSession::ProcessRequests: Successfully configured CWB buffer.
08-10 16:39:58.719  1415  3561 D SDM     : HWCSession::ProcessRequests: Pushing release fence in fenece wait queue.
08-10 16:39:58.719  1415  3561 D SDM     : HWCSession::ProcessRequests: Creating AsyncFenceWaits async thread.
08-10 16:39:58.719  1415  3561 D SDM     : HWCSession::ProcessRequests: Remove current CWB request from the pending request queue.
08-10 16:39:58.719  1415  3561 D SDM     : HWCSession::ProcessRequests: No pending cwb requests found in the queue.
08-10 16:39:58.724  1415  1570 D SDM     : HWDeviceDRM::SetupConcurrentWriteback: Tear down the Concurrent Writeback topology
08-10 16:39:58.735  1415  3562 D SDM     : HWCSession::NotifyCWBStatus: Notify the client about buffer status 0.
08-10 16:39:58.735  1415  3562 D SDM     : HWCSession::PerformFenceWaits: Remove current release fence from the pending fence wait queue.
08-10 16:39:58.736  1415  3562 D SDM     : HWCSession::PerformFenceWaits: CWB fence queue is empty. No pending release fence to wait on.
08-10 16:39:58.737  2234  3555 D libsensor-parseRGB: the value of RGB [818.268574 813.626122 834.750142 700.307339 695.448282 717.212409 1948.968744 1946.674081 1959.352244 222.685651 216.845001 242.774673]
08-10 16:39:58.770  2234  3560 I libsensor-displayalgo: the value of channelCali C:302.322643,R:151.104260,G:115.332503,B:67.625177,scales C:0.909244,R:0.954885,G:0.875467,B:0.808810, hsv: -1.000000, ScreenId: 1
08-10 16:39:58.771  2234  3560 E libsensor-displayalgo: value of coefs 5,850.073000,4.965174,-2.685090,1.640057,-4.685160, line 101
08-10 16:39:58.771  2234  3560 D libsensor-displayalgo: brightness:556.000000,R:818.268574,G:813.626122,B:834.750142,EVENT C:2377.580811,R:1177.540039,G:1125.038208,B:620.021057, lux: 101.172531
08-10 16:39:58.995  2041  2066 D IPACM   : vendor/qcom/opensource/data-ipa-cfg-mgr/ipacm/src/IPACM_Routing.cpp:343 DeleteRoutingHdl() Deleting Route hdl:(0x14) with ip type: 1
08-10 16:39:58.996  1275  1328 E minksocket: MinkIPC_QRTR_Service: client with node 1 port 4b47 went down
08-10 16:39:58.997  2041  2066 D IPACM   : vendor/qcom/opensource/data-ipa-cfg-mgr/ipacm/src/IPACM_Routing.cpp:343 DeleteRoutingHdl() Deleting Route hdl:(0x15) with ip type: 1
08-10 16:39:58.997  1275  1328 E minksocket: MinkIPC_QRTR_Service: client with node 1 port 4b4b went down
08-10 16:39:58.997  2041  2066 D IPACM   : vendor/qcom/opensource/data-ipa-cfg-mgr/ipacm/src/IPACM_Routing.cpp:343 DeleteRoutingHdl() Deleting Route hdl:(0x13) with ip type: 1
08-10 16:39:58.998  2041  2066 D IPACM   : vendor/qcom/opensource/data-ipa-cfg-mgr/ipacm/src/IPACM_Routing.cpp:343 DeleteRoutingHdl() Deleting Route hdl:(0x17) with ip type: 1
08-10 16:39:58.999  2041  2066 D IPACM   : vendor/qcom/opensource/data-ipa-cfg-mgr/ipacm/src/IPACM_Routing.cpp:111 AddRoutingRule() Added routing rule 0xb4000075792e37b0
08-10 16:39:59.000  2041  2066 D IPACM   : vendor/qcom/opensource/data-ipa-cfg-mgr/ipacm/src/IPACM_Routing.cpp:111 AddRoutingRule() Added routing rule 0xb4000075792e37b0
08-10 16:39:59.000  2041  2066 D IPACM   : vendor/qcom/opensource/data-ipa-cfg-mgr/ipacm/src/IPACM_Routing.cpp:111 AddRoutingRule() Added routing rule 0xb4000075792e37b0
08-10 16:39:59.001  2041  2066 D IPACM   : vendor/qcom/opensource/data-ipa-cfg-mgr/ipacm/src/IPACM_Routing.cpp:111 AddRoutingRule() Added routing rule 0xb4000075792e37b0
08-10 16:39:59.001  2041  2066 D IPACM   : vendor/qcom/opensource/data-ipa-cfg-mgr/ipacm/src/IPACM_Routing.cpp:343 DeleteRoutingHdl() Deleting Route hdl:(0x19) with ip type: 0
08-10 16:39:59.002  2041  2066 D IPACM   : vendor/qcom/opensource/data-ipa-cfg-mgr/ipacm/src/IPACM_Routing.cpp:343 DeleteRoutingHdl() Deleting Route hdl:(0x18) with ip type: 0
08-10 16:39:59.003  2041  2066 D IPACM   : vendor/qcom/opensource/data-ipa-cfg-mgr/ipacm/src/IPACM_Routing.cpp:343 DeleteRoutingHdl() Deleting Route hdl:(0x1a) with ip type: 0
08-10 16:39:59.004  2701  4367 D SystemPressureControl: thermal temperature 41
08-10 16:39:59.005  2041  2066 D IPACM   : vendor/qcom/opensource/data-ipa-cfg-mgr/ipacm/src/IPACM_Routing.cpp:111 AddRoutingRule() Added routing rule 0xb4000075792e37b0
08-10 16:39:59.006  2041  2066 D IPACM   : vendor/qcom/opensource/data-ipa-cfg-mgr/ipacm/src/IPACM_Routing.cpp:111 AddRoutingRule() Added routing rule 0xb4000075792e37b0
08-10 16:39:59.007  2041  2066 D IPACM   : vendor/qcom/opensource/data-ipa-cfg-mgr/ipacm/src/IPACM_Routing.cpp:111 AddRoutingRule() Added routing rule 0xb4000075792e37b0
08-10 16:39:59.007  2041  2066 D IPACM   : vendor/qcom/opensource/data-ipa-cfg-mgr/ipacm/src/IPACM_Routing.cpp:343 DeleteRoutingHdl() Deleting Route hdl:(0x1c) with ip type: 0
08-10 16:39:59.008  2041  2066 D IPACM   : vendor/qcom/opensource/data-ipa-cfg-mgr/ipacm/src/IPACM_Routing.cpp:343 DeleteRoutingHdl() Deleting Route hdl:(0x1b) with ip type: 0
08-10 16:39:59.008  1415  2011 I vendor.qti.hardware.display.composer-service: FrameNotifyProcess Sensor: notify citsensorservice to trigger cwb
08-10 16:39:59.009  2234  3576 I libcitsensorservice@2.0-impl: msg_transfer
08-10 16:39:59.009  2234  3554 I libsensor-parseRGB: request dump start
08-10 16:39:59.009  2234  3554 D vendor.xiaomi.sensor.citsensorservice@2.0-service: handle id:11 wxh:1280x2712 uwxuh:1220x2712 size: 10416128 fd:15 fd_meta:16 flags:0x4000228 usage:0x33  format:0x3 layer_count: 1 reserved_size = 0
08-10 16:39:59.009  1415  1877 D SDM     : HWCSession::SetCWBOutputBuffer: CWB config passed by cwb_client : tappoint 1  CWB_ROI : (817.000000 7.000000 978.000000 128.000000)
08-10 16:39:59.009  2041  2066 D IPACM   : vendor/qcom/opensource/data-ipa-cfg-mgr/ipacm/src/IPACM_Routing.cpp:343 DeleteRoutingHdl() Deleting Route hdl:(0x1d) with ip type: 0
08-10 16:39:59.010  2041  2066 D IPACM   : vendor/qcom/opensource/data-ipa-cfg-mgr/ipacm/src/IPACM_Routing.cpp:111 AddRoutingRule() Added routing rule 0xb4000075792e37b0
08-10 16:39:59.011  2041  2066 D IPACM   : vendor/qcom/opensource/data-ipa-cfg-mgr/ipacm/src/IPACM_Routing.cpp:111 AddRoutingRule() Added routing rule 0xb4000075792e37b0
08-10 16:39:59.011  1415  3561 D SDM     : HWCSession::ProcessRequests: Successfully configured CWB buffer.
08-10 16:39:59.012  2041  2066 D IPACM   : vendor/qcom/opensource/data-ipa-cfg-mgr/ipacm/src/IPACM_Routing.cpp:111 AddRoutingRule() Added routing rule 0xb4000075792e37b0
08-10 16:39:59.012  2041  2066 D IPACM   : vendor/qcom/opensource/data-ipa-cfg-mgr/ipacm/src/IPACM_Routing.cpp:343 DeleteRoutingHdl() Deleting Route hdl:(0x1f) with ip type: 1
08-10 16:39:59.013  2041  2066 D IPACM   : vendor/qcom/opensource/data-ipa-cfg-mgr/ipacm/src/IPACM_Routing.cpp:343 DeleteRoutingHdl() Deleting Route hdl:(0x21) with ip type: 1
08-10 16:39:59.013  2041  2066 D IPACM   : vendor/qcom/opensource/data-ipa-cfg-mgr/ipacm/src/IPACM_Routing.cpp:343 DeleteRoutingHdl() Deleting Route hdl:(0x1e) with ip type: 1
08-10 16:39:59.014  2041  2066 D IPACM   : vendor/qcom/opensource/data-ipa-cfg-mgr/ipacm/src/IPACM_Routing.cpp:343 DeleteRoutingHdl() Deleting Route hdl:(0x22) with ip type: 1
08-10 16:39:59.015  2041  2066 D IPACM   : vendor/qcom/opensource/data-ipa-cfg-mgr/ipacm/src/IPACM_Routing.cpp:343 DeleteRoutingHdl() Deleting Route hdl:(0x25) with ip type: 1
08-10 16:39:59.017  2041  2066 D IPACM   : vendor/qcom/opensource/data-ipa-cfg-mgr/ipacm/src/IPACM_Routing.cpp:343 DeleteRoutingHdl() Deleting Route hdl:(0x26) with ip type: 1
08-10 16:39:59.018  2041  2066 D IPACM   : vendor/qcom/opensource/data-ipa-cfg-mgr/ipacm/src/IPACM_Routing.cpp:343 DeleteRoutingHdl() Deleting Route hdl:(0x23) with ip type: 1
08-10 16:39:59.019  2041  2066 D IPACM   : vendor/qcom/opensource/data-ipa-cfg-mgr/ipacm/src/IPACM_Routing.cpp:343 DeleteRoutingHdl() Deleting Route hdl:(0x27) with ip type: 1
08-10 16:39:59.021  2041  2066 D IPACM   : vendor/qcom/opensource/data-ipa-cfg-mgr/ipacm/src/IPACM_Routing.cpp:111 AddRoutingRule() Added routing rule 0xb4000075792e37b0
08-10 16:39:59.021  1415  3561 D SDM     : HWCSession::ProcessRequests: Pushing release fence in fenece wait queue.
08-10 16:39:59.021  1415  3561 D SDM     : HWCSession::ProcessRequests: Creating AsyncFenceWaits async thread.
08-10 16:39:59.021  1415  3561 D SDM     : HWCSession::ProcessRequests: Remove current CWB request from the pending request queue.
08-10 16:39:59.021  1415  3561 D SDM     : HWCSession::ProcessRequests: No pending cwb requests found in the queue.
08-10 16:39:59.021  2041  2066 D IPACM   : vendor/qcom/opensource/data-ipa-cfg-mgr/ipacm/src/IPACM_Routing.cpp:111 AddRoutingRule() Added routing rule 0xb4000075792e37b0
08-10 16:39:59.022  2041  2066 D IPACM   : vendor/qcom/opensource/data-ipa-cfg-mgr/ipacm/src/IPACM_Routing.cpp:111 AddRoutingRule() Added routing rule 0xb4000075792e37b0
08-10 16:39:59.022  2041  2066 D IPACM   : vendor/qcom/opensource/data-ipa-cfg-mgr/ipacm/src/IPACM_Routing.cpp:111 AddRoutingRule() Added routing rule 0xb4000075792e37b0
08-10 16:39:59.023  2041  2066 D IPACM   : vendor/qcom/opensource/data-ipa-cfg-mgr/ipacm/src/IPACM_Routing.cpp:111 AddRoutingRule() Added routing rule 0xb4000075792e37b0
08-10 16:39:59.024  2041  2066 D IPACM   : vendor/qcom/opensource/data-ipa-cfg-mgr/ipacm/src/IPACM_Routing.cpp:111 AddRoutingRule() Added routing rule 0xb4000075792e37b0
08-10 16:39:59.025  2041  2066 D IPACM   : vendor/qcom/opensource/data-ipa-cfg-mgr/ipacm/src/IPACM_Routing.cpp:111 AddRoutingRule() Added routing rule 0xb4000075792e37b0
08-10 16:39:59.025  1415  1570 D SDM     : HWDeviceDRM::SetupConcurrentWriteback: Tear down the Concurrent Writeback topology
08-10 16:39:59.026  2041  2066 D IPACM   : vendor/qcom/opensource/data-ipa-cfg-mgr/ipacm/src/IPACM_Routing.cpp:111 AddRoutingRule() Added routing rule 0xb4000075792e37b0
08-10 16:39:59.036  1415  3562 D SDM     : HWCSession::NotifyCWBStatus: Notify the client about buffer status 0.
08-10 16:39:59.036  1415  3562 D SDM     : HWCSession::PerformFenceWaits: Remove current release fence from the pending fence wait queue.
08-10 16:39:59.036  1415  3562 D SDM     : HWCSession::PerformFenceWaits: CWB fence queue is empty. No pending release fence to wait on.
08-10 16:39:59.038  2234  3555 D libsensor-parseRGB: the value of RGB [818.268574 813.626122 834.750142 700.307339 695.448282 717.212409 1948.968744 1946.674081 1959.352244 222.685651 216.845001 242.774673]
08-10 16:39:59.071  2234  3560 I libsensor-displayalgo: the value of channelCali C:302.322643,R:151.104260,G:115.332503,B:67.625177,scales C:0.909244,R:0.954885,G:0.875467,B:0.808810, hsv: -1.000000, ScreenId: 1
08-10 16:39:59.071  2234  3560 E libsensor-displayalgo: value of coefs 5,850.073000,4.965174,-2.685090,1.640057,-4.685160, line 101
08-10 16:39:59.071  2234  3560 D libsensor-displayalgo: brightness:556.000000,R:818.268574,G:813.626122,B:834.750142,EVENT C:2367.580322,R:1167.539673,G:1115.037842,B:615.020874, lux: 100.924843
08-10 16:39:59.234  2701  3479 I MIUIInput: [MotionEvent] notifyMotion - eventTime=183254097290000, deviceId=7, source=0x1002, policyFlags=0x0, action=0x0, flags=0x0, downTime=183254097290000
08-10 16:39:59.235  2701  3478 I MIUIInput: [MotionEvent] publisher action=0x0, deviceId=7, 183254097, channel '6611b77 com.example.simplertask/com.example.simplertask.MainActivity (server)'
08-10 16:39:59.235  2701  3478 I MIUIInput: [MotionEvent] publisher action=0x0, deviceId=7, 183254097, channel '[Gesture Monitor] miui-touch-fod (server)'
08-10 16:39:59.235  2701  3478 I MIUIInput: [MotionEvent] publisher action=0x0, deviceId=7, 183254097, channel '[Gesture Monitor] miui-gesture (server)'
08-10 16:39:59.238  2701  3726 E RTMode  : pkgName: com.example.simplertask has no permission
08-10 16:39:59.239  5421  5421 I MIUIInput: [MotionEvent] ViewRootImpl windowName 'com.example.simplertask/com.example.simplertask.MainActivity', { action=ACTION_DOWN, id[0]=0, pointerCount=1, eventTime=183254097, downTime=183254097, phoneEventTime=16:39:59.233 } moveCount:0
08-10 16:39:59.298  2701  3479 I MIUIInput: [MotionEvent] notifyMotion - eventTime=183254162047000, deviceId=7, source=0x1002, policyFlags=0x0, action=0x1, flags=0x0, downTime=183254097290000
08-10 16:39:59.299  2701  3478 I MIUIInput: [MotionEvent] publisher action=0x1, deviceId=7, 183254162, channel '6611b77 com.example.simplertask/com.example.simplertask.MainActivity (server)'
08-10 16:39:59.299  2701  3478 I MIUIInput: [MotionEvent] publisher action=0x1, deviceId=7, 183254162, channel '[Gesture Monitor] miui-touch-fod (server)'
08-10 16:39:59.300  2701  3478 I MIUIInput: [MotionEvent] publisher action=0x1, deviceId=7, 183254162, channel '[Gesture Monitor] miui-gesture (server)'
08-10 16:39:59.302  5421  5421 I MIUIInput: [MotionEvent] ViewRootImpl windowName 'com.example.simplertask/com.example.simplertask.MainActivity', { action=ACTION_UP, id[0]=0, pointerCount=1, eventTime=183254162, downTime=183254097, phoneEventTime=16:39:59.299 } moveCount:0
08-10 16:39:59.310  1415  2011 I vendor.qti.hardware.display.composer-service: FrameNotifyProcess Sensor: notify citsensorservice to trigger cwb
08-10 16:39:59.310  2234  2321 I libcitsensorservice@2.0-impl: msg_transfer
08-10 16:39:59.310  2234  3554 I libsensor-parseRGB: request dump start
08-10 16:39:59.310  2234  3554 D vendor.xiaomi.sensor.citsensorservice@2.0-service: handle id:11 wxh:1280x2712 uwxuh:1220x2712 size: 10416128 fd:15 fd_meta:16 flags:0x4000228 usage:0x33  format:0x3 layer_count: 1 reserved_size = 0
08-10 16:39:59.310  1415  1877 D SDM     : HWCSession::SetCWBOutputBuffer: CWB config passed by cwb_client : tappoint 1  CWB_ROI : (817.000000 7.000000 978.000000 128.000000)
08-10 16:39:59.312  1415  3561 D SDM     : HWCSession::ProcessRequests: Successfully configured CWB buffer.
08-10 16:39:59.321  1415  3561 D SDM     : HWCSession::ProcessRequests: Pushing release fence in fenece wait queue.
08-10 16:39:59.321  1415  3561 D SDM     : HWCSession::ProcessRequests: Creating AsyncFenceWaits async thread.
08-10 16:39:59.321  1415  3561 D SDM     : HWCSession::ProcessRequests: Remove current CWB request from the pending request queue.
08-10 16:39:59.321  1415  3561 D SDM     : HWCSession::ProcessRequests: No pending cwb requests found in the queue.
08-10 16:39:59.326  1415  1570 D SDM     : HWDeviceDRM::SetupConcurrentWriteback: Tear down the Concurrent Writeback topology
08-10 16:39:59.336  1415  3562 D SDM     : HWCSession::NotifyCWBStatus: Notify the client about buffer status 0.
08-10 16:39:59.337  1415  3562 D SDM     : HWCSession::PerformFenceWaits: Remove current release fence from the pending fence wait queue.
08-10 16:39:59.337  1415  3562 D SDM     : HWCSession::PerformFenceWaits: CWB fence queue is empty. No pending release fence to wait on.
08-10 16:39:59.338  2234  3555 D libsensor-parseRGB: the value of RGB [818.268574 813.626122 834.750142 700.307339 695.448282 717.212409 1948.968744 1946.674081 1959.352244 222.685651 216.845001 242.774673]
08-10 16:39:59.371  2234  3560 I libsensor-displayalgo: the value of channelCali C:302.322643,R:151.104260,G:115.332503,B:67.625177,scales C:0.909244,R:0.954885,G:0.875467,B:0.808810, hsv: -1.000000, ScreenId: 1
08-10 16:39:59.371  2234  3560 E libsensor-displayalgo: value of coefs 5,850.073000,4.965174,-2.685090,1.640057,-4.685160, line 101
08-10 16:39:59.371  2234  3560 D libsensor-displayalgo: brightness:556.000000,R:818.268574,G:813.626122,B:834.750142,EVENT C:2370.080566,R:1172.539795,G:1117.537964,B:615.020874, lux: 100.959007
08-10 16:39:59.421  2701  3479 I MIUIInput: [MotionEvent] notifyMotion - eventTime=183254284947000, deviceId=7, source=0x1002, policyFlags=0x0, action=0x0, flags=0x0, downTime=183254284947000
08-10 16:39:59.422  2701  3478 I MIUIInput: [MotionEvent] publisher action=0x0, deviceId=7, 183254284, channel '6611b77 com.example.simplertask/com.example.simplertask.MainActivity (server)'
08-10 16:39:59.422  2701  3478 I MIUIInput: [MotionEvent] publisher action=0x0, deviceId=7, 183254284, channel '[Gesture Monitor] miui-touch-fod (server)'
08-10 16:39:59.422  2701  3478 I MIUIInput: [MotionEvent] publisher action=0x0, deviceId=7, 183254284, channel '[Gesture Monitor] miui-gesture (server)'
08-10 16:39:59.423  2701  3726 E RTMode  : pkgName: com.example.simplertask has no permission
08-10 16:39:59.425  5421  5421 I MIUIInput: [MotionEvent] ViewRootImpl windowName 'com.example.simplertask/com.example.simplertask.MainActivity', { action=ACTION_DOWN, id[0]=0, pointerCount=1, eventTime=183254284, downTime=183254284, phoneEventTime=16:39:59.420 } moveCount:0
08-10 16:39:59.470  2701  3479 I MIUIInput: [MotionEvent] notifyMotion - eventTime=183254333296000, deviceId=7, source=0x1002, policyFlags=0x0, action=0x1, flags=0x0, downTime=183254284947000
08-10 16:39:59.471  2701  3478 I MIUIInput: [MotionEvent] publisher action=0x1, deviceId=7, 183254333, channel '6611b77 com.example.simplertask/com.example.simplertask.MainActivity (server)'
08-10 16:39:59.471  2701  3478 I MIUIInput: [MotionEvent] publisher action=0x1, deviceId=7, 183254333, channel '[Gesture Monitor] miui-touch-fod (server)'
08-10 16:39:59.471  2701  3478 I MIUIInput: [MotionEvent] publisher action=0x1, deviceId=7, 183254333, channel '[Gesture Monitor] miui-gesture (server)'
08-10 16:39:59.472  5421  5421 I MIUIInput: [MotionEvent] ViewRootImpl windowName 'com.example.simplertask/com.example.simplertask.MainActivity', { action=ACTION_UP, id[0]=0, pointerCount=1, eventTime=183254333, downTime=183254284, phoneEventTime=16:39:59.469 } moveCount:0
08-10 16:39:59.589  2701  3479 I MIUIInput: [MotionEvent] notifyMotion - eventTime=183254452231000, deviceId=7, source=0x1002, policyFlags=0x0, action=0x0, flags=0x0, downTime=183254452231000
