08-10 16:39:56.291  2701  2795 W system_server: ApkAssets: Deleting an ApkAssets object '<empty> and /data/app/~~rp-fM6NGlJTbo_KtCOd70w==/com.alibaba.aliexpresshd-2WQ3aW4nUFmiFMNHU9g1mg==/split_wallet.config.xxhdpi.apk' with 1 weak references
08-10 16:39:56.291  2701  2795 W system_server: ApkAssets: Deleting an ApkAssets object '<empty> and /data/app/~~rp-fM6NGlJTbo_KtCOd70w==/com.alibaba.aliexpresshd-2WQ3aW4nUFmiFMNHU9g1mg==/split_widget.apk' with 1 weak references
08-10 16:39:56.291  2701  2795 W system_server: ApkAssets: Deleting an ApkAssets object '<empty> and /data/app/~~rp-fM6NGlJTbo_KtCOd70w==/com.alibaba.aliexpresshd-2WQ3aW4nUFmiFMNHU9g1mg==/split_widget.config.xxhdpi.apk' with 1 weak references
08-10 16:39:56.291  2701  2795 W system_server: ApkAssets: Deleting an ApkAssets object '<empty> and /data/app/~~rUsMRM7XejyVs-7oaOBsyg==/com.facebook.katana-JqLGZPdl66oOsOTGrZP2dA==/base.apk' with 1 weak references
08-10 16:39:56.291  1275  1328 E minksocket: MinkIPC_QRTR_Service: client with node 1 port 4b3f went down
08-10 16:39:56.291  2701  2795 W system_server: ApkAssets: Deleting an ApkAssets object '<empty> and /data/app/~~rUsMRM7XejyVs-7oaOBsyg==/com.facebook.katana-JqLGZPdl66oOsOTGrZP2dA==/split_arservicesoptional.apk' with 1 weak references
08-10 16:39:56.291  2701  2795 W system_server: ApkAssets: Deleting an ApkAssets object '<empty> and /data/app/~~rUsMRM7XejyVs-7oaOBsyg==/com.facebook.katana-JqLGZPdl66oOsOTGrZP2dA==/split_cgnativeplayer.apk' with 1 weak references
08-10 16:39:56.291  2701  2795 W system_server: ApkAssets: Deleting an ApkAssets object '<empty> and /data/app/~~rUsMRM7XejyVs-7oaOBsyg==/com.facebook.katana-JqLGZPdl66oOsOTGrZP2dA==/split_cgwebrtc.apk' with 1 weak references
08-10 16:39:56.291  2701  2795 W system_server: ApkAssets: Deleting an ApkAssets object '<empty> and /data/app/~~rUsMRM7XejyVs-7oaOBsyg==/com.facebook.katana-JqLGZPdl66oOsOTGrZP2dA==/split_heliumcore.apk' with 1 weak references
08-10 16:39:56.291  2701  2795 W system_server: ApkAssets: Deleting an ApkAssets object '<empty> and /data/app/~~rUsMRM7XejyVs-7oaOBsyg==/com.facebook.katana-JqLGZPdl66oOsOTGrZP2dA==/split_heliumiab.apk' with 1 weak references
08-10 16:39:56.291  2701  2795 W system_server: ApkAssets: Deleting an ApkAssets object '<empty> and /data/app/~~rUsMRM7XejyVs-7oaOBsyg==/com.facebook.katana-JqLGZPdl66oOsOTGrZP2dA==/split_instantgames.apk' with 1 weak references
08-10 16:39:56.292  2701  2795 W system_server: ApkAssets: Deleting an ApkAssets object '<empty> and /data/app/~~rUsMRM7XejyVs-7oaOBsyg==/com.facebook.katana-JqLGZPdl66oOsOTGrZP2dA==/split_instantgamesads.apk' with 1 weak references
08-10 16:39:56.292  2701  2795 W system_server: ApkAssets: Deleting an ApkAssets object '<empty> and /data/app/~~rUsMRM7XejyVs-7oaOBsyg==/com.facebook.katana-JqLGZPdl66oOsOTGrZP2dA==/split_papaya.apk' with 1 weak references
08-10 16:39:56.292  2701  2795 W system_server: ApkAssets: Deleting an ApkAssets object '<empty> and /data/app/~~rUsMRM7XejyVs-7oaOBsyg==/com.facebook.katana-JqLGZPdl66oOsOTGrZP2dA==/split_papayaanalyticstorch.apk' with 1 weak references
08-10 16:39:56.292  2701  2795 W system_server: ApkAssets: Deleting an ApkAssets object '<empty> and /data/app/~~rUsMRM7XejyVs-7oaOBsyg==/com.facebook.katana-JqLGZPdl66oOsOTGrZP2dA==/split_papayatorch.apk' with 1 weak references
08-10 16:39:56.292  2701  2795 W system_server: ApkAssets: Deleting an ApkAssets object '<empty> and /data/app/~~rUsMRM7XejyVs-7oaOBsyg==/com.facebook.katana-JqLGZPdl66oOsOTGrZP2dA==/split_pytorch.apk' with 1 weak references
08-10 16:39:56.292  2701  2795 W system_server: ApkAssets: Deleting an ApkAssets object '<empty> and /data/app/~~rUsMRM7XejyVs-7oaOBsyg==/com.facebook.katana-JqLGZPdl66oOsOTGrZP2dA==/split_s_arservicesoptional_slam.apk' with 1 weak references
08-10 16:39:56.292  2701  2795 W system_server: ApkAssets: Deleting an ApkAssets object '<empty> and /data/app/~~rUsMRM7XejyVs-7oaOBsyg==/com.facebook.katana-JqLGZPdl66oOsOTGrZP2dA==/split_s_papayaanalyticstorch_papayatorch.apk' with 1 weak references
08-10 16:39:56.292  2701  2795 W system_server: ApkAssets: Deleting an ApkAssets object '<empty> and /data/app/~~rUsMRM7XejyVs-7oaOBsyg==/com.facebook.katana-JqLGZPdl66oOsOTGrZP2dA==/split_s_papayaanalyticstorch_papayatorch_torchedlooper.apk' with 1 weak references
08-10 16:39:56.292  2701  2795 W system_server: ApkAssets: Deleting an ApkAssets object '<empty> and /data/app/~~rUsMRM7XejyVs-7oaOBsyg==/com.facebook.katana-JqLGZPdl66oOsOTGrZP2dA==/split_s_papayatorch_torchedlooper.apk' with 1 weak references
08-10 16:39:56.292  2701  2795 W system_server: ApkAssets: Deleting an ApkAssets object '<empty> and /data/app/~~rUsMRM7XejyVs-7oaOBsyg==/com.facebook.katana-JqLGZPdl66oOsOTGrZP2dA==/split_s_smartcropnative_smartplacementnative.apk' with 1 weak references
08-10 16:39:56.292  2701  2795 W system_server: ApkAssets: Deleting an ApkAssets object '<empty> and /data/app/~~rUsMRM7XejyVs-7oaOBsyg==/com.facebook.katana-JqLGZPdl66oOsOTGrZP2dA==/split_s_smartcropnative_smartplacementnative_smarttrim.apk' with 1 weak references
08-10 16:39:56.292  2701  2795 W system_server: ApkAssets: Deleting an ApkAssets object '<empty> and /data/app/~~rUsMRM7XejyVs-7oaOBsyg==/com.facebook.katana-JqLGZPdl66oOsOTGrZP2dA==/split_slam.apk' with 1 weak references
08-10 16:39:56.292  2701  2795 W system_server: ApkAssets: Deleting an ApkAssets object '<empty> and /data/app/~~rUsMRM7XejyVs-7oaOBsyg==/com.facebook.katana-JqLGZPdl66oOsOTGrZP2dA==/split_smartcropnative.apk' with 1 weak references
08-10 16:39:56.292  2701  2795 W system_server: ApkAssets: Deleting an ApkAssets object '<empty> and /data/app/~~rUsMRM7XejyVs-7oaOBsyg==/com.facebook.katana-JqLGZPdl66oOsOTGrZP2dA==/split_supmediastreamcontroller.apk' with 1 weak references
08-10 16:39:56.292  2701  2795 W system_server: ApkAssets: Deleting an ApkAssets object '<empty> and /data/app/~~f9bOW6mqbRCUcVCFOGavSw==/com.facebook.orca-HNVCfiJ3ICvDuJQeJC2-AA==/base.apk' with 1 weak references
08-10 16:39:56.292  2701  2795 W system_server: ApkAssets: Deleting an ApkAssets object '<empty> and /data/app/~~f9bOW6mqbRCUcVCFOGavSw==/com.facebook.orca-HNVCfiJ3ICvDuJQeJC2-AA==/split_arsegmentation.apk' with 1 weak references
08-10 16:39:56.292  2701  2795 W system_server: ApkAssets: Deleting an ApkAssets object '<empty> and /data/app/~~f9bOW6mqbRCUcVCFOGavSw==/com.facebook.orca-HNVCfiJ3ICvDuJQeJC2-AA==/split_arservicesforexpressionfitting.apk' with 1 weak references
08-10 16:39:56.292  2701  2795 W system_server: ApkAssets: Deleting an ApkAssets object '<empty> and /data/app/~~f9bOW6mqbRCUcVCFOGavSw==/com.facebook.orca-HNVCfiJ3ICvDuJQeJC2-AA==/split_arservicesforruntimerigmapping.apk' with 1 weak references
08-10 16:39:56.292  2701  2795 W system_server: ApkAssets: Deleting an ApkAssets object '<empty> and /data/app/~~f9bOW6mqbRCUcVCFOGavSw==/com.facebook.orca-HNVCfiJ3ICvDuJQeJC2-AA==/split_executorch.apk' with 1 weak references
08-10 16:39:56.293  2701  2795 W system_server: ApkAssets: Deleting an ApkAssets object '<empty> and /data/app/~~f9bOW6mqbRCUcVCFOGavSw==/com.facebook.orca-HNVCfiJ3ICvDuJQeJC2-AA==/split_supmediastreamcontroller.apk' with 1 weak references
08-10 16:39:56.293  2701  2795 W system_server: ApkAssets: Deleting an ApkAssets object '<empty> and /data/app/~~HmBUFn30aAu7nE1nYPivZg==/com.instagram.android-WLbjYhrJ9itMbR2597F99A==/base.apk' with 1 weak references
08-10 16:39:56.293  2701  2795 W system_server: ApkAssets: Deleting an ApkAssets object '<empty> and /data/app/~~HmBUFn30aAu7nE1nYPivZg==/com.instagram.android-WLbjYhrJ9itMbR2597F99A==/split_config.xxhdpi.apk' with 1 weak references
08-10 16:39:56.293  2701  2795 W system_server: ApkAssets: Deleting an ApkAssets object '<empty> and /data/app/~~HmBUFn30aAu7nE1nYPivZg==/com.instagram.android-WLbjYhrJ9itMbR2597F99A==/split_executorch.apk' with 1 weak references
08-10 16:39:56.293  2701  2795 W system_server: ApkAssets: Deleting an ApkAssets object '<empty> and /data/app/~~HmBUFn30aAu7nE1nYPivZg==/com.instagram.android-WLbjYhrJ9itMbR2597F99A==/split_heliumcore.apk' with 1 weak references
08-10 16:39:56.293  2701  2795 W system_server: ApkAssets: Deleting an ApkAssets object '<empty> and /data/app/~~HmBUFn30aAu7nE1nYPivZg==/com.instagram.android-WLbjYhrJ9itMbR2597F99A==/split_heliumiab.apk' with 1 weak references
08-10 16:39:56.293  2701  2795 W system_server: ApkAssets: Deleting an ApkAssets object '<empty> and /data/app/~~HmBUFn30aAu7nE1nYPivZg==/com.instagram.android-WLbjYhrJ9itMbR2597F99A==/split_pytorch.apk' with 1 weak references
08-10 16:39:56.293  2701  2795 W system_server: ApkAssets: Deleting an ApkAssets object '<empty> and /data/app/~~HmBUFn30aAu7nE1nYPivZg==/com.instagram.android-WLbjYhrJ9itMbR2597F99A==/split_spm.apk' with 1 weak references
08-10 16:39:56.294  2701  2795 W system_server: ApkAssets: Deleting an ApkAssets object '<empty> and /data/app/~~HmBUFn30aAu7nE1nYPivZg==/com.instagram.android-WLbjYhrJ9itMbR2597F99A==/split_supmediastreamcontroller.apk' with 1 weak references
08-10 16:39:56.294  2701  2795 W system_server: ApkAssets: Deleting an ApkAssets object '<empty> and /data/app/~~6c_AetSPausFpZNUhJqpMw==/com.mgoogle.android.gms-ACU03PBtKGV5zsORWV3JOw==/base.apk' with 1 weak references
08-10 16:39:56.294  2701  2795 W system_server: ApkAssets: Deleting an ApkAssets object '<empty> and /data/app/~~1qIptj3mpivlL6kkzBXoPA==/com.microsoft.office.officehubrow-qaLbgJGsxI30pgTPlx91tw==/base.apk' with 1 weak references
08-10 16:39:56.294  2701  2795 W system_server: ApkAssets: Deleting an ApkAssets object '<empty> and /data/app/~~1qIptj3mpivlL6kkzBXoPA==/com.microsoft.office.officehubrow-qaLbgJGsxI30pgTPlx91tw==/split_config.en.apk' with 1 weak references
08-10 16:39:56.294  2701  2795 W system_server: ApkAssets: Deleting an ApkAssets object '<empty> and /data/app/~~1qIptj3mpivlL6kkzBXoPA==/com.microsoft.office.officehubrow-qaLbgJGsxI30pgTPlx91tw==/split_config.xxhdpi.apk' with 1 weak references
08-10 16:39:56.295  2701  2795 W system_server: ApkAssets: Deleting an ApkAssets object '<empty> and /data/app/~~1qIptj3mpivlL6kkzBXoPA==/com.microsoft.office.officehubrow-qaLbgJGsxI30pgTPlx91tw==/split_lenssampledoc.apk' with 1 weak references
08-10 16:39:56.295  2701  2795 W system_server: ApkAssets: Deleting an ApkAssets object '<empty> and /data/app/~~1qIptj3mpivlL6kkzBXoPA==/com.microsoft.office.officehubrow-qaLbgJGsxI30pgTPlx91tw==/split_mainassetpack.apk' with 1 weak references
08-10 16:39:56.295  2701  2795 W system_server: ApkAssets: Deleting an ApkAssets object '<empty> and /data/app/~~ajyP-N0EI2urio47xJh3qQ==/com.microsoft.office.word-tVXmHp3iqpz7pt2pjw1YNg==/base.apk' with 1 weak references
08-10 16:39:56.295  2701  2795 W system_server: ApkAssets: Deleting an ApkAssets object '<empty> and /data/app/~~ApZ8Kyp2DB88choSuuV4Bg==/com.microsoft.skydrive-uOd4K_Fa6RkHPX9dja9lnQ==/base.apk' with 1 weak references
08-10 16:39:56.295  2701  2795 W system_server: ApkAssets: Deleting an ApkAssets object '<empty> and /data/app/~~ZJ-5-YIY49isTl0-HVvb5A==/com.snapchat.android-zyU-Z9ymBhJpk6IOk7DvCw==/base.apk' with 1 weak references
08-10 16:39:56.296  2701  2795 W system_server: ApkAssets: Deleting an ApkAssets object '<empty> and /data/app/~~ZJ-5-YIY49isTl0-HVvb5A==/com.snapchat.android-zyU-Z9ymBhJpk6IOk7DvCw==/split_bloops_dynamic_sdk.apk' with 1 weak references
08-10 16:39:56.296  2701  2795 W system_server: ApkAssets: Deleting an ApkAssets object '<empty> and /data/app/~~ZJ-5-YIY49isTl0-HVvb5A==/com.snapchat.android-zyU-Z9ymBhJpk6IOk7DvCw==/split_bloops_dynamic_sdk.config.arm64_v8a.apk' with 1 weak references
08-10 16:39:56.296  2701  2795 W system_server: ApkAssets: Deleting an ApkAssets object '<empty> and /data/app/~~ZJ-5-YIY49isTl0-HVvb5A==/com.snapchat.android-zyU-Z9ymBhJpk6IOk7DvCw==/split_config.arm64_v8a.apk' with 1 weak references
08-10 16:39:56.296  2701  2795 W system_server: ApkAssets: Deleting an ApkAssets object '<empty> and /data/app/~~ZJ-5-YIY49isTl0-HVvb5A==/com.snapchat.android-zyU-Z9ymBhJpk6IOk7DvCw==/split_config.en.apk' with 1 weak references
08-10 16:39:56.296  2701  2795 W system_server: ApkAssets: Deleting an ApkAssets object '<empty> and /data/app/~~ZJ-5-YIY49isTl0-HVvb5A==/com.snapchat.android-zyU-Z9ymBhJpk6IOk7DvCw==/split_config.xxhdpi.apk' with 1 weak references
08-10 16:39:56.296  2701  2795 W system_server: ApkAssets: Deleting an ApkAssets object '<empty> and /data/app/~~1B3GLIZkkBst2XCvsSKAmg==/com.soundcloud.android-eDsht8OWgl4Zm_ZrYZ_8Jw==/base.apk' with 1 weak references
08-10 16:39:56.296  2701  2795 W system_server: ApkAssets: Deleting an ApkAssets object '<empty> and /data/app/~~1B3GLIZkkBst2XCvsSKAmg==/com.soundcloud.android-eDsht8OWgl4Zm_ZrYZ_8Jw==/split_config.arm64_v8a.apk' with 1 weak references
08-10 16:39:56.297  2701  2795 W system_server: ApkAssets: Deleting an ApkAssets object '<empty> and /data/app/~~Wpk5xg57K8YnJv5nZgfS5g==/com.twitter.android-EswWzegXdNBItnjWdtrFqg==/base.apk' with 1 weak references
08-10 16:39:56.297  1415  3561 D SDM     : HWCSession::ProcessRequests: Pushing release fence in fenece wait queue.
08-10 16:39:56.297  1415  3561 D SDM     : HWCSession::ProcessRequests: Creating AsyncFenceWaits async thread.
08-10 16:39:56.297  2701  2795 W system_server: ApkAssets: Deleting an ApkAssets object '<empty> and /data/app/~~Wpk5xg57K8YnJv5nZgfS5g==/com.twitter.android-EswWzegXdNBItnjWdtrFqg==/split_config.arm64_v8a.apk' with 1 weak references
08-10 16:39:56.297  1415  3561 D SDM     : HWCSession::ProcessRequests: Remove current CWB request from the pending request queue.
08-10 16:39:56.297  2701  2795 W system_server: ApkAssets: Deleting an ApkAssets object '<empty> and /data/app/~~Wpk5xg57K8YnJv5nZgfS5g==/com.twitter.android-EswWzegXdNBItnjWdtrFqg==/split_config.en.apk' with 1 weak references
08-10 16:39:56.297  2701  2795 W system_server: ApkAssets: Deleting an ApkAssets object '<empty> and /data/app/~~Wpk5xg57K8YnJv5nZgfS5g==/com.twitter.android-EswWzegXdNBItnjWdtrFqg==/split_config.xxhdpi.apk' with 1 weak references
08-10 16:39:56.297  1415  3561 D SDM     : HWCSession::ProcessRequests: No pending cwb requests found in the queue.
08-10 16:39:56.297  2701  2795 W system_server: ApkAssets: Deleting an ApkAssets object '<empty> and /data/app/~~Sr0BlcIDXlezi2Zs4R3PIA==/com.uptodown-CI0G5xJnSzmf8R3uQX8EsQ==/base.apk' with 1 weak references
08-10 16:39:56.298  2701  2795 W System  : A resource failed to call release. 
08-10 16:39:56.298  2701  2795 W system_server: ApkAssets: Deleting an ApkAssets object '<empty> and /data/app/~~Ey0KoyjHoVe6FYygcpiNmw==/com.viber.voip-lcti34y2qWNfKPQOA0jx0A==/base.apk' with 1 weak references
08-10 16:39:56.298  2701  2795 W system_server: ApkAssets: Deleting an ApkAssets object '<empty> and /data/app/~~Ey0KoyjHoVe6FYygcpiNmw==/com.viber.voip-lcti34y2qWNfKPQOA0jx0A==/split_SnapCamera.apk' with 1 weak references
08-10 16:39:56.298  2701  2795 W system_server: ApkAssets: Deleting an ApkAssets object '<empty> and /data/app/~~Ey0KoyjHoVe6FYygcpiNmw==/com.viber.voip-lcti34y2qWNfKPQOA0jx0A==/split_SnapCamera.config.arm64_v8a.apk' with 1 weak references
08-10 16:39:56.298  2701  2795 W system_server: ApkAssets: Deleting an ApkAssets object '<empty> and /data/app/~~Ey0KoyjHoVe6FYygcpiNmw==/com.viber.voip-lcti34y2qWNfKPQOA0jx0A==/split_SnapCamera.config.xxhdpi.apk' with 1 weak references
08-10 16:39:56.298  2701  2795 W system_server: ApkAssets: Deleting an ApkAssets object '<empty> and /data/app/~~Ey0KoyjHoVe6FYygcpiNmw==/com.viber.voip-lcti34y2qWNfKPQOA0jx0A==/split_config.arm64_v8a.apk' with 1 weak references
08-10 16:39:56.298  2701  2795 W system_server: ApkAssets: Deleting an ApkAssets object '<empty> and /data/app/~~Ey0KoyjHoVe6FYygcpiNmw==/com.viber.voip-lcti34y2qWNfKPQOA0jx0A==/split_config.xxhdpi.apk' with 1 weak references
08-10 16:39:56.299  2701  2795 W system_server: ApkAssets: Deleting an ApkAssets object '<empty> and /data/app/~~28edxr3CaKGUVe3sJ1NNNg==/com.whatsapp-Gb-OtuG3c-eoImSRz4fwKw==/base.apk' with 1 weak references
08-10 16:39:56.299  2701  2795 W system_server: ApkAssets: Deleting an ApkAssets object '<empty> and /data/app/~~28edxr3CaKGUVe3sJ1NNNg==/com.whatsapp-Gb-OtuG3c-eoImSRz4fwKw==/split_config.arm64_v8a.apk' with 1 weak references
08-10 16:39:56.299  2701  2795 W system_server: ApkAssets: Deleting an ApkAssets object '<empty> and /data/app/~~5RUcNen8ijML2hr-CK34iA==/com.zhiliaoapp.musically-mJQF11O4tv4fqMoaG1Py-A==/base.apk' with 1 weak references
08-10 16:39:56.300  2701  2795 W system_server: ApkAssets: Deleting an ApkAssets object '<empty> and /data/app/~~5RUcNen8ijML2hr-CK34iA==/com.zhiliaoapp.musically-mJQF11O4tv4fqMoaG1Py-A==/split_config.arm64_v8a.apk' with 1 weak references
08-10 16:39:56.300  2701  2795 W system_server: ApkAssets: Deleting an ApkAssets object '<empty> and /data/app/~~5RUcNen8ijML2hr-CK34iA==/com.zhiliaoapp.musically-mJQF11O4tv4fqMoaG1Py-A==/split_config.en.apk' with 1 weak references
08-10 16:39:56.300  2701  2795 W system_server: ApkAssets: Deleting an ApkAssets object '<empty> and /data/app/~~5RUcNen8ijML2hr-CK34iA==/com.zhiliaoapp.musically-mJQF11O4tv4fqMoaG1Py-A==/split_config.xxhdpi.apk' with 1 weak references
08-10 16:39:56.300  2701  2795 W system_server: ApkAssets: Deleting an ApkAssets object '<empty> and /data/app/~~5RUcNen8ijML2hr-CK34iA==/com.zhiliaoapp.musically-mJQF11O4tv4fqMoaG1Py-A==/split_df_ccdc_impl_ocr.apk' with 1 weak references
08-10 16:39:56.300  2701  2795 W system_server: ApkAssets: Deleting an ApkAssets object '<empty> and /data/app/~~5RUcNen8ijML2hr-CK34iA==/com.zhiliaoapp.musically-mJQF11O4tv4fqMoaG1Py-A==/split_df_ccdc_impl_ocr.config.arm64_v8a.apk' with 1 weak references
08-10 16:39:56.300  2701  2795 W system_server: ApkAssets: Deleting an ApkAssets object '<empty> and /data/app/~~5RUcNen8ijML2hr-CK34iA==/com.zhiliaoapp.musically-mJQF11O4tv4fqMoaG1Py-A==/split_df_ccdc_impl_ocr.config.xxhdpi.apk' with 1 weak references
08-10 16:39:56.300  2701  2795 W system_server: ApkAssets: Deleting an ApkAssets object '<empty> and /data/app/~~5RUcNen8ijML2hr-CK34iA==/com.zhiliaoapp.musically-mJQF11O4tv4fqMoaG1Py-A==/split_df_kakao.apk' with 1 weak references
08-10 16:39:56.300  2701  2795 W system_server: ApkAssets: Deleting an ApkAssets object '<empty> and /data/app/~~5RUcNen8ijML2hr-CK34iA==/com.zhiliaoapp.musically-mJQF11O4tv4fqMoaG1Py-A==/split_df_kids_mode.apk' with 1 weak references
08-10 16:39:56.300  2701  2795 W system_server: ApkAssets: Deleting an ApkAssets object '<empty> and /data/app/~~5RUcNen8ijML2hr-CK34iA==/com.zhiliaoapp.musically-mJQF11O4tv4fqMoaG1Py-A==/split_df_line.apk' with 1 weak references
08-10 16:39:56.300  2701  2795 W system_server: ApkAssets: Deleting an ApkAssets object '<empty> and /data/app/~~5RUcNen8ijML2hr-CK34iA==/com.zhiliaoapp.musically-mJQF11O4tv4fqMoaG1Py-A==/split_df_line_nonus.apk' with 1 weak references
08-10 16:39:56.300  2701  2795 W system_server: ApkAssets: Deleting an ApkAssets object '<empty> and /data/app/~~5RUcNen8ijML2hr-CK34iA==/com.zhiliaoapp.musically-mJQF11O4tv4fqMoaG1Py-A==/split_df_live_byte_link.apk' with 1 weak references
08-10 16:39:56.300  2701  2795 W system_server: ApkAssets: Deleting an ApkAssets object '<empty> and /data/app/~~5RUcNen8ijML2hr-CK34iA==/com.zhiliaoapp.musically-mJQF11O4tv4fqMoaG1Py-A==/split_df_live_byte_link.config.arm64_v8a.apk' with 1 weak references
08-10 16:39:56.300  2701  2795 W system_server: ApkAssets: Deleting an ApkAssets object '<empty> and /data/app/~~5RUcNen8ijML2hr-CK34iA==/com.zhiliaoapp.musically-mJQF11O4tv4fqMoaG1Py-A==/split_df_live_cast.apk' with 1 weak references
08-10 16:39:56.300  2701  2795 W system_server: ApkAssets: Deleting an ApkAssets object '<empty> and /data/app/~~5RUcNen8ijML2hr-CK34iA==/com.zhiliaoapp.musically-mJQF11O4tv4fqMoaG1Py-A==/split_df_live_cast.config.arm64_v8a.apk' with 1 weak references
08-10 16:39:56.300  2701  2795 W system_server: ApkAssets: Deleting an ApkAssets object '<empty> and /data/app/~~5RUcNen8ijML2hr-CK34iA==/com.zhiliaoapp.musically-mJQF11O4tv4fqMoaG1Py-A==/split_df_live_cast.config.en.apk' with 1 weak references
08-10 16:39:56.301  2701  2795 W system_server: ApkAssets: Deleting an ApkAssets object '<empty> and /data/app/~~5RUcNen8ijML2hr-CK34iA==/com.zhiliaoapp.musically-mJQF11O4tv4fqMoaG1Py-A==/split_df_live_cast.config.xxhdpi.apk' with 1 weak references
08-10 16:39:56.301  2701  2795 W system_server: ApkAssets: Deleting an ApkAssets object '<empty> and /data/app/~~5RUcNen8ijML2hr-CK34iA==/com.zhiliaoapp.musically-mJQF11O4tv4fqMoaG1Py-A==/split_df_live_cmaf.apk' with 1 weak references
08-10 16:39:56.301  2701  2795 W system_server: ApkAssets: Deleting an ApkAssets object '<empty> and /data/app/~~5RUcNen8ijML2hr-CK34iA==/com.zhiliaoapp.musically-mJQF11O4tv4fqMoaG1Py-A==/split_df_live_cmaf.config.arm64_v8a.apk' with 1 weak references
08-10 16:39:56.301  2701  2795 W system_server: ApkAssets: Deleting an ApkAssets object '<empty> and /data/app/~~5RUcNen8ijML2hr-CK34iA==/com.zhiliaoapp.musically-mJQF11O4tv4fqMoaG1Py-A==/split_df_live_p2p.apk' with 1 weak references
08-10 16:39:56.301  2701  2795 W system_server: ApkAssets: Deleting an ApkAssets object '<empty> and /data/app/~~5RUcNen8ijML2hr-CK34iA==/com.zhiliaoapp.musically-mJQF11O4tv4fqMoaG1Py-A==/split_df_live_p2p.config.arm64_v8a.apk' with 1 weak references
08-10 16:39:56.301  2701  2795 W system_server: ApkAssets: Deleting an ApkAssets object '<empty> and /data/app/~~5RUcNen8ijML2hr-CK34iA==/com.zhiliaoapp.musically-mJQF11O4tv4fqMoaG1Py-A==/split_df_live_quic.apk' with 1 weak references
08-10 16:39:56.301  2701  2795 W system_server: ApkAssets: Deleting an ApkAssets object '<empty> and /data/app/~~5RUcNen8ijML2hr-CK34iA==/com.zhiliaoapp.musically-mJQF11O4tv4fqMoaG1Py-A==/split_df_live_quic.config.arm64_v8a.apk' with 1 weak references
08-10 16:39:56.301  2701  2795 W system_server: ApkAssets: Deleting an ApkAssets object '<empty> and /data/app/~~5RUcNen8ijML2hr-CK34iA==/com.zhiliaoapp.musically-mJQF11O4tv4fqMoaG1Py-A==/split_df_live_rtmglobal.apk' with 1 weak references
08-10 16:39:56.301  2701  2795 W system_server: ApkAssets: Deleting an ApkAssets object '<empty> and /data/app/~~5RUcNen8ijML2hr-CK34iA==/com.zhiliaoapp.musically-mJQF11O4tv4fqMoaG1Py-A==/split_df_live_rtmglobal.config.arm64_v8a.apk' with 1 weak references
08-10 16:39:56.301  2701  2795 W system_server: ApkAssets: Deleting an ApkAssets object '<empty> and /data/app/~~5RUcNen8ijML2hr-CK34iA==/com.zhiliaoapp.musically-mJQF11O4tv4fqMoaG1Py-A==/split_df_location.apk' with 1 weak references
08-10 16:39:56.301  2701  2795 W system_server: ApkAssets: Deleting an ApkAssets object '<empty> and /data/app/~~5RUcNen8ijML2hr-CK34iA==/com.zhiliaoapp.musically-mJQF11O4tv4fqMoaG1Py-A==/split_df_location.config.arm64_v8a.apk' with 1 weak references
08-10 16:39:56.301  2701  2795 W system_server: ApkAssets: Deleting an ApkAssets object '<empty> and /data/app/~~5RUcNen8ijML2hr-CK34iA==/com.zhiliaoapp.musically-mJQF11O4tv4fqMoaG1Py-A==/split_df_music_dsp.apk' with 1 weak references
08-10 16:39:56.301  2701  2795 W system_server: ApkAssets: Deleting an ApkAssets object '<empty> and /data/app/~~5RUcNen8ijML2hr-CK34iA==/com.zhiliaoapp.musically-mJQF11O4tv4fqMoaG1Py-A==/split_df_oppo_hyperboost.apk' with 1 weak references
08-10 16:39:56.301  2701  2795 W system_server: ApkAssets: Deleting an ApkAssets object '<empty> and /data/app/~~5RUcNen8ijML2hr-CK34iA==/com.zhiliaoapp.musically-mJQF11O4tv4fqMoaG1Py-A==/split_df_oppo_push.apk' with 1 weak references
08-10 16:39:56.301  2701  2795 W system_server: ApkAssets: Deleting an ApkAssets object '<empty> and /data/app/~~5RUcNen8ijML2hr-CK34iA==/com.zhiliaoapp.musically-mJQF11O4tv4fqMoaG1Py-A==/split_df_pitaya.apk' with 1 weak references
08-10 16:39:56.301  2701  2795 W system_server: ApkAssets: Deleting an ApkAssets object '<empty> and /data/app/~~5RUcNen8ijML2hr-CK34iA==/com.zhiliaoapp.musically-mJQF11O4tv4fqMoaG1Py-A==/split_df_pitaya.config.arm64_v8a.apk' with 1 weak references
08-10 16:39:56.301  2701  2795 W system_server: ApkAssets: Deleting an ApkAssets object '<empty> and /data/app/~~5RUcNen8ijML2hr-CK34iA==/com.zhiliaoapp.musically-mJQF11O4tv4fqMoaG1Py-A==/split_df_player.apk' with 1 weak references
08-10 16:39:56.301  2701  2795 W system_server: ApkAssets: Deleting an ApkAssets object '<empty> and /data/app/~~5RUcNen8ijML2hr-CK34iA==/com.zhiliaoapp.musically-mJQF11O4tv4fqMoaG1Py-A==/split_df_player.config.arm64_v8a.apk' with 1 weak references
08-10 16:39:56.301  2701  2795 W system_server: ApkAssets: Deleting an ApkAssets object '<empty> and /data/app/~~5RUcNen8ijML2hr-CK34iA==/com.zhiliaoapp.musically-mJQF11O4tv4fqMoaG1Py-A==/split_df_search_adblock.apk' with 1 weak references
08-10 16:39:56.301  2701  2795 W system_server: ApkAssets: Deleting an ApkAssets object '<empty> and /data/app/~~5RUcNen8ijML2hr-CK34iA==/com.zhiliaoapp.musically-mJQF11O4tv4fqMoaG1Py-A==/split_df_ship.apk' with 1 weak references
08-10 16:39:56.301  2701  2795 W system_server: ApkAssets: Deleting an ApkAssets object '<empty> and /data/app/~~5RUcNen8ijML2hr-CK34iA==/com.zhiliaoapp.musically-mJQF11O4tv4fqMoaG1Py-A==/split_df_ship.config.arm64_v8a.apk' with 1 weak references
08-10 16:39:56.301  2701  2795 W system_server: ApkAssets: Deleting an ApkAssets object '<empty> and /data/app/~~5RUcNen8ijML2hr-CK34iA==/com.zhiliaoapp.musically-mJQF11O4tv4fqMoaG1Py-A==/split_df_ship.config.en.apk' with 1 weak references
08-10 16:39:56.302  2701  2795 W system_server: ApkAssets: Deleting an ApkAssets object '<empty> and /data/app/~~5RUcNen8ijML2hr-CK34iA==/com.zhiliaoapp.musically-mJQF11O4tv4fqMoaG1Py-A==/split_df_ship.config.xxhdpi.apk' with 1 weak references
08-10 16:39:56.302  2701  2795 W system_server: ApkAssets: Deleting an ApkAssets object '<empty> and /data/app/~~5RUcNen8ijML2hr-CK34iA==/com.zhiliaoapp.musically-mJQF11O4tv4fqMoaG1Py-A==/split_df_tiktok_font.apk' with 1 weak references
08-10 16:39:56.302  2701  2795 W system_server: ApkAssets: Deleting an ApkAssets object '<empty> and /data/app/~~5RUcNen8ijML2hr-CK34iA==/com.zhiliaoapp.musically-mJQF11O4tv4fqMoaG1Py-A==/split_df_transsion.apk' with 1 weak references
08-10 16:39:56.302  2701  2795 W system_server: ApkAssets: Deleting an ApkAssets object '<empty> and /data/app/~~5RUcNen8ijML2hr-CK34iA==/com.zhiliaoapp.musically-mJQF11O4tv4fqMoaG1Py-A==/split_df_vmsdk.apk' with 1 weak references
08-10 16:39:56.302  2701  2795 W system_server: ApkAssets: Deleting an ApkAssets object '<empty> and /data/app/~~5RUcNen8ijML2hr-CK34iA==/com.zhiliaoapp.musically-mJQF11O4tv4fqMoaG1Py-A==/split_df_vmsdk.config.arm64_v8a.apk' with 1 weak references
08-10 16:39:56.302  1415  1570 D SDM     : HWDeviceDRM::SetupConcurrentWriteback: Tear down the Concurrent Writeback topology
08-10 16:39:56.302  2701  2795 W system_server: ApkAssets: Deleting an ApkAssets object '<empty> and /data/app/~~Uxy27WsGTWow4fbnRRxy1w==/org.telegram.messenger-O_AOFRxv3nzYTaKPSejRJA==/base.apk' with 1 weak references
08-10 16:39:56.302  2701  2795 W system_server: ApkAssets: Deleting an ApkAssets object '<empty> and /data/app/~~Uxy27WsGTWow4fbnRRxy1w==/org.telegram.messenger-O_AOFRxv3nzYTaKPSejRJA==/split_config.arm64_v8a.apk' with 1 weak references
08-10 16:39:56.302  2701  2795 W system_server: ApkAssets: Deleting an ApkAssets object '<empty> and /data/app/~~Uxy27WsGTWow4fbnRRxy1w==/org.telegram.messenger-O_AOFRxv3nzYTaKPSejRJA==/split_config.en.apk' with 1 weak references
08-10 16:39:56.302  2701  2795 W system_server: ApkAssets: Deleting an ApkAssets object '<empty> and /data/app/~~Uxy27WsGTWow4fbnRRxy1w==/org.telegram.messenger-O_AOFRxv3nzYTaKPSejRJA==/split_config.xxhdpi.apk' with 1 weak references
08-10 16:39:56.302  2701  2795 W system_server: ApkAssets: Deleting an ApkAssets object '<empty> and /data/app/~~s_szR-pCrihvxx1um9WvCA==/com.google.android.apps.docs-WkW4yvNcDwm_XwtWt3hpUg==/base.apk' with 1 weak references
08-10 16:39:56.303  2701  2795 W system_server: ApkAssets: Deleting an ApkAssets object '<empty> and /data/app/~~s_szR-pCrihvxx1um9WvCA==/com.google.android.apps.docs-WkW4yvNcDwm_XwtWt3hpUg==/split_config.arm64_v8a.apk' with 1 weak references
08-10 16:39:56.303  2701  2795 W system_server: ApkAssets: Deleting an ApkAssets object '<empty> and /data/app/~~s_szR-pCrihvxx1um9WvCA==/com.google.android.apps.docs-WkW4yvNcDwm_XwtWt3hpUg==/split_config.en.apk' with 1 weak references
08-10 16:39:56.303  2701  2795 W system_server: ApkAssets: Deleting an ApkAssets object '<empty> and /data/app/~~s_szR-pCrihvxx1um9WvCA==/com.google.android.apps.docs-WkW4yvNcDwm_XwtWt3hpUg==/split_config.xxhdpi.apk' with 1 weak references
08-10 16:39:56.303  2701  2795 W system_server: ApkAssets: Deleting an ApkAssets object '<empty> and /product/app/GoogleCalendarSyncAdapter/GoogleCalendarSyncAdapter.apk' with 1 weak references
08-10 16:39:56.304  2701  2795 W system_server: ApkAssets: Deleting an ApkAssets object '<empty> and /data/app/~~NeMmYYgKshN9Qy8nmwjjNg==/com.mi.globalbrowser-ZjwhJ2NKjaAS_yoGv-oJKQ==/base.apk' with 1 weak references
08-10 16:39:56.304  2701  2795 W system_server: ApkAssets: Deleting an ApkAssets object '<empty> and /data/app/~~_bmNZRsvsjXt85hhTtoXsQ==/com.miui.gallery-DRbpuiFq5Rh-SgkWSjAAXA==/base.apk' with 1 weak references
08-10 16:39:56.305  2701  2795 W system_server: ApkAssets: Deleting an ApkAssets object '<empty> and /product/app/MIUIMiCloudSync/MIUIMiCloudSync.apk' with 1 weak references
08-10 16:39:56.305  2701  2795 W system_server: ApkAssets: Deleting an ApkAssets object '<empty> and /product/app/MIUIFrequentPhrase/MIUIFrequentPhrase.apk' with 1 weak references
08-10 16:39:56.306  2701  2795 W system_server: ApkAssets: Deleting an ApkAssets object '<empty> and /system_ext/app/BluetoothExtension/BluetoothExtension.apk' with 1 weak references
08-10 16:39:56.306  2701  2795 W system_server: ApkAssets: Deleting an ApkAssets object '/product/overlay/MiuiBtRRODeviceConfigOverlay.apk' with 1 weak references
08-10 16:39:56.306  2701  2795 W system_server: ApkAssets: Deleting an ApkAssets object '<empty> and /data/app/~~EPRhryE4FWVWSQjIXRzv6w==/com.android.soundrecorder-Bm5EyDu1IZTl41FSyhscfg==/base.apk' with 1 weak references
08-10 16:39:56.307  2701  2795 W system_server: ApkAssets: Deleting an ApkAssets object '<empty> and /data/app/~~-SWe02aCIQOoOZPO60fDQQ==/com.google.android.apps.docs.editors.docs-l0ahENpDWpAddpaljRpqXQ==/base.apk' with 1 weak references
08-10 16:39:56.307  2701  2795 W system_server: ApkAssets: Deleting an ApkAssets object '<empty> and /data/app/~~-SWe02aCIQOoOZPO60fDQQ==/com.google.android.apps.docs.editors.docs-l0ahENpDWpAddpaljRpqXQ==/split_config.arm64_v8a.apk' with 1 weak references
08-10 16:39:56.307  2701  2795 W system_server: ApkAssets: Deleting an ApkAssets object '<empty> and /data/app/~~-SWe02aCIQOoOZPO60fDQQ==/com.google.android.apps.docs.editors.docs-l0ahENpDWpAddpaljRpqXQ==/split_config.en.apk' with 1 weak references
08-10 16:39:56.307  2701  2795 W system_server: ApkAssets: Deleting an ApkAssets object '<empty> and /data/app/~~-SWe02aCIQOoOZPO60fDQQ==/com.google.android.apps.docs.editors.docs-l0ahENpDWpAddpaljRpqXQ==/split_config.xxhdpi.apk' with 1 weak references
08-10 16:39:56.307  2701  2795 W system_server: ApkAssets: Deleting an ApkAssets object '<empty> and /data/app/~~B-CNVPCHGSZlV4u4cFno7Q==/com.google.android.apps.docs.editors.sheets-f_6tLaNPbO7WWX6_DES3ig==/base.apk' with 1 weak references
08-10 16:39:56.308  2701  2795 W system_server: ApkAssets: Deleting an ApkAssets object '<empty> and /data/app/~~B-CNVPCHGSZlV4u4cFno7Q==/com.google.android.apps.docs.editors.sheets-f_6tLaNPbO7WWX6_DES3ig==/split_config.arm64_v8a.apk' with 1 weak references
08-10 16:39:56.308  2701  2795 W system_server: ApkAssets: Deleting an ApkAssets object '<empty> and /data/app/~~B-CNVPCHGSZlV4u4cFno7Q==/com.google.android.apps.docs.editors.sheets-f_6tLaNPbO7WWX6_DES3ig==/split_config.en.apk' with 1 weak references
08-10 16:39:56.308  2701  2795 W system_server: ApkAssets: Deleting an ApkAssets object '<empty> and /data/app/~~B-CNVPCHGSZlV4u4cFno7Q==/com.google.android.apps.docs.editors.sheets-f_6tLaNPbO7WWX6_DES3ig==/split_config.xxhdpi.apk' with 1 weak references
08-10 16:39:56.308  2701  2795 W system_server: ApkAssets: Deleting an ApkAssets object '<empty> and /data/app/~~h8elcPGw8YTtiQKEZdfq7A==/com.google.android.apps.tasks-tU9sga6Td1jZhKg5la3XfQ==/base.apk' with 1 weak references
08-10 16:39:56.308  2701  2795 W system_server: ApkAssets: Deleting an ApkAssets object '<empty> and /data/app/~~h8elcPGw8YTtiQKEZdfq7A==/com.google.android.apps.tasks-tU9sga6Td1jZhKg5la3XfQ==/split_config.en.apk' with 1 weak references
08-10 16:39:56.309  2701  2795 W system_server: ApkAssets: Deleting an ApkAssets object '<empty> and /data/app/~~h8elcPGw8YTtiQKEZdfq7A==/com.google.android.apps.tasks-tU9sga6Td1jZhKg5la3XfQ==/split_config.xxhdpi.apk' with 1 weak references
08-10 16:39:56.309  2701  2795 W system_server: ApkAssets: Deleting an ApkAssets object '<empty> and /data/app/~~GOOI0epWHQumiD1eL0hjYg==/com.google.android.keep-KsUP08-WvvYgO0sgvAqM8w==/base.apk' with 1 weak references
08-10 16:39:56.309  2701  2795 W system_server: ApkAssets: Deleting an ApkAssets object '<empty> and /data/app/~~GOOI0epWHQumiD1eL0hjYg==/com.google.android.keep-KsUP08-WvvYgO0sgvAqM8w==/split_config.arm64_v8a.apk' with 1 weak references
08-10 16:39:56.309  2701  2795 W system_server: ApkAssets: Deleting an ApkAssets object '<empty> and /data/app/~~GOOI0epWHQumiD1eL0hjYg==/com.google.android.keep-KsUP08-WvvYgO0sgvAqM8w==/split_config.en.apk' with 1 weak references
08-10 16:39:56.309  2701  2795 W system_server: ApkAssets: Deleting an ApkAssets object '<empty> and /data/app/~~GOOI0epWHQumiD1eL0hjYg==/com.google.android.keep-KsUP08-WvvYgO0sgvAqM8w==/split_config.xxhdpi.apk' with 1 weak references
08-10 16:39:56.309  2701  2795 W system_server: ApkAssets: Deleting an ApkAssets object '<empty> and /data/app/~~JN5G5ACwpdd8u4DmsKVtEg==/com.miui.notes-yCOaWEf99sgR9fioZ7ewgA==/base.apk' with 1 weak references
08-10 16:39:56.312  1415  3562 D SDM     : HWCSession::NotifyCWBStatus: Notify the client about buffer status 0.
08-10 16:39:56.313  1415  3562 D SDM     : HWCSession::PerformFenceWaits: Remove current release fence from the pending fence wait queue.
08-10 16:39:56.313  1415  3562 D SDM     : HWCSession::PerformFenceWaits: CWB fence queue is empty. No pending release fence to wait on.
08-10 16:39:56.313  2234  3555 D libsensor-parseRGB: the value of RGB [768.713909 768.713909 768.713909 649.311006 649.311006 649.311006 1913.608207 1913.608207 1913.608207 165.064996 165.064996 165.064996]
08-10 16:39:56.325  5421  5421 D ScrollerOptimizationManager: registerConfigChangedListener
08-10 16:39:56.345  5421  5421 D ScrollerOptimizationManager: registerConfigChangedListener
08-10 16:39:56.356  4486  4486 D ArtChoreographerMonitor: invoke error.
08-10 16:39:56.356  4486  4486 D ControlCenterHeaderExpandController: onExpansionChanged: progress =  0.0
08-10 16:39:56.359  4486  4486 D ControlCenterHeaderExpandController: onExpansionChanged: progress =  0.0
08-10 16:39:56.364  4486  4486 D ControlCenterHeaderExpandController: onExpansionChanged: progress =  0.0
08-10 16:39:56.367  2234  3560 I libsensor-displayalgo: the value of channelCali C:281.207326,R:144.996911,G:109.679625,B:63.289005,scales C:0.909244,R:0.954885,G:0.875467,B:0.808810, hsv: -1.000000, ScreenId: 1
08-10 16:39:56.367  2234  3560 E libsensor-displayalgo: value of coefs 5,850.073000,4.965174,-2.685090,1.640057,-4.685160, line 101
08-10 16:39:56.367  2234  3560 D libsensor-displayalgo: brightness:556.000000,R:768.713909,G:768.713909,B:768.713909,EVENT C:2335.079346,R:1155.039185,G:1105.037476,B:605.020569, lux: 100.596306
08-10 16:39:56.370  4275  4388 E Tethering: [api31.BpfCoordinatorShimImpl] ERROR Could not insert entry (iif: 35, dstMac: 3e:57:b5:b8:02:55, l4proto: 6, src4: /192.168.239.70, dst4: /13.107.246.63, srcPort: 42384, dstPort: 443, oif: 20, ethDstMac: 00:00:00:00:00:00, ethSrcMac: 00:00:00:00:00:00, ethProto: 2048, pmtu: 1500, src46: /10.150.168.209, dst46: /13.107.246.63, srcPort: 42384, dstPort: 443, lastUsed: 0): android.system.ErrnoException: nativeWriteToMapEntry failed: E2BIG (Argument list too long)
08-10 16:39:56.371  4275  4388 E Tethering: [api31.BpfCoordinatorShimImpl] ERROR Could not insert entry (iif: 20, dstMac: 00:00:00:00:00:00, l4proto: 6, src4: /13.107.246.63, dst4: /10.150.168.209, srcPort: 443, dstPort: 42384, oif: 35, ethDstMac: 58:1c:f8:fb:e7:f8, ethSrcMac: 3e:57:b5:b8:02:55, ethProto: 2048, pmtu: 1500, src46: /13.107.246.63, dst46: /192.168.239.70, srcPort: 443, dstPort: 42384, lastUsed: 0): android.system.ErrnoException: nativeWriteToMapEntry failed: E2BIG (Argument list too long)
08-10 16:39:56.377  5421  5421 W ple.simplertask: Accessing hidden method Landroid/view/ViewGroup;->makeOptionalFitsSystemWindows()V (unsupported, reflection, allowed)
08-10 16:39:56.386  5421  5421 W MessageMonitor: PerfMonitor: Slow Operation: Activity com.example.simplertask/.MainActivity onCreate took 715ms
08-10 16:39:56.398  5421  5421 D SecurityManager: checkAccessControl flag0
08-10 16:39:56.411  5421  5421 D FramePredict: init success
08-10 16:39:56.412  2701  4730 W ActivityManager: Permission Denial: getCurrentUser() from pid=5421, uid=10488 requires android.permission.INTERACT_ACROSS_USERS
08-10 16:39:56.413  5421  9932 E FramePredict: registerContentObserver fail
08-10 16:39:56.415  5421  5421 W HWUI    : Unknown dataspace 0
08-10 16:39:56.425  5421  5421 I ForceDarkHelperStubImpl: setViewRootImplForceDark: false for com.example.simplertask.MainActivity@da25b9a, reason: AppDarkModeEnable
08-10 16:39:56.436  4486  4609 D MiuiFreeformModeCornerTipHandler: task#18832 onTaskVanished
08-10 16:39:56.436  4486  4609 I MiuiBubbleController: removeBubble: 18832 reason=2
08-10 16:39:56.436  4486  4609 I MultiTaskingTaskRepository: onTaskInfoChanged multi list = [5, 4], full = [18832, 18280, 18818, 18792, 18789, 18788, 18784, 18783, 18781, 18770, 18779, 18769, 18765, 18761, 18711]
08-10 16:39:56.440  4083  4083 D RecentsImpl: mActivityStateObserver com.example.simplertask.MainActivity
08-10 16:39:56.440  4083  4083 W RecentsImpl: onResumed className=com.example.simplertask.MainActivity   forceUpdate=false   mIsInAnotherPro=false   isKeyguardLocked=false   mIsStatusBarExpansion=false   mSecuritySpaceGuideShown=false
08-10 16:39:56.440  5421  5421 W Looper  : PerfMonitor looperActivity : package=com.example.simplertask/.MainActivity time=0ms latency=865ms running=0ms  procState=-1  historyMsgCount=2 (msgIndex=2 wall=865ms seq=6 running=781ms runnable=42ms h=android.app.ActivityThread$H w=159)
08-10 16:39:56.440  4083  4083 D RecentsImpl: showNavStubView
08-10 16:39:56.440  4083  4682 W RecentsImpl: disableTouchBySwipeStatusBar    disable=false
08-10 16:39:56.440  4083  4083 D NavStubView_Touch: setKeepHidden    old=false   new=false
08-10 16:39:56.440  4083  4682 D GestureStubView_Left: disableTouchBySwipeStatusBar    old=false   new=false
08-10 16:39:56.440  4083  4682 D GestureStubView_Right: disableTouchBySwipeStatusBar    old=false   new=false
08-10 16:39:56.440  4083  4682 W RecentsImpl: disableBackStubWindow    disableTouch=false
08-10 16:39:56.440  4083  4682 D GestureStubView_Left: disableTouch    old=false   new=false
08-10 16:39:56.440  4083  4682 D GestureStubView_Right: disableTouch    old=false   new=false
08-10 16:39:56.440  4083  4682 D RecentsImpl: showBackStubWindow  hasNavigationBar=true
08-10 16:39:56.441  4083  4682 D GestureStubView_Left: setKeepHidden    old=false   new=false
08-10 16:39:56.441  4083  4682 W GestureStubView_Left: adaptRotation   currentRotation=0   mRotation=0
08-10 16:39:56.441  4083  4682 D GestureStubView_Left: resetRenderProperty: showGestureStub   isLayoutParamChanged=false
08-10 16:39:56.441  4083  4682 D GestureStubView_Left: disableTouch    old=false   new=false
08-10 16:39:56.441  4083  4682 D GestureStubView_Left: showGestureStub
08-10 16:39:56.441  4083  4682 D GestureStubView_Right: setKeepHidden    old=false   new=false
08-10 16:39:56.441  4083  4682 W GestureStubView_Right: adaptRotation   currentRotation=0   mRotation=0
08-10 16:39:56.441  4083  4682 D GestureStubView_Right: resetRenderProperty: showGestureStub   isLayoutParamChanged=false
08-10 16:39:56.441  4083  4682 D GestureStubView_Right: disableTouch    old=false   new=false
08-10 16:39:56.441  4083  4682 D GestureStubView_Right: showGestureStub
08-10 16:39:56.447  4083  4682 D GestureStubView_Left: gatherTransparentRegion: need render w:62  h:1627
08-10 16:39:56.448  4083  4682 D GestureStubView_Right: gatherTransparentRegion: need render w:62  h:1627
08-10 16:39:56.478  2701  4730 D CoreBackPreview: Window{6611b77 u0 com.example.simplertask/com.example.simplertask.MainActivity}: Setting back callback OnBackInvokedCallbackInfo{mCallback=android.window.IOnBackInvokedCallback$Stub$Proxy@641f813, mPriority=0, mIsAnimationCallback=false}
08-10 16:39:56.481  2701  3746 E HyperSentinel: -------------------------------------------------------
08-10 16:39:56.481  2701  3746 E HyperSentinel: Event_ThreadAmount
08-10 16:39:56.481  2701  3746 E HyperSentinel: -> audit event by proc 5421 "usap64": running threads amount, 12 -> 23
08-10 16:39:56.508  4083  4753 D TaskStackChangeListeners: onTaskDescriptionChanged =  taskId = 18832
08-10 16:39:56.510  2701  4730 D WindowManager:  applyPostLayoutPolicyLw modify AppearanceRegion  win = Window{548a306 u0 Splash Screen com.example.simplertask} appearance = 0 win.getFrame() = Rect(0, 0 - 1220, 2712)
08-10 16:39:56.512  4486  4609 D MiuiFreeformModeCornerTipHandler: task#18832 onTaskVanished
08-10 16:39:56.512  2701  4730 I whetstone.activity: Power Event callback listener is empty for resId=32
08-10 16:39:56.512  2701  4730 D BatteryStatsManagerStub: notifyEvent for resId=32 used 0ms
08-10 16:39:56.512  4486  4609 I MiuiBubbleController: removeBubble: 18832 reason=2
08-10 16:39:56.512  4486  4609 I MultiTaskingTaskRepository: onTaskInfoChanged multi list = [5, 4], full = [18832, 18280, 18818, 18792, 18789, 18788, 18784, 18783, 18781, 18770, 18779, 18769, 18765, 18761, 18711]
08-10 16:39:56.514  2701  4730 D WindowManager: wms.Input focus has changed to Window{6611b77 u0 com.example.simplertask/com.example.simplertask.MainActivity} display=0 updateInputWindows = true
08-10 16:39:56.514  2701  4730 I MultiSenceManagerInternalStub: getInstance
08-10 16:39:56.524  5421  5421 W libc    : Access denied finding property "vendor.display.enable_optimal_refresh_rate"
08-10 16:39:56.521  5421  5421 W ple.simplertask: type=1400 audit(0.0:271983): avc:  denied  { read } for  name="u:object_r:vendor_display_prop:s0" dev="tmpfs" ino=460 scontext=u:r:untrusted_app:s0:c232,c257,c512,c768 tcontext=u:object_r:vendor_display_prop:s0 tclass=file permissive=0 app=com.example.simplertask
08-10 16:39:56.524  5421  5421 W libc    : Access denied finding property "vendor.gpp.create_frc_extension"
08-10 16:39:56.527  1590  4754 D MI-SF   : debug.config.media.video.dolby_vision_suports == true
08-10 16:39:56.527  1590  4754 D MI-SF   : debug.config.media.video.dolby_vision_suports == true
08-10 16:39:56.527  1590  4754 D MI-SF   : debug.config.media.video.dolby_vision_suports == true
08-10 16:39:56.527  1590  4754 D MI-SF   : debug.config.media.video.dolby_vision_suports == true
08-10 16:39:56.531  4486  4486 D ArtChoreographerMonitor: invoke error.
08-10 16:39:56.552  5421  5421 W RecyclerView: No adapter attached; skipping layout
08-10 16:39:56.585  1415  2011 I vendor.qti.hardware.display.composer-service: FrameNotifyProcess Sensor: notify citsensorservice to trigger cwb
08-10 16:39:56.585  2234  3576 I libcitsensorservice@2.0-impl: msg_transfer
08-10 16:39:56.586  2234  3554 I libsensor-parseRGB: request dump start
08-10 16:39:56.586  2234  3554 D vendor.xiaomi.sensor.citsensorservice@2.0-service: handle id:11 wxh:1280x2712 uwxuh:1220x2712 size: 10416128 fd:15 fd_meta:16 flags:0x4000228 usage:0x33  format:0x3 layer_count: 1 reserved_size = 0
08-10 16:39:56.586  1415  1877 D SDM     : HWCSession::SetCWBOutputBuffer: CWB config passed by cwb_client : tappoint 1  CWB_ROI : (817.000000 7.000000 978.000000 128.000000)
08-10 16:39:56.589  1415  3561 D SDM     : HWCSession::ProcessRequests: Successfully configured CWB buffer.
08-10 16:39:56.597  1415  3561 D SDM     : HWCSession::ProcessRequests: Pushing release fence in fenece wait queue.
08-10 16:39:56.597  1415  3561 D SDM     : HWCSession::ProcessRequests: Creating AsyncFenceWaits async thread.
08-10 16:39:56.597  1415  3561 D SDM     : HWCSession::ProcessRequests: Remove current CWB request from the pending request queue.
08-10 16:39:56.598  1415  3561 D SDM     : HWCSession::ProcessRequests: No pending cwb requests found in the queue.
08-10 16:39:56.602  1415  1570 D SDM     : HWDeviceDRM::SetupConcurrentWriteback: Tear down the Concurrent Writeback topology
08-10 16:39:56.605  5421  5421 D VRI[MainActivity]: vri.reportNextDraw android.view.ViewRootImpl.performTraversals:4961 android.view.ViewRootImpl.doTraversal:3560 android.view.ViewRootImpl$TraversalRunnable.run:11584 android.view.Choreographer$CallbackRecord.run:1747 android.view.Choreographer$CallbackRecord.run:1756 
08-10 16:39:56.613  1415  3562 D SDM     : HWCSession::NotifyCWBStatus: Notify the client about buffer status 0.
08-10 16:39:56.613  1415  3562 D SDM     : HWCSession::PerformFenceWaits: Remove current release fence from the pending fence wait queue.
08-10 16:39:56.613  1415  3562 D SDM     : HWCSession::PerformFenceWaits: CWB fence queue is empty. No pending release fence to wait on.
08-10 16:39:56.614  2234  3555 D libsensor-parseRGB: the value of RGB [768.713909 768.713909 768.713909 649.311006 649.311006 649.311006 1913.608207 1913.608207 1913.608207 165.064996 165.064996 165.064996]
08-10 16:39:56.614  5421  5421 D VRI[MainActivity]: vri.Setup new sync=wmsSync-VRI[MainActivity]#0
08-10 16:39:56.616  5421  5421 D UserSceneDetector: invoke error.
08-10 16:39:56.667  2234  3560 I libsensor-displayalgo: the value of channelCali C:281.207326,R:144.996911,G:109.679625,B:63.289005,scales C:0.909244,R:0.954885,G:0.875467,B:0.808810, hsv: -1.000000, ScreenId: 1
08-10 16:39:56.667  2234  3560 E libsensor-displayalgo: value of coefs 5,850.073000,4.965174,-2.685090,1.640057,-4.685160, line 101
08-10 16:39:56.667  2234  3560 D libsensor-displayalgo: brightness:556.000000,R:768.713909,G:768.713909,B:768.713909,EVENT C:2335.079346,R:1152.539185,G:1100.037354,B:605.020569, lux: 100.583534
08-10 16:39:56.678  5421  9922 D ple.simplertask: MiuiProcessManagerServiceStub setSchedFifo
08-10 16:39:56.678  5421  9922 I MiuiProcessManagerImpl: setSchedFifo pid:5421, mode:3
08-10 16:39:56.678  2701  4730 D ProcessManager: beginSchedThreads is not Enabled
08-10 16:39:56.696  5421  9922 E LB      : fail to open node: No such file or directory
08-10 16:39:56.693  5421  5421 W RenderThread: type=1400 audit(0.0:271984): avc:  denied  { getattr } for  path="/sys/module/metis/parameters/minor_window_app" dev="sysfs" ino=61709 scontext=u:r:untrusted_app:s0:c232,c257,c512,c768 tcontext=u:object_r:sysfs_migt:s0 tclass=file permissive=0 app=com.example.simplertask
08-10 16:39:56.698  5421  5421 D VRI[MainActivity]: vri.reportDrawFinished
08-10 16:39:56.699  2701  4730 D WindowManager: wms.finishDrawingLocked: mDrawState=COMMIT_DRAW_PENDING Window{6611b77 u0 com.example.simplertask/com.example.simplertask.MainActivity} in Surface(name=com.example.simplertask/com.example.simplertask.MainActivity#55189)/@0x55e9a50
08-10 16:39:56.699  2701  2820 D WindowManager:  applyPostLayoutPolicyLw modify AppearanceRegion  win = Window{548a306 u0 Splash Screen com.example.simplertask} appearance = 0 win.getFrame() = Rect(0, 0 - 1220, 2712)
08-10 16:39:56.700  2701  2820 V WindowManager: Finish starting ActivityRecord{2e00c7e u0 com.example.simplertask/.MainActivity t18832}: first real window is shown, no animation
08-10 16:39:56.700  2701  2820 I WindowManager: onFirstWindowDrawn, try to remove startingWindow. this = ActivityRecord{2e00c7e u0 com.example.simplertask/.MainActivity t18832} associatedTask = null isMainWindow = true mStartingWindow = Window{548a306 u0 Splash Screen com.example.simplertask} mStartingData = SplashScreenStartingData{7c0f448 waitForSyncTransactionCommit=false removeAfterTransaction= 0}
08-10 16:39:56.700  2701  2820 V WindowManager: Schedule remove starting ActivityRecord{2e00c7e u0 com.example.simplertask/.MainActivity t18832} startingWindow=Window{548a306 u0 Splash Screen com.example.simplertask} animate=true Callers=com.android.server.wm.ActivityRecord.removeStartingWindow:3661 com.android.server.wm.ActivityRecord.onFirstWindowDrawn:8388 com.android.server.wm.WindowState.performShowLocked:4962 com.android.server.wm.WindowStateAnimator.commitFinishDrawingLocked:279 com.android.server.wm.DisplayContent.lambda$new$8:1150 
08-10 16:39:56.701  5421  5421 D UserSceneDetector: invoke error.
08-10 16:39:56.701  2701  2820 D TaskSnapshot_Helper: shouldDelay()... Not launched by home, no delay needed.
08-10 16:39:56.702  2701  2820 I ATMSImpl: No snapshot since not start by launcher, activity=com.example.simplertask/.MainActivity
08-10 16:39:56.703  4486  4685 V ShellStartingWindow: Task start finish, remove starting surface for task: 18832
08-10 16:39:56.704  2701  2805 W ziparchive: Unable to open '/data/app/~~j5CcFoD6DSyUwpEMvwsurQ==/com.example.simplertask-y8teRO3h19oioa7msWdlEw==/base.dm': No such file or directory
08-10 16:39:56.705  2701  2820 D WindowManager:  applyPostLayoutPolicyLw modify AppearanceRegion  win = Window{548a306 u0 Splash Screen com.example.simplertask} appearance = 0 win.getFrame() = Rect(0, 0 - 1220, 2712)
08-10 16:39:56.707  2701  2820 I WindowManager: wms.showSurfaceRobustly mWin:Window{6611b77 u0 com.example.simplertask/com.example.simplertask.MainActivity}
08-10 16:39:56.710  4486  4685 W WindowOnBackDispatcher: sendCancelIfRunning: isInProgress=false callback=android.view.ViewRootImpl$$ExternalSyntheticLambda12@45a80e5
